02-26 13:00:12.736  2246  2246 I Telephony: TelephonyConnectionService: onCreateIncomingConnection, request: ConnectionRequest xxxxxxxxxxxxxxx ***: (SBC.oSC)->CS.crCo->H.CS.crCo->H.CS.crCo.pICR@E-H4k
02-26 13:00:12.788  2246  2246 I Telephony: TelephonyConnectionService: notifyCreateConnectionComplete TC@12_1: (...->CSW.hCCC)->CS.crCoC->H.CS.crCoC@E-E-E-H4k
02-26 13:00:12.811  1562 17784 I chatty  : uid=1000 system_server expire 1 line
02-26 13:00:12.913  1562  1604 I chatty  : uid=1000(system) ActivityManager expire 6 lines
02-26 13:00:12.920  1562  1602 I chatty  : uid=1000(system) ActivityManager expire 28 lines
02-26 13:00:12.921  1562  1562 I chatty  : uid=1000 system_server expire 25 lines
02-26 13:00:12.922  1562  2431 I chatty  : uid=1000(system) CallAudioModeSt expire 12 lines
02-26 13:00:12.925  1562  2426 I chatty  : uid=1000(system) uteStateMachine expire 32 lines
02-26 13:00:13.014  1562 17786 I chatty  : uid=1000 system_server expire 2 lines
02-26 13:00:13.036  1562  8271 I chatty  : uid=1000(system) Binder:1562_16 expire 32 lines
02-26 13:00:13.065  1562 15900 I chatty  : uid=1000(system) Binder:1562_20 expire 3 lines
02-26 13:00:13.209  1562 17857 I chatty  : uid=1000 system_server expire 3 lines
02-26 13:00:13.731  1562 13463 I chatty  : uid=1000(system) Binder:1562_1F expire 3 lines
02-26 13:00:13.809  1562  3606 I chatty  : uid=1000(system) Binder:1562_F expire 3 lines
02-26 13:00:14.219  1562  1613 I chatty  : uid=1000(system) PowerManagerSer expire 6 lines
02-26 13:00:14.316  1562  1610 I chatty  : uid=1000(system) android.display expire 4 lines
02-26 13:00:14.398  1562  1587 I chatty  : uid=1000(system) Binder:1562_2 expire 1 line
02-26 13:00:15.109  1562  1603 I chatty  : uid=1000(system) android.ui expire 8 lines
02-26 13:00:16.540  1562  1985 I chatty  : uid=1000(system) InputReader expire 4 lines
02-26 13:00:17.476  1562  3603 I chatty  : uid=1000(system) Binder:1562_C expire 2 lines
02-26 13:00:19.157  1562  2279 I chatty  : uid=1000(system) Binder:1562_5 expire 29 lines
02-26 13:00:19.207  1562 11193 I chatty  : uid=1000(system) Binder:1562_1C expire 1 line
02-26 13:00:19.269  1562 10324 I chatty  : uid=1000(system) Binder:1562_1A expire 1 line
02-26 13:01:07.102  1168  1392 E storaged: getDiskStats failed with result NOT_SUPPORTED and size 0
02-26 13:01:11.777  1562  3608 I chatty  : uid=1000(system) Binder:1562_11 expire 2 lines
02-26 13:01:12.590  1562  5347 I chatty  : uid=1000(system) Binder:1562_13 expire 1 line
02-26 13:01:12.601  1562  1602 I chatty  : uid=1000(system) ActivityManager expire 18 lines
02-26 13:01:12.604  1562  1562 I chatty  : uid=1000 system_server expire 4 lines
02-26 13:01:15.673   620   620 I tad     : MiscTA Unit 2602: 
02-26 13:01:15.673   620   620 I tad     : WRITTEN (Size 4)
02-26 13:01:15.685   620   620 I tad     : Actual erase/write to flash done (count 12, time 1582689675).
02-26 13:01:15.685   620   620 I tad     : MiscTA: Write of unit 2602 completed - OK
02-26 13:01:15.696  2246 17783 I Telephony: : onDisconnect: callId=TC@12_1, cause=NORMAL
02-26 13:01:15.769  1562  2426 I chatty  : uid=1000(system) uteStateMachine expire 6 lines
02-26 13:01:15.769  1562  2431 I chatty  : uid=1000(system) CallAudioModeSt expire 4 lines
02-26 13:01:15.778  1562  2424 I chatty  : uid=1000(system) BluetoothRouteM expire 1 line
02-26 13:01:16.293  1562  6582 I chatty  : uid=1000(system) Binder:1562_14 expire 10 lines
02-26 13:01:19.856  1562  2431 I chatty  : uid=1000(system) CallAudioModeSt expire 2 lines
02-26 13:01:20.163  1562  2426 I chatty  : uid=1000(system) uteStateMachine expire 6 lines
02-26 13:02:07.104  1168  1392 E storaged: getDiskStats failed with result NOT_SUPPORTED and size 0
02-26 13:02:11.496  1562  1604 I chatty  : uid=1000(system) ActivityManager expire 11 lines
02-26 13:02:11.709  1562  1586 I chatty  : uid=1000(system) Binder:1562_1 expire 4 lines
02-26 13:02:11.947  1562  8027 I chatty  : uid=1000(system) Binder:1562_15 expire 1 line
02-26 13:02:12.003  1562  1562 I chatty  : uid=1000 system_server expire 13 lines
02-26 13:02:12.668  1562  3608 I chatty  : uid=1000(system) Binder:1562_11 expire 2 lines
02-26 13:02:12.953  1562  8271 I chatty  : uid=1000(system) Binder:1562_16 expire 3 lines
02-26 13:02:13.072  1562  2503 I chatty  : uid=1000(system) Binder:1562_7 expire 3 lines
02-26 13:02:15.371  1562 11193 I chatty  : uid=1000(system) Binder:1562_1C expire 3 lines
02-26 13:03:07.106  1168  1392 E storaged: getDiskStats failed with result NOT_SUPPORTED and size 0
02-26 13:04:07.111  1168  1392 E storaged: getDiskStats failed with result NOT_SUPPORTED and size 0
02-26 13:04:50.491  1562  1601 I chatty  : uid=1000(system) android.bg expire 6 lines
02-26 13:05:07.113  1168  1392 E storaged: getDiskStats failed with result NOT_SUPPORTED and size 0
02-26 13:06:07.115  1168  1392 E storaged: getDiskStats failed with result NOT_SUPPORTED and size 0
02-26 13:06:15.366  1562 15900 I chatty  : uid=1000(system) Binder:1562_20 expire 3 lines
02-26 13:06:46.324  1562 10862 I chatty  : uid=1000(system) Binder:1562_1B expire 6 lines
02-26 13:07:07.116  1168  1392 E storaged: getDiskStats failed with result NOT_SUPPORTED and size 0
02-26 13:07:11.944  1562  1604 I chatty  : uid=1000(system) ActivityManager expire 12 lines
02-26 13:07:11.980  1562  8710 I chatty  : uid=1000(system) Binder:1562_19 expire 3 lines
02-26 13:07:12.155  1562 12614 I chatty  : uid=1000(system) Binder:1562_1E expire 2 lines
02-26 13:07:31.213  1562  1985 I chatty  : uid=1000(system) InputReader expire 3 lines
02-26 13:07:31.217  1562  1613 I chatty  : uid=1000(system) PowerManagerSer expire 6 lines
02-26 13:07:31.271  1562  1610 I chatty  : uid=1000(system) android.display expire 3 lines
02-26 13:08:07.118  1168  1392 E storaged: getDiskStats failed with result NOT_SUPPORTED and size 0
02-26 13:08:20.813  1562  1602 I chatty  : uid=1000(system) ActivityManager expire 10 lines
02-26 13:09:07.119  1168  1392 E storaged: getDiskStats failed with result NOT_SUPPORTED and size 0
02-26 13:10:07.121  1168  1392 E storaged: getDiskStats failed with result NOT_SUPPORTED and size 0
02-26 13:11:07.123  1168  1392 E storaged: getDiskStats failed with result NOT_SUPPORTED and size 0
02-26 13:11:46.689  1562  5347 I chatty  : uid=1000(system) Binder:1562_13 expire 2 lines
02-26 13:11:48.418  1562  2279 I chatty  : uid=1000(system) Binder:1562_5 expire 9 lines
02-26 13:11:48.749  1562 10324 I chatty  : uid=1000(system) Binder:1562_1A expire 1 line
02-26 13:11:49.916  1562  2653 I chatty  : uid=1000(system) Binder:1562_9 expire 3 lines
02-26 13:11:51.847 18985 19165 E ActivityThread: Failed to find provider info for com.facebook.mlite.sso.MessengerLoggedInUserProvider
02-26 13:11:52.402 19178 19205 E ActivityThread: Failed to find provider info for com.facebook.appmanager.nekodirect
02-26 13:12:00.058  1562  1562 I chatty  : uid=1000 system_server expire 10 lines
02-26 13:12:00.127  1562  2563 I chatty  : uid=1000(system) Binder:1562_8 expire 2 lines
02-26 13:12:00.186  1562  3603 I chatty  : uid=1000(system) Binder:1562_C expire 4 lines
02-26 13:12:00.259  1562  8471 I chatty  : uid=1000(system) Binder:1562_18 expire 1 line
02-26 13:12:07.124  1168  1392 E storaged: getDiskStats failed with result NOT_SUPPORTED and size 0
02-26 13:13:07.125  1168  1392 E storaged: getDiskStats failed with result NOT_SUPPORTED and size 0
02-26 13:14:07.128  1168  1392 E storaged: getDiskStats failed with result NOT_SUPPORTED and size 0
02-26 13:14:19.271  1562  1608 I chatty  : uid=1000(system) android.fg expire 1 line
02-26 13:15:07.129  1168  1392 E storaged: getDiskStats failed with result NOT_SUPPORTED and size 0
02-26 13:16:07.131  1168  1392 E storaged: getDiskStats failed with result NOT_SUPPORTED and size 0
02-26 13:17:07.133  1168  1392 E storaged: getDiskStats failed with result NOT_SUPPORTED and size 0
02-26 13:18:07.136  1168  1392 E storaged: getDiskStats failed with result NOT_SUPPORTED and size 0
02-26 13:19:07.317  1168  1392 E storaged: getDiskStats failed with result NOT_SUPPORTED and size 0
02-26 13:20:07.320  1168  1392 E storaged: getDiskStats failed with result NOT_SUPPORTED and size 0
02-26 13:21:07.322  1168  1392 E storaged: getDiskStats failed with result NOT_SUPPORTED and size 0
02-26 13:22:07.325  1168  1392 E storaged: getDiskStats failed with result NOT_SUPPORTED and size 0
02-26 13:23:07.330  1168  1392 E storaged: getDiskStats failed with result NOT_SUPPORTED and size 0
02-26 13:24:07.335  1168  1392 E storaged: getDiskStats failed with result NOT_SUPPORTED and size 0
02-26 13:25:07.338  1168  1392 E storaged: getDiskStats failed with result NOT_SUPPORTED and size 0
02-26 13:25:32.162  1562 13463 I chatty  : uid=1000(system) Binder:1562_1F expire 5 lines
02-26 13:26:07.341  1168  1392 E storaged: getDiskStats failed with result NOT_SUPPORTED and size 0
02-26 13:26:29.256  1562  1604 I chatty  : uid=1000(system) ActivityManager expire 10 lines
02-26 13:26:31.923   956   956 E libsuntory_static: utils_blob.cpp:595    blob size does not exist
02-26 13:26:31.923   956   956 D libsuntory_static: utils_blob.cpp:606    do_get_blob() ended. result -8 - SUNTORY_RESULT_BLOB_NOT_FOUND
02-26 13:26:31.923   956   956 D libsuntory_static: suntory_interface.cpp:92    SuntoryUtil_GetBlob() ended. result -8 - SUNTORY_RESULT_BLOB_NOT_FOUND
02-26 13:26:31.924   928  5167 E libsuntory: suntory_get_blob.cpp:64    get_suntory_blob failed to find a blob
02-26 13:26:31.924   928  5167 D libsuntory: suntory_get_blob.cpp:75    SuntoryUtil_GetBlob() ended. result -8 - SUNTORY_RESULT_BLOB_NOT_FOUND
02-26 13:26:31.931   956   956 E libsuntory_static: utils_blob.cpp:595    blob size does not exist
02-26 13:26:31.931   956   956 D libsuntory_static: utils_blob.cpp:606    do_get_blob() ended. result -8 - SUNTORY_RESULT_BLOB_NOT_FOUND
02-26 13:26:31.931   956   956 D libsuntory_static: suntory_interface.cpp:92    SuntoryUtil_GetBlob() ended. result -8 - SUNTORY_RESULT_BLOB_NOT_FOUND
02-26 13:26:31.932   928  5167 E libsuntory: suntory_get_blob.cpp:64    get_suntory_blob failed to find a blob
02-26 13:26:31.932   928  5167 D libsuntory: suntory_get_blob.cpp:75    SuntoryUtil_GetBlob() ended. result -8 - SUNTORY_RESULT_BLOB_NOT_FOUND
02-26 13:26:32.271   956   956 E libsuntory_static: utils_blob.cpp:595    blob size does not exist
02-26 13:26:32.271   956   956 D libsuntory_static: utils_blob.cpp:606    do_get_blob() ended. result -8 - SUNTORY_RESULT_BLOB_NOT_FOUND
02-26 13:26:32.271   956   956 D libsuntory_static: suntory_interface.cpp:92    SuntoryUtil_GetBlob() ended. result -8 - SUNTORY_RESULT_BLOB_NOT_FOUND
02-26 13:26:32.272   928  5167 E libsuntory: suntory_get_blob.cpp:64    get_suntory_blob failed to find a blob
02-26 13:26:32.272   928  5167 D libsuntory: suntory_get_blob.cpp:75    SuntoryUtil_GetBlob() ended. result -8 - SUNTORY_RESULT_BLOB_NOT_FOUND
02-26 13:26:32.278   956   956 E libsuntory_static: utils_blob.cpp:595    blob size does not exist
02-26 13:26:32.278   956   956 D libsuntory_static: utils_blob.cpp:606    do_get_blob() ended. result -8 - SUNTORY_RESULT_BLOB_NOT_FOUND
02-26 13:26:32.278   956   956 D libsuntory_static: suntory_interface.cpp:92    SuntoryUtil_GetBlob() ended. result -8 - SUNTORY_RESULT_BLOB_NOT_FOUND
02-26 13:26:32.279   928  5167 E libsuntory: suntory_get_blob.cpp:64    get_suntory_blob failed to find a blob
02-26 13:26:32.279   928  5167 D libsuntory: suntory_get_blob.cpp:75    SuntoryUtil_GetBlob() ended. result -8 - SUNTORY_RESULT_BLOB_NOT_FOUND
02-26 13:26:32.604  1562  3607 I chatty  : uid=1000(system) Binder:1562_10 expire 4 lines
02-26 13:26:32.606  1562  6582 I chatty  : uid=1000(system) Binder:1562_14 expire 1 line
02-26 13:27:07.343  1168  1392 E storaged: getDiskStats failed with result NOT_SUPPORTED and size 0
02-26 13:28:05.782  1562  1978 I chatty  : uid=1000(system) AlarmManager expire 1 line
02-26 13:28:07.344  1168  1392 E storaged: getDiskStats failed with result NOT_SUPPORTED and size 0
02-26 13:28:42.105  1562  3605 I chatty  : uid=1000(system) Binder:1562_E expire 1 line
02-26 13:28:42.106  1562  2006 I chatty  : uid=1000(system) ConnectivitySer expire 8 lines
02-26 13:29:07.346  1168  1392 E storaged: getDiskStats failed with result NOT_SUPPORTED and size 0
02-26 13:30:07.348  1168  1392 E storaged: getDiskStats failed with result NOT_SUPPORTED and size 0
02-26 13:31:07.351  1168  1392 E storaged: getDiskStats failed with result NOT_SUPPORTED and size 0
02-26 13:32:07.352  1168  1392 E storaged: getDiskStats failed with result NOT_SUPPORTED and size 0
02-26 13:33:07.353  1168  1392 E storaged: getDiskStats failed with result NOT_SUPPORTED and size 0
02-26 13:34:07.356  1168  1392 E storaged: getDiskStats failed with result NOT_SUPPORTED and size 0
02-26 13:34:37.583  1562  1606 I chatty  : uid=1000(system) batterystats-wo expire 1 line
02-26 13:35:07.357  1168  1392 E storaged: getDiskStats failed with result NOT_SUPPORTED and size 0
02-26 13:35:51.647  1562  2315 I chatty  : uid=1000(system) Binder:1562_6 expire 5 lines
02-26 13:36:07.358  1168  1392 E storaged: getDiskStats failed with result NOT_SUPPORTED and size 0
02-26 13:37:07.361  1168  1392 E storaged: getDiskStats failed with result NOT_SUPPORTED and size 0
02-26 13:38:07.362  1168  1392 E storaged: getDiskStats failed with result NOT_SUPPORTED and size 0
02-26 13:38:51.760  1562  1562 I chatty  : uid=1000 system_server expire 9 lines
02-26 13:38:54.343  1562  3606 I chatty  : uid=1000(system) Binder:1562_F expire 1 line
02-26 13:39:07.363  1168  1392 E storaged: getDiskStats failed with result NOT_SUPPORTED and size 0
02-26 13:40:07.366  1168  1392 E storaged: getDiskStats failed with result NOT_SUPPORTED and size 0
02-26 13:41:07.367  1168  1392 E storaged: getDiskStats failed with result NOT_SUPPORTED and size 0
02-26 13:41:12.236  1562  1602 I chatty  : uid=1000(system) ActivityManager expire 6 lines
02-26 13:42:07.369  1168  1392 E storaged: getDiskStats failed with result NOT_SUPPORTED and size 0
02-26 13:42:24.043  1562  8406 I chatty  : uid=1000(system) Binder:1562_17 expire 3 lines
02-26 13:42:55.366  1562  3083 I chatty  : uid=1000(system) Binder:1562_B expire 1 line
02-26 13:43:07.370  1168  1392 E storaged: getDiskStats failed with result NOT_SUPPORTED and size 0
02-26 13:44:07.373  1168  1392 E storaged: getDiskStats failed with result NOT_SUPPORTED and size 0
02-26 13:45:07.376  1168  1392 E storaged: getDiskStats failed with result NOT_SUPPORTED and size 0
02-26 13:46:07.377  1168  1392 E storaged: getDiskStats failed with result NOT_SUPPORTED and size 0
02-26 13:47:01.327  1562  3604 I chatty  : uid=1000(system) Binder:1562_D expire 3 lines
02-26 13:47:07.378  1168  1392 E storaged: getDiskStats failed with result NOT_SUPPORTED and size 0
02-26 13:47:13.989 20482 20482 D ActivityThread: Loading provider com.google.android.gm.sapi: com.google.android.gm.sapi.SapiUiProvider
02-26 13:48:07.381  1168  1392 E storaged: getDiskStats failed with result NOT_SUPPORTED and size 0
02-26 13:49:07.382  1168  1392 E storaged: getDiskStats failed with result NOT_SUPPORTED and size 0
02-26 13:50:07.383  1168  1392 E storaged: getDiskStats failed with result NOT_SUPPORTED and size 0
02-26 13:51:07.385  1168  1392 E storaged: getDiskStats failed with result NOT_SUPPORTED and size 0
02-26 13:52:07.387  1168  1392 E storaged: getDiskStats failed with result NOT_SUPPORTED and size 0
02-26 13:52:11.824  1562  1604 I chatty  : uid=1000(system) ActivityManager expire 2 lines
02-26 13:52:11.902  1562  3038 I chatty  : uid=1000(system) backup expire 43 lines
02-26 13:52:21.250  1562  2076 I chatty  : uid=1000(system) Binder:1562_4 expire 7 lines
02-26 13:52:23.926  1562  1604 I chatty  : uid=1000(system) ActivityManager expire 10 lines
02-26 13:52:24.870  1562  1562 I chatty  : uid=1000 system_server expire 13 lines
02-26 13:52:24.920  1562  3038 I chatty  : uid=1000(system) backup expire 14 lines
02-26 13:52:26.180  1562  1586 I chatty  : uid=1000(system) Binder:1562_1 expire 9 lines
02-26 13:52:26.535  1562 10862 I chatty  : uid=1000(system) Binder:1562_1B expire 2 lines
02-26 13:52:39.989  1562  2563 I chatty  : uid=1000(system) Binder:1562_8 expire 6 lines
02-26 13:52:40.037  1562 15900 I chatty  : uid=1000(system) Binder:1562_20 expire 6 lines
02-26 13:52:40.037  1562  2017 I chatty  : uid=1000(system) Binder:1562_3 expire 7 lines
02-26 13:52:40.037  1562  2006 I chatty  : uid=1000(system) ConnectivitySer expire 10 lines
02-26 13:52:54.878  1562  3609 I chatty  : uid=1000(system) Binder:1562_12 expire 5 lines
02-26 13:52:54.878  1562  3604 I chatty  : uid=1000(system) Binder:1562_D expire 4 lines
02-26 13:53:07.389  1168  1392 E storaged: getDiskStats failed with result NOT_SUPPORTED and size 0
02-26 13:54:07.391  1168  1392 E storaged: getDiskStats failed with result NOT_SUPPORTED and size 0
02-26 13:55:07.393  1168  1392 E storaged: getDiskStats failed with result NOT_SUPPORTED and size 0
02-26 13:55:33.994  1562  1601 I chatty  : uid=1000(system) android.bg expire 3 lines
02-26 13:56:07.396  1168  1392 E storaged: getDiskStats failed with result NOT_SUPPORTED and size 0
02-26 13:56:55.193  1562  2315 I chatty  : uid=1000(system) Binder:1562_6 expire 6 lines
02-26 13:57:07.398  1168  1392 E storaged: getDiskStats failed with result NOT_SUPPORTED and size 0
02-26 13:58:07.401  1168  1392 E storaged: getDiskStats failed with result NOT_SUPPORTED and size 0
02-26 13:59:07.405  1168  1392 E storaged: getDiskStats failed with result NOT_SUPPORTED and size 0
02-26 14:00:07.410  1168  1392 E storaged: getDiskStats failed with result NOT_SUPPORTED and size 0
02-26 14:01:07.414  1168  1392 E storaged: getDiskStats failed with result NOT_SUPPORTED and size 0
02-26 14:02:07.416  1168  1392 E storaged: getDiskStats failed with result NOT_SUPPORTED and size 0
02-26 14:02:11.847  1562  2503 I chatty  : uid=1000(system) Binder:1562_7 expire 4 lines
02-26 14:02:11.917  1562  1602 I chatty  : uid=1000(system) ActivityManager expire 11 lines
02-26 14:03:07.418  1168  1392 E storaged: getDiskStats failed with result NOT_SUPPORTED and size 0
02-26 14:04:07.423  1168  1392 E storaged: getDiskStats failed with result NOT_SUPPORTED and size 0
02-26 14:05:07.427  1168  1392 E storaged: getDiskStats failed with result NOT_SUPPORTED and size 0
02-26 14:06:07.428  1168  1392 E storaged: getDiskStats failed with result NOT_SUPPORTED and size 0
02-26 14:06:56.449  1562  3083 I chatty  : uid=1000(system) Binder:1562_B expire 2 lines
02-26 14:06:57.359  1562  8406 I chatty  : uid=1000(system) Binder:1562_17 expire 10 lines
02-26 14:07:01.651 21336 21549 E ActivityThread: Failed to find provider info for com.facebook.mlite.sso.MessengerLoggedInUserProvider
02-26 14:07:02.307  1562 12538 I chatty  : uid=1000(system) Binder:1562_1D expire 4 lines
02-26 14:07:02.756 21563 21590 E ActivityThread: Failed to find provider info for com.facebook.appmanager.nekodirect
02-26 14:07:07.430  1168  1392 E storaged: getDiskStats failed with result NOT_SUPPORTED and size 0
02-26 14:07:25.808  1562  2279 I chatty  : uid=1000(system) Binder:1562_5 expire 2 lines
02-26 14:07:26.426  1562  8710 I chatty  : uid=1000(system) Binder:1562_19 expire 3 lines
02-26 14:07:55.988  1562  8027 I chatty  : uid=1000(system) Binder:1562_15 expire 1 line
02-26 14:08:07.433  1168  1392 E storaged: getDiskStats failed with result NOT_SUPPORTED and size 0
02-26 14:09:07.435  1168  1392 E storaged: getDiskStats failed with result NOT_SUPPORTED and size 0
02-26 14:10:07.437  1168  1392 E storaged: getDiskStats failed with result NOT_SUPPORTED and size 0
02-26 14:11:07.442  1168  1392 E storaged: getDiskStats failed with result NOT_SUPPORTED and size 0
02-26 14:12:07.446  1168  1392 E storaged: getDiskStats failed with result NOT_SUPPORTED and size 0
02-26 14:13:07.448  1168  1392 E storaged: getDiskStats failed with result NOT_SUPPORTED and size 0
02-26 14:14:07.451  1168  1392 E storaged: getDiskStats failed with result NOT_SUPPORTED and size 0
02-26 14:15:00.097  1562  1604 I chatty  : uid=1000(system) ActivityManager expire 10 lines
02-26 14:15:00.270  1562  3603 I chatty  : uid=1000(system) Binder:1562_C expire 2 lines
02-26 14:15:07.452  1168  1392 E storaged: getDiskStats failed with result NOT_SUPPORTED and size 0
02-26 14:16:07.457  1168  1392 E storaged: getDiskStats failed with result NOT_SUPPORTED and size 0
02-26 14:17:07.461  1168  1392 E storaged: getDiskStats failed with result NOT_SUPPORTED and size 0
02-26 14:17:27.518  1562  1606 I chatty  : uid=1000(system) batterystats-wo expire 1 line
02-26 14:17:41.103  1562  1609 I chatty  : uid=1000(system) android.io expire 2 lines
02-26 14:18:07.463  1168  1392 E storaged: getDiskStats failed with result NOT_SUPPORTED and size 0
02-26 14:18:17.727  1562  3605 I chatty  : uid=1000(system) Binder:1562_E expire 1 line
02-26 14:19:07.638  1168  1392 E storaged: getDiskStats failed with result NOT_SUPPORTED and size 0
02-26 14:20:07.641  1168  1392 E storaged: getDiskStats failed with result NOT_SUPPORTED and size 0
02-26 14:20:18.781  1562  1587 I chatty  : uid=1000(system) Binder:1562_2 expire 3 lines
02-26 14:20:18.809  1562  8471 I chatty  : uid=1000(system) Binder:1562_18 expire 5 lines
02-26 14:20:19.141  1562  1562 I chatty  : uid=1000 system_server expire 10 lines
02-26 14:20:19.284  1562  1986 I chatty  : uid=1000(system) NetworkWatchlis expire 2 lines
02-26 14:20:19.530 32063  2119 D DownloadManager: Removed 0 stale downloads
02-26 14:20:20.000 32063  2119 D DownloadManager: Found 64 files in database
02-26 14:20:20.000 32063  2119 D DownloadManager: Found 0 files on disk
02-26 14:20:20.005  1562  3038 I chatty  : uid=1000(system) backup expire 2 lines
02-26 14:20:20.723  1562  3607 I chatty  : uid=1000(system) Binder:1562_10 expire 3 lines
02-26 14:20:42.845  1562  6582 I chatty  : uid=1000(system) Binder:1562_14 expire 5 lines
02-26 14:20:43.585  1562  2653 I chatty  : uid=1000(system) Binder:1562_9 expire 2 lines
02-26 14:21:07.645  1168  1392 E storaged: getDiskStats failed with result NOT_SUPPORTED and size 0
02-26 14:22:07.648  1168  1392 E storaged: getDiskStats failed with result NOT_SUPPORTED and size 0
02-26 14:22:58.660  1562  1604 I chatty  : uid=1000(system) ActivityManager expire 10 lines
02-26 14:22:59.710  1562  1562 I chatty  : uid=1000 system_server expire 23 lines
02-26 14:23:07.653  1168  1392 E storaged: getDiskStats failed with result NOT_SUPPORTED and size 0
02-26 14:24:07.658  1168  1392 E storaged: getDiskStats failed with result NOT_SUPPORTED and size 0
02-26 14:24:21.917  1562  8271 I chatty  : uid=1000(system) Binder:1562_16 expire 1 line
02-26 14:24:22.050  1562  1602 I chatty  : uid=1000(system) ActivityManager expire 8 lines
02-26 14:25:07.663  1168  1392 E storaged: getDiskStats failed with result NOT_SUPPORTED and size 0
02-26 14:26:07.667  1168  1392 E storaged: getDiskStats failed with result NOT_SUPPORTED and size 0
02-26 14:26:15.431  1562  3608 I chatty  : uid=1000(system) Binder:1562_11 expire 1 line
02-26 14:26:17.232  1562 10324 I chatty  : uid=1000(system) Binder:1562_1A expire 2 lines
02-26 14:27:07.670  1168  1392 E storaged: getDiskStats failed with result NOT_SUPPORTED and size 0
02-26 14:28:07.673  1168  1392 E storaged: getDiskStats failed with result NOT_SUPPORTED and size 0
02-26 14:29:07.674  1168  1392 E storaged: getDiskStats failed with result NOT_SUPPORTED and size 0
02-26 14:30:07.675  1168  1392 E storaged: getDiskStats failed with result NOT_SUPPORTED and size 0
02-26 14:31:07.677  1168  1392 E storaged: getDiskStats failed with result NOT_SUPPORTED and size 0
02-26 14:31:08.553  1562  2006 I chatty  : uid=1000(system) ConnectivitySer expire 4 lines
02-26 14:32:07.678  1168  1392 E storaged: getDiskStats failed with result NOT_SUPPORTED and size 0
02-26 14:33:07.680  1168  1392 E storaged: getDiskStats failed with result NOT_SUPPORTED and size 0
02-26 14:34:07.681  1168  1392 E storaged: getDiskStats failed with result NOT_SUPPORTED and size 0
02-26 14:35:07.682  1168  1392 E storaged: getDiskStats failed with result NOT_SUPPORTED and size 0
02-26 14:36:07.685  1168  1392 E storaged: getDiskStats failed with result NOT_SUPPORTED and size 0
02-26 14:37:07.689  1168  1392 E storaged: getDiskStats failed with result NOT_SUPPORTED and size 0
02-26 14:38:07.691  1168  1392 E storaged: getDiskStats failed with result NOT_SUPPORTED and size 0
02-26 14:39:07.694  1168  1392 E storaged: getDiskStats failed with result NOT_SUPPORTED and size 0
02-26 14:40:07.695  1168  1392 E storaged: getDiskStats failed with result NOT_SUPPORTED and size 0
02-26 14:41:07.699  1168  1392 E storaged: getDiskStats failed with result NOT_SUPPORTED and size 0
02-26 14:42:00.329  1562  1604 I chatty  : uid=1000(system) ActivityManager expire 2 lines
02-26 14:42:07.701  1168  1392 E storaged: getDiskStats failed with result NOT_SUPPORTED and size 0
02-26 14:43:07.703  1168  1392 E storaged: getDiskStats failed with result NOT_SUPPORTED and size 0
02-26 14:44:07.705  1168  1392 E storaged: getDiskStats failed with result NOT_SUPPORTED and size 0
02-26 14:45:00.570  1562  1613 I chatty  : uid=1000(system) PowerManagerSer expire 3 lines
02-26 14:45:00.635  1562  1610 I chatty  : uid=1000(system) android.display expire 2 lines
02-26 14:45:03.341  1562  1603 I chatty  : uid=1000(system) android.ui expire 1 line
02-26 14:45:05.183  1562  1985 I chatty  : uid=1000(system) InputReader expire 3 lines
02-26 14:45:05.183  1562  1562 I chatty  : uid=1000 system_server expire 12 lines
02-26 14:45:05.184  1562  1613 I chatty  : uid=1000(system) PowerManagerSer expire 11 lines
02-26 14:45:05.473  1562  1610 I chatty  : uid=1000(system) android.display expire 5 lines
02-26 14:45:07.500  8705 23299 E ActivityThread: Failed to find provider info for com.google.android.apps.wellbeing.api
02-26 14:45:07.706  1168  1392 E storaged: getDiskStats failed with result NOT_SUPPORTED and size 0
02-26 14:46:00.234  1562  2006 I chatty  : uid=1000(system) ConnectivitySer expire 6 lines
02-26 14:46:07.708  1168  1392 E storaged: getDiskStats failed with result NOT_SUPPORTED and size 0
02-26 14:47:07.711  1168  1392 E storaged: getDiskStats failed with result NOT_SUPPORTED and size 0
02-26 14:48:07.713  1168  1392 E storaged: getDiskStats failed with result NOT_SUPPORTED and size 0
02-26 14:49:07.714  1168  1392 E storaged: getDiskStats failed with result NOT_SUPPORTED and size 0
02-26 14:50:07.715  1168  1392 E storaged: getDiskStats failed with result NOT_SUPPORTED and size 0
02-26 14:50:28.541  1562  2653 I chatty  : uid=1000(system) Binder:1562_9 expire 5 lines
02-26 14:50:58.540  1562  2017 I chatty  : uid=1000(system) Binder:1562_3 expire 5 lines
02-26 14:51:07.716  1168  1392 E storaged: getDiskStats failed with result NOT_SUPPORTED and size 0
02-26 14:52:07.719  1168  1392 E storaged: getDiskStats failed with result NOT_SUPPORTED and size 0
02-26 14:52:12.618  1562  1604 I chatty  : uid=1000(system) ActivityManager expire 11 lines
02-26 14:52:12.658  1562  8271 I chatty  : uid=1000(system) Binder:1562_16 expire 12 lines
02-26 14:53:07.721  1168  1392 E storaged: getDiskStats failed with result NOT_SUPPORTED and size 0
02-26 14:53:28.872  1562  8406 I chatty  : uid=1000(system) Binder:1562_17 expire 1 line
02-26 14:53:28.873  1562  3607 I chatty  : uid=1000(system) Binder:1562_10 expire 2 lines
02-26 14:53:28.873  1562  3608 I chatty  : uid=1000(system) Binder:1562_11 expire 4 lines
02-26 14:54:07.724  1168  1392 E storaged: getDiskStats failed with result NOT_SUPPORTED and size 0
02-26 14:54:28.808  1562 11193 I chatty  : uid=1000(system) Binder:1562_1C expire 3 lines
02-26 14:55:07.726  1168  1392 E storaged: getDiskStats failed with result NOT_SUPPORTED and size 0
02-26 14:56:07.729  1168  1392 E storaged: getDiskStats failed with result NOT_SUPPORTED and size 0
02-26 14:56:10.963  1562  1603 I chatty  : uid=1000(system) android.ui expire 3 lines
02-26 14:56:11.418  1562 13463 I chatty  : uid=1000(system) Binder:1562_1F expire 5 lines
02-26 14:56:11.437  1562  1602 I chatty  : uid=1000(system) ActivityManager expire 27 lines
02-26 14:56:11.469  1562 12614 I chatty  : uid=1000(system) Binder:1562_1E expire 3 lines
02-26 14:56:11.598  1562  3606 I chatty  : uid=1000(system) Binder:1562_F expire 4 lines
02-26 14:56:12.992  1562  3604 I chatty  : uid=1000(system) Binder:1562_D expire 2 lines
02-26 14:56:13.163  1562  2563 I chatty  : uid=1000(system) Binder:1562_8 expire 6 lines
02-26 14:56:22.642  1562  2503 I chatty  : uid=1000(system) Binder:1562_7 expire 8 lines
02-26 14:56:23.694  1562  1618 I chatty  : uid=1000(system) PackageManager expire 1 line
02-26 14:56:23.911  1562  1587 I chatty  : uid=1000(system) Binder:1562_2 expire 1 line
02-26 14:56:25.395  1562  1601 I chatty  : uid=1000(system) android.bg expire 3 lines
02-26 14:56:25.740 23852 23892 E ActivityThread: Failed to find provider info for com.facebook.appmanager.nekodirect
02-26 14:56:25.844  1562  1562 I chatty  : uid=1000 system_server expire 12 lines
02-26 14:56:25.937  1562  1604 I chatty  : uid=1000(system) ActivityManager expire 11 lines
02-26 14:56:27.335  1562  2076 I chatty  : uid=1000(system) Binder:1562_4 expire 1 line
02-26 14:56:29.233 23875 24136 E ActivityThread: Failed to find provider info for com.facebook.mlite.sso.MessengerLoggedInUserProvider
02-26 14:56:29.461  1562  1602 I chatty  : uid=1000(system) ActivityManager expire 15 lines
02-26 14:56:29.471  1562  3083 I chatty  : uid=1000(system) Binder:1562_B expire 3 lines
02-26 14:56:29.730  1562  8027 I chatty  : uid=1000(system) Binder:1562_15 expire 3 lines
02-26 14:56:36.394  1562  3609 I chatty  : uid=1000(system) Binder:1562_12 expire 3 lines
02-26 14:56:46.506  1562 12538 I chatty  : uid=1000(system) Binder:1562_1D expire 5 lines
02-26 14:56:46.626  1562  3605 I chatty  : uid=1000(system) Binder:1562_E expire 1 line
02-26 14:56:50.235 24292 24292 D ActivityThread: Loading provider com.google.android.gm.sapi: com.google.android.gm.sapi.SapiUiProvider
02-26 14:56:59.445  1562  1562 I chatty  : uid=1000 system_server expire 12 lines
02-26 14:57:07.731  1168  1392 E storaged: getDiskStats failed with result NOT_SUPPORTED and size 0
02-26 14:57:20.070  1562 10862 I chatty  : uid=1000(system) Binder:1562_1B expire 2 lines
02-26 14:58:07.732  1168  1392 E storaged: getDiskStats failed with result NOT_SUPPORTED and size 0
02-26 14:59:07.734  1168  1392 E storaged: getDiskStats failed with result NOT_SUPPORTED and size 0
02-26 15:00:07.735  1168  1392 E storaged: getDiskStats failed with result NOT_SUPPORTED and size 0
02-26 15:01:07.737  1168  1392 E storaged: getDiskStats failed with result NOT_SUPPORTED and size 0
02-26 15:01:22.888  1562  1606 I chatty  : uid=1000(system) batterystats-wo expire 3 lines
02-26 15:02:07.739  1168  1392 E storaged: getDiskStats failed with result NOT_SUPPORTED and size 0
02-26 15:02:56.795  1562  2315 I chatty  : uid=1000(system) Binder:1562_6 expire 1 line
02-26 15:03:07.740  1168  1392 E storaged: getDiskStats failed with result NOT_SUPPORTED and size 0
02-26 15:03:12.131  1562  1604 I chatty  : uid=1000(system) ActivityManager expire 4 lines
02-26 15:03:16.496  1562  2716 I chatty  : uid=1000(system) Binder:1562_A expire 3 lines
02-26 15:04:07.743  1168  1392 E storaged: getDiskStats failed with result NOT_SUPPORTED and size 0
02-26 15:05:07.745  1168  1392 E storaged: getDiskStats failed with result NOT_SUPPORTED and size 0
02-26 15:05:42.656  1562  1608 I chatty  : uid=1000(system) android.fg expire 6 lines
02-26 15:05:42.692  1562  2041 I chatty  : uid=1000(system) HwBinder:1562_3 expire 1 line
02-26 15:05:42.775  1562  1602 I chatty  : uid=1000(system) ActivityManager expire 7 lines
02-26 15:05:42.819  8818  8818 W ContextImpl: Calling a method in the system process without a qualified user: android.app.ContextImpl.startService:1531 android.content.ContextWrapper.startService:664 com.sonymobile.smartcharger.SmartChargeConnectStateReceiver.onReceive:53 android.app.LoadedApk$ReceiverDispatcher$Args.lambda$getRunnable$0:1397 android.app.-$$Lambda$LoadedApk$ReceiverDispatcher$Args$_BumDX2UKsnxLVrE6UJsJZkotuA.run:2 
02-26 15:05:42.827  1562  1613 I chatty  : uid=1000(system) PowerManagerSer expire 4 lines
02-26 15:05:43.923  8818  8818 W ContextImpl: Calling a method in the system process without a qualified user: android.app.ContextImpl.startService:1531 android.content.ContextWrapper.startService:664 com.sonymobile.smartcharger.ChargerPlugFilterService$1.run:193 android.os.Handler.handleCallback:873 android.os.Handler.dispatchMessage:99 
02-26 15:05:43.972  8818  8818 W ContextImpl: Calling a method in the system process without a qualified user: android.app.ContextImpl.startService:1531 android.content.ContextWrapper.startService:664 com.sonymobile.smartcharger.SmartChargeService.deleteNotif:1396 com.sonymobile.smartcharger.SmartChargeService.offState:1169 com.sonymobile.smartcharger.SmartChargeService.onStartCommand:495 
02-26 15:05:43.973  8818  8818 W ContextImpl: Calling a method in the system process without a qualified user: android.app.ContextImpl.sendBroadcast:1005 com.sonymobile.smartcharger.SmartChargeService.deleteDialog:1425 com.sonymobile.smartcharger.SmartChargeService.offState:1170 com.sonymobile.smartcharger.SmartChargeService.onStartCommand:495 android.app.ActivityThread.handleServiceArgs:3679 
02-26 15:05:46.564  1562  1968 I chatty  : uid=1000(system) HwBinder:1562_1 expire 4 lines
02-26 15:05:46.914 32046 32046 W ContextImpl: Calling a method in the system process without a qualified user: android.app.ContextImpl.startService:1531 android.content.ContextWrapper.startService:664 android.content.ContextWrapper.startService:664 com.sonyericsson.usbux.service.UsbServiceReceiver.onReceive:108 android.app.ActivityThread.handleReceiver:3386 
02-26 15:05:46.927  1562  1609 I chatty  : uid=1000(system) android.io expire 1 line
02-26 15:05:46.928  8818  8818 W ContextImpl: Calling a method in the system process without a qualified user: android.app.ContextImpl.startService:1531 android.content.ContextWrapper.startService:664 com.sonymobile.smartcharger.SmartChargeConnectStateReceiver.onReceive:53 android.app.LoadedApk$ReceiverDispatcher$Args.lambda$getRunnable$0:1397 android.app.-$$Lambda$LoadedApk$ReceiverDispatcher$Args$_BumDX2UKsnxLVrE6UJsJZkotuA.run:2 
02-26 15:05:46.948  1562  1602 I chatty  : uid=1000(system) ActivityManager expire 11 lines
02-26 15:05:47.034 32046 32046 W ContextImpl: Calling a method in the system process without a qualified user: android.app.ContextImpl.startService:1531 android.content.ContextWrapper.startService:664 android.content.ContextWrapper.startService:664 com.sonyericsson.usbux.service.UsbHostPollingReceiver.onReceive:61 android.app.ActivityThread.handleReceiver:3386 
02-26 15:05:47.052 32046 32046 W ContextImpl: Calling a method in the system process without a qualified user: android.app.ContextImpl.startService:1531 android.content.ContextWrapper.startService:664 android.content.ContextWrapper.startService:664 com.sonyericsson.usbux.service.UsbServiceReceiver.onReceive:108 android.app.ActivityThread.handleReceiver:3386 
02-26 15:05:47.056 32046 32046 W ContextImpl: Calling a method in the system process without a qualified user: android.app.ContextImpl.startActivity:887 android.content.ContextWrapper.startActivity:379 com.sonyericsson.usbux.service.UsbService.showMtpConfirmDialog:321 com.sonyericsson.usbux.service.UsbService.onUsbCablePlugged:308 com.sonyericsson.usbux.service.UsbService.onStartCommand:356 
02-26 15:05:47.057 32046 32046 W ContextImpl: Calling a method in the system process without a qualified user: android.app.ContextImpl.startActivity:899 android.app.ContextImpl.startActivity:888 android.content.ContextWrapper.startActivity:379 com.sonyericsson.usbux.service.UsbService.showMtpConfirmDialog:321 com.sonyericsson.usbux.service.UsbService.onUsbCablePlugged:308 
02-26 15:05:47.058  1562  3605 I chatty  : uid=1000(system) Binder:1562_E expire 11 lines
02-26 15:05:47.090  8818  8818 W ContextImpl: Calling a method in the system process without a qualified user: android.app.ContextImpl.startService:1531 android.content.ContextWrapper.startService:664 com.sonymobile.smartcharger.ChargerPlugFilterService$1.run:193 android.os.Handler.handleCallback:873 android.os.Handler.dispatchMessage:99 
02-26 15:05:47.092  1562 12538 I chatty  : uid=1000(system) Binder:1562_1D expire 6 lines
02-26 15:05:47.097  1562  3606 I chatty  : uid=1000(system) Binder:1562_F expire 1 line
02-26 15:05:47.100  1562  1562 I chatty  : uid=1000 system_server expire 21 lines
02-26 15:05:47.189  8818  8818 W ContextImpl: Calling a method in the system process without a qualified user: android.app.ContextImpl.startService:1531 android.content.ContextWrapper.startService:664 com.sonymobile.smartcharger.SmartChargeService.startIntelligentService:1319 com.sonymobile.smartcharger.SmartChargeService.onStartCommand:402 android.app.ActivityThread.handleServiceArgs:3679 
02-26 15:05:47.235  1562  2279 I chatty  : uid=1000(system) Binder:1562_5 expire 2 lines
02-26 15:05:47.253  8818  8818 W ContextImpl: Calling a method in the system process without a qualified user: android.app.ContextImpl.startService:1531 android.content.ContextWrapper.startService:664 com.sonymobile.smartcharger.SmartChargeService.deleteNotif:1396 com.sonymobile.smartcharger.SmartChargeService.offState:1169 com.sonymobile.smartcharger.SmartChargeService.onStartCommand:558 
02-26 15:05:47.254  8818  8818 W ContextImpl: Calling a method in the system process without a qualified user: android.app.ContextImpl.sendBroadcast:1005 com.sonymobile.smartcharger.SmartChargeService.deleteDialog:1425 com.sonymobile.smartcharger.SmartChargeService.offState:1170 com.sonymobile.smartcharger.SmartChargeService.onStartCommand:558 android.app.ActivityThread.handleServiceArgs:3679 
02-26 15:05:47.653  1562  1603 I chatty  : uid=1000(system) android.ui expire 3 lines
02-26 15:06:01.933  1562  1613 I chatty  : uid=1000(system) PowerManagerSer expire 13 lines
02-26 15:06:02.190  1562  1610 I chatty  : uid=1000(system) android.display expire 7 lines
02-26 15:06:07.751  1168  1392 E storaged: getDiskStats failed with result NOT_SUPPORTED and size 0
02-26 15:06:18.630  1562  1604 I chatty  : uid=1000(system) ActivityManager expire 11 lines
02-26 15:06:18.688  1562  3609 I chatty  : uid=1000(system) Binder:1562_12 expire 3 lines
02-26 15:06:18.812  1562  2563 I chatty  : uid=1000(system) Binder:1562_8 expire 3 lines
02-26 15:06:18.925  1562  1602 I chatty  : uid=1000(system) ActivityManager expire 12 lines
02-26 15:07:07.753  1168  1392 E storaged: getDiskStats failed with result NOT_SUPPORTED and size 0
02-26 15:07:29.355  1562  8027 I chatty  : uid=1000(system) Binder:1562_15 expire 1 line
02-26 15:07:59.662  1562  8271 I chatty  : uid=1000(system) Binder:1562_16 expire 1 line
02-26 15:08:07.754  1168  1392 E storaged: getDiskStats failed with result NOT_SUPPORTED and size 0
02-26 15:09:07.759  1168  1392 E storaged: getDiskStats failed with result NOT_SUPPORTED and size 0
02-26 15:10:07.762  1168  1392 E storaged: getDiskStats failed with result NOT_SUPPORTED and size 0
02-26 15:11:07.764  1168  1392 E storaged: getDiskStats failed with result NOT_SUPPORTED and size 0
02-26 15:11:27.275  1562 12614 I chatty  : uid=1000(system) Binder:1562_1E expire 4 lines
02-26 15:12:00.139  1562  3604 I chatty  : uid=1000(system) Binder:1562_D expire 2 lines
02-26 15:12:00.214  1562  2315 I chatty  : uid=1000(system) Binder:1562_6 expire 7 lines
02-26 15:12:00.392  1562  8406 I chatty  : uid=1000(system) Binder:1562_17 expire 5 lines
02-26 15:12:00.560  1562  2017 I chatty  : uid=1000(system) Binder:1562_3 expire 1 line
02-26 15:12:00.593  1562  1606 I chatty  : uid=1000(system) batterystats-wo expire 2 lines
02-26 15:12:05.915  8705 25340 E ActivityThread: Failed to find provider info for com.google.android.apps.wellbeing.api
02-26 15:12:07.765  1168  1392 E storaged: getDiskStats failed with result NOT_SUPPORTED and size 0
02-26 15:12:17.767  1562  1562 I chatty  : uid=1000 system_server expire 8 lines
02-26 15:12:30.188  1562  2716 I chatty  : uid=1000(system) Binder:1562_A expire 3 lines
02-26 15:12:30.491  1562  3607 I chatty  : uid=1000(system) Binder:1562_10 expire 4 lines
02-26 15:12:34.762 25551 25870 E ActivityThread: Failed to find provider info for com.facebook.mlite.sso.MessengerLoggedInUserProvider
02-26 15:12:46.538  1562  1604 I chatty  : uid=1000(system) ActivityManager expire 11 lines
02-26 15:12:46.780 25906 25932 E ActivityThread: Failed to find provider info for com.facebook.appmanager.nekodirect
02-26 15:13:07.767  1168  1392 E storaged: getDiskStats failed with result NOT_SUPPORTED and size 0
02-26 15:14:07.769  1168  1392 E storaged: getDiskStats failed with result NOT_SUPPORTED and size 0
02-26 15:15:07.774  1168  1392 E storaged: getDiskStats failed with result NOT_SUPPORTED and size 0
02-26 15:16:07.776  1168  1392 E storaged: getDiskStats failed with result NOT_SUPPORTED and size 0
02-26 15:17:07.777  1168  1392 E storaged: getDiskStats failed with result NOT_SUPPORTED and size 0
02-26 15:17:15.583  1562  2076 I chatty  : uid=1000(system) Binder:1562_4 expire 7 lines
02-26 15:17:15.741  1562 10862 I chatty  : uid=1000(system) Binder:1562_1B expire 2 lines
02-26 15:17:15.804  1562  3603 I chatty  : uid=1000(system) Binder:1562_C expire 1 line
02-26 15:17:15.804  1562  8471 I chatty  : uid=1000(system) Binder:1562_18 expire 1 line
02-26 15:17:15.804  1562  2503 I chatty  : uid=1000(system) Binder:1562_7 expire 4 lines
02-26 15:17:15.804  1562  2006 I chatty  : uid=1000(system) ConnectivitySer expire 9 lines
02-26 15:18:07.779  1168  1392 E storaged: getDiskStats failed with result NOT_SUPPORTED and size 0
02-26 15:19:07.922  1168  1392 E storaged: getDiskStats failed with result NOT_SUPPORTED and size 0
02-26 15:20:07.924  1168  1392 E storaged: getDiskStats failed with result NOT_SUPPORTED and size 0
02-26 15:21:07.926  1168  1392 E storaged: getDiskStats failed with result NOT_SUPPORTED and size 0
02-26 15:22:07.929  1168  1392 E storaged: getDiskStats failed with result NOT_SUPPORTED and size 0
02-26 15:22:56.759  1562  1601 I chatty  : uid=1000(system) android.bg expire 1 line
02-26 15:23:07.930  1168  1392 E storaged: getDiskStats failed with result NOT_SUPPORTED and size 0
02-26 15:24:07.931  1168  1392 E storaged: getDiskStats failed with result NOT_SUPPORTED and size 0
02-26 15:25:07.933  1168  1392 E storaged: getDiskStats failed with result NOT_SUPPORTED and size 0
02-26 15:26:07.937  1168  1392 E storaged: getDiskStats failed with result NOT_SUPPORTED and size 0
02-26 15:26:59.292  1562  1602 I chatty  : uid=1000(system) ActivityManager expire 15 lines
02-26 15:27:07.942  1168  1392 E storaged: getDiskStats failed with result NOT_SUPPORTED and size 0
02-26 15:28:07.946  1168  1392 E storaged: getDiskStats failed with result NOT_SUPPORTED and size 0
02-26 15:28:51.208  1562  6582 I chatty  : uid=1000(system) Binder:1562_14 expire 1 line
02-26 15:29:07.950  1168  1392 E storaged: getDiskStats failed with result NOT_SUPPORTED and size 0
02-26 15:30:07.953  1168  1392 E storaged: getDiskStats failed with result NOT_SUPPORTED and size 0
02-26 15:30:24.389  1562 11193 I chatty  : uid=1000(system) Binder:1562_1C expire 2 lines
02-26 15:30:24.389  1562  3605 I chatty  : uid=1000(system) Binder:1562_E expire 5 lines
02-26 15:30:24.442  1562  3608 I chatty  : uid=1000(system) Binder:1562_11 expire 2 lines
02-26 15:31:07.955  1168  1392 E storaged: getDiskStats failed with result NOT_SUPPORTED and size 0
02-26 15:32:07.957  1168  1392 E storaged: getDiskStats failed with result NOT_SUPPORTED and size 0
02-26 15:33:07.962  1168  1392 E storaged: getDiskStats failed with result NOT_SUPPORTED and size 0
02-26 15:33:39.995  1562  1985 I chatty  : uid=1000(system) InputReader expire 1 line
02-26 15:33:39.998  1562  1613 I chatty  : uid=1000(system) PowerManagerSer expire 3 lines
02-26 15:33:41.064  1562  1586 I chatty  : uid=1000(system) Binder:1562_1 expire 2 lines
02-26 15:33:41.087  1562  1602 I chatty  : uid=1000(system) ActivityManager expire 15 lines
02-26 15:33:42.112  1562  1608 I chatty  : uid=1000(system) android.fg expire 4 lines
02-26 15:33:42.241  1562  1604 I chatty  : uid=1000(system) ActivityManager expire 4 lines
02-26 15:33:42.871 32046 32046 W ContextImpl: Calling a method in the system process without a qualified user: android.app.ContextImpl.startService:1531 android.content.ContextWrapper.startService:664 android.content.ContextWrapper.startService:664 com.sonyericsson.usbux.service.UsbHostPollingReceiver.onReceive:61 android.app.ActivityThread.handleReceiver:3386 
02-26 15:33:42.891 32046 32046 W ContextImpl: Calling a method in the system process without a qualified user: android.app.ContextImpl.startService:1531 android.content.ContextWrapper.startService:664 android.content.ContextWrapper.startService:664 com.sonyericsson.usbux.service.UsbServiceReceiver.onReceive:108 android.app.ActivityThread.handleReceiver:3386 
02-26 15:33:42.984 32046 32046 W ContextImpl: Calling a method in the system process without a qualified user: android.app.ContextImpl.startService:1531 android.content.ContextWrapper.startService:664 android.content.ContextWrapper.startService:664 com.sonyericsson.usbux.service.UsbHostPollingReceiver.onReceive:61 android.app.ActivityThread.handleReceiver:3386 
02-26 15:33:42.994 32046 32046 W ContextImpl: Calling a method in the system process without a qualified user: android.app.ContextImpl.startService:1531 android.content.ContextWrapper.startService:664 android.content.ContextWrapper.startService:664 com.sonyericsson.usbux.service.UsbServiceReceiver.onReceive:108 android.app.ActivityThread.handleReceiver:3386 
02-26 15:33:44.729  1562  1984 I chatty  : uid=1000(system) InputDispatcher expire 1 line
02-26 15:33:53.916  1562  1618 I chatty  : uid=1000(system) PackageManager expire 2 lines
02-26 15:33:54.011  1562  1586 I chatty  : uid=1000(system) Binder:1562_1 expire 8 lines
02-26 15:33:54.014  1562  8471 I chatty  : uid=1000(system) Binder:1562_18 expire 6 lines
02-26 15:33:54.017  1562  1602 I chatty  : uid=1000(system) ActivityManager expire 12 lines
02-26 15:33:54.021  1562  5347 I chatty  : uid=1000(system) Binder:1562_13 expire 3 lines
02-26 15:33:54.033  1562  1604 I chatty  : uid=1000(system) ActivityManager expire 10 lines
02-26 15:33:54.076  1562  2503 I chatty  : uid=1000(system) Binder:1562_7 expire 8 lines
02-26 15:33:54.105  1562  2076 I chatty  : uid=1000(system) Binder:1562_4 expire 4 lines
02-26 15:33:54.189  1562  3608 I chatty  : uid=1000(system) Binder:1562_11 expire 4 lines
02-26 15:33:54.619  1562  8027 I chatty  : uid=1000(system) Binder:1562_15 expire 6 lines
02-26 15:33:55.179  1562  1562 I chatty  : uid=1000 system_server expire 16 lines
02-26 15:33:55.471  1562  1601 I chatty  : uid=1000(system) android.bg expire 5 lines
02-26 15:33:55.509  1562 11193 I chatty  : uid=1000(system) Binder:1562_1C expire 6 lines
02-26 15:33:55.599  1562  6582 I chatty  : uid=1000(system) Binder:1562_14 expire 6 lines
02-26 15:33:57.519  1562  2563 I chatty  : uid=1000(system) Binder:1562_8 expire 3 lines
02-26 15:33:58.667  1562  1984 I chatty  : uid=1000(system) InputDispatcher expire 3 lines
02-26 15:34:03.514  1562  1603 I chatty  : uid=1000(system) android.ui expire 13 lines
02-26 15:34:07.965  1168  1392 E storaged: getDiskStats failed with result NOT_SUPPORTED and size 0
02-26 15:34:17.351  1562  2006 I chatty  : uid=1000(system) ConnectivitySer expire 2 lines
02-26 15:34:23.791  1562  1602 I chatty  : uid=1000(system) ActivityManager expire 12 lines
02-26 15:34:23.961  1562 10324 I chatty  : uid=1000(system) Binder:1562_1A expire 1 line
02-26 15:34:24.048  1562  1893 I chatty  : uid=1000(system) android.anim expire 14 lines
02-26 15:34:24.365  1562 15900 I chatty  : uid=1000(system) Binder:1562_20 expire 1 line
02-26 15:34:26.014  1562  1610 I chatty  : uid=1000(system) android.display expire 4 lines
02-26 15:34:52.181  1562  2315 I chatty  : uid=1000(system) Binder:1562_6 expire 3 lines
02-26 15:34:55.151  1562  8406 I chatty  : uid=1000(system) Binder:1562_17 expire 1 line
02-26 15:34:55.826  1562  2017 I chatty  : uid=1000(system) Binder:1562_3 expire 3 lines
02-26 15:35:07.968  1168  1392 E storaged: getDiskStats failed with result NOT_SUPPORTED and size 0
02-26 15:35:25.071  1562  3607 I chatty  : uid=1000(system) Binder:1562_10 expire 3 lines
02-26 15:36:07.970  1168  1392 E storaged: getDiskStats failed with result NOT_SUPPORTED and size 0
02-26 15:36:45.941  1562  1603 I chatty  : uid=1000(system) android.ui expire 3 lines
02-26 15:36:53.872  1562  1562 I chatty  : uid=1000 system_server expire 13 lines
02-26 15:37:07.006  1562  1602 I chatty  : uid=1000(system) ActivityManager expire 29 lines
02-26 15:37:07.971  1168  1392 E storaged: getDiskStats failed with result NOT_SUPPORTED and size 0
02-26 15:37:08.014  1562  3604 I chatty  : uid=1000(system) Binder:1562_D expire 2 lines
02-26 15:37:12.582  1562  8271 I chatty  : uid=1000(system) Binder:1562_16 expire 1 line
02-26 15:37:12.597  1562  3606 I chatty  : uid=1000(system) Binder:1562_F expire 3 lines
02-26 15:37:15.580  1562  3083 I chatty  : uid=1000(system) Binder:1562_B expire 1 line
02-26 15:37:39.957  1562  3609 I chatty  : uid=1000(system) Binder:1562_12 expire 4 lines
02-26 15:38:07.974  1168  1392 E storaged: getDiskStats failed with result NOT_SUPPORTED and size 0
02-26 15:38:51.858  1562  1562 I chatty  : uid=1000 system_server expire 4 lines
02-26 15:38:51.877  1562  1604 I chatty  : uid=1000(system) ActivityManager expire 2 lines
02-26 15:38:51.920  1562  2653 I chatty  : uid=1000(system) Binder:1562_9 expire 1 line
02-26 15:38:52.004  1562  1587 I chatty  : uid=1000(system) Binder:1562_2 expire 1 line
02-26 15:39:07.976  1168  1392 E storaged: getDiskStats failed with result NOT_SUPPORTED and size 0
