02-26 19:05:30.616  1562  1604 I chatty  : uid=1000(system) ActivityManager expire 9 lines
02-26 19:05:43.897  1562  8471 I chatty  : uid=1000(system) Binder:1562_18 expire 2 lines
02-26 19:05:46.252  1562  3608 I chatty  : uid=1000(system) Binder:1562_11 expire 3 lines
02-26 19:06:04.405  1168  1392 E storaged: getDiskStats failed with result NOT_SUPPORTED and size 0
02-26 19:07:04.406  1168  1392 E storaged: getDiskStats failed with result NOT_SUPPORTED and size 0
02-26 19:08:04.406  1168  1392 E storaged: getDiskStats failed with result NOT_SUPPORTED and size 0
02-26 19:09:04.407  1168  1392 E storaged: getDiskStats failed with result NOT_SUPPORTED and size 0
02-26 19:10:04.408  1168  1392 E storaged: getDiskStats failed with result NOT_SUPPORTED and size 0
02-26 19:10:12.077  1562  2006 I chatty  : uid=1000(system) ConnectivitySer expire 8 lines
02-26 19:11:04.409  1168  1392 E storaged: getDiskStats failed with result NOT_SUPPORTED and size 0
02-26 19:12:04.410  1168  1392 E storaged: getDiskStats failed with result NOT_SUPPORTED and size 0
02-26 19:13:00.005  1562  1602 I chatty  : uid=1000(system) ActivityManager expire 13 lines
02-26 19:13:04.411  1168  1392 E storaged: getDiskStats failed with result NOT_SUPPORTED and size 0
02-26 19:14:04.411  1168  1392 E storaged: getDiskStats failed with result NOT_SUPPORTED and size 0
02-26 19:15:04.412  1168  1392 E storaged: getDiskStats failed with result NOT_SUPPORTED and size 0
02-26 19:16:04.413  1168  1392 E storaged: getDiskStats failed with result NOT_SUPPORTED and size 0
02-26 19:17:04.414  1168  1392 E storaged: getDiskStats failed with result NOT_SUPPORTED and size 0
02-26 19:18:04.415  1168  1392 E storaged: getDiskStats failed with result NOT_SUPPORTED and size 0
02-26 19:19:04.416  1168  1392 E storaged: getDiskStats failed with result NOT_SUPPORTED and size 0
02-26 19:20:04.417  1168  1392 E storaged: getDiskStats failed with result NOT_SUPPORTED and size 0
02-26 19:21:04.418  1168  1392 E storaged: getDiskStats failed with result NOT_SUPPORTED and size 0
02-26 19:21:13.310  1562  1586 I chatty  : uid=1000(system) Binder:1562_1 expire 2 lines
02-26 19:22:04.418  1168  1392 E storaged: getDiskStats failed with result NOT_SUPPORTED and size 0
02-26 19:23:04.419  1168  1392 E storaged: getDiskStats failed with result NOT_SUPPORTED and size 0
02-26 19:24:04.420  1168  1392 E storaged: getDiskStats failed with result NOT_SUPPORTED and size 0
02-26 19:25:04.421  1168  1392 E storaged: getDiskStats failed with result NOT_SUPPORTED and size 0
02-26 19:26:04.421  1168  1392 E storaged: getDiskStats failed with result NOT_SUPPORTED and size 0
02-26 19:27:04.422  1168  1392 E storaged: getDiskStats failed with result NOT_SUPPORTED and size 0
02-26 19:28:04.423  1168  1392 E storaged: getDiskStats failed with result NOT_SUPPORTED and size 0
02-26 19:29:04.424  1168  1392 E storaged: getDiskStats failed with result NOT_SUPPORTED and size 0
02-26 19:30:04.424  1168  1392 E storaged: getDiskStats failed with result NOT_SUPPORTED and size 0
02-26 19:31:04.425  1168  1392 E storaged: getDiskStats failed with result NOT_SUPPORTED and size 0
02-26 19:32:04.426  1168  1392 E storaged: getDiskStats failed with result NOT_SUPPORTED and size 0
02-26 19:33:04.426  1168  1392 E storaged: getDiskStats failed with result NOT_SUPPORTED and size 0
02-26 19:34:04.427  1168  1392 E storaged: getDiskStats failed with result NOT_SUPPORTED and size 0
02-26 19:34:45.002  1562  1602 I chatty  : uid=1000(system) ActivityManager expire 3 lines
02-26 19:35:04.428  1168  1392 E storaged: getDiskStats failed with result NOT_SUPPORTED and size 0
02-26 19:36:04.430  1168  1392 E storaged: getDiskStats failed with result NOT_SUPPORTED and size 0
02-26 19:37:04.430  1168  1392 E storaged: getDiskStats failed with result NOT_SUPPORTED and size 0
02-26 19:38:04.431  1168  1392 E storaged: getDiskStats failed with result NOT_SUPPORTED and size 0
02-26 19:38:53.386  1562  1562 I chatty  : uid=1000 system_server expire 11 lines
02-26 19:39:04.432  1168  1392 E storaged: getDiskStats failed with result NOT_SUPPORTED and size 0
02-26 19:40:04.432  1168  1392 E storaged: getDiskStats failed with result NOT_SUPPORTED and size 0
02-26 19:40:25.398  1562  1985 I chatty  : uid=1000(system) InputReader expire 11 lines
02-26 19:40:25.399  1562  1613 I chatty  : uid=1000(system) PowerManagerSer expire 12 lines
02-26 19:40:25.713  1562  1610 I chatty  : uid=1000(system) android.display expire 7 lines
02-26 19:40:25.967  1562  3083 I chatty  : uid=1000(system) Binder:1562_B expire 2 lines
02-26 19:41:04.435  1168  1392 E storaged: getDiskStats failed with result NOT_SUPPORTED and size 0
02-26 19:41:13.414  1562 10324 I chatty  : uid=1000(system) Binder:1562_1A expire 5 lines
02-26 19:41:13.471  1562  1602 I chatty  : uid=1000(system) ActivityManager expire 20 lines
02-26 19:42:04.436  1168  1392 E storaged: getDiskStats failed with result NOT_SUPPORTED and size 0
02-26 19:43:04.437  1168  1392 E storaged: getDiskStats failed with result NOT_SUPPORTED and size 0
02-26 19:43:22.925  1562  2503 I chatty  : uid=1000(system) Binder:1562_7 expire 1 line
02-26 19:43:23.679  1562  3606 I chatty  : uid=1000(system) Binder:1562_F expire 4 lines
02-26 19:43:24.026  1562  1604 I chatty  : uid=1000(system) ActivityManager expire 10 lines
02-26 19:43:24.054  1562  2315 I chatty  : uid=1000(system) Binder:1562_6 expire 5 lines
02-26 19:43:24.790  1562 11600 I chatty  : uid=1000(system) SmartCleanerSer expire 16 lines
02-26 19:43:32.876  1562  1984 I chatty  : uid=1000(system) InputDispatcher expire 1 line
02-26 19:43:34.022  1562  2563 I chatty  : uid=1000(system) Binder:1562_8 expire 2 lines
02-26 19:44:04.440  1168  1392 E storaged: getDiskStats failed with result NOT_SUPPORTED and size 0
02-26 19:44:34.936  1562  3607 I chatty  : uid=1000(system) Binder:1562_10 expire 1 line
02-26 19:44:37.488  1562  3604 I chatty  : uid=1000(system) Binder:1562_D expire 3 lines
02-26 19:44:44.904  1562  3609 I chatty  : uid=1000(system) Binder:1562_12 expire 4 lines
02-26 19:44:45.100  1562  1602 I chatty  : uid=1000(system) ActivityManager expire 12 lines
02-26 19:44:55.372  1562  1562 I chatty  : uid=1000 system_server expire 13 lines
02-26 19:45:04.441  1168  1392 E storaged: getDiskStats failed with result NOT_SUPPORTED and size 0
02-26 20:00:00.483  1562  3605 I chatty  : uid=1000(system) Binder:1562_E expire 2 lines
02-26 20:00:00.532 26163 26163 E LoadedApk: Unable to instantiate appComponentFactory
02-26 20:00:00.532 26163 26163 E LoadedApk: java.lang.ClassNotFoundException: Didn't find class "android.support.v4.app.CoreComponentFactory" on path: DexPathList[[zip file "/data/app/com.google.android.deskclock-1ONalAbrIfpwObO7pPqwsQ==/base.apk"],nativeLibraryDirectories=[/data/app/com.google.android.deskclock-1ONalAbrIfpwObO7pPqwsQ==/lib/arm64, /system/lib64, /vendor/lib64]]
02-26 20:00:00.532 26163 26163 E LoadedApk: 	at dalvik.system.BaseDexClassLoader.findClass(BaseDexClassLoader.java:134)
02-26 20:00:00.532 26163 26163 E LoadedApk: 	at java.lang.ClassLoader.loadClass(ClassLoader.java:379)
02-26 20:00:00.532 26163 26163 E LoadedApk: 	at java.lang.ClassLoader.loadClass(ClassLoader.java:312)
02-26 20:00:00.532 26163 26163 E LoadedApk: 	at android.app.LoadedApk.createAppFactory(LoadedApk.java:231)
02-26 20:00:00.532 26163 26163 E LoadedApk: 	at android.app.LoadedApk.createOrUpdateClassLoaderLocked(LoadedApk.java:736)
02-26 20:00:00.532 26163 26163 E LoadedApk: 	at android.app.LoadedApk.getClassLoader(LoadedApk.java:815)
02-26 20:00:00.532 26163 26163 E LoadedApk: 	at android.app.LoadedApk.getResources(LoadedApk.java:1037)
02-26 20:00:00.532 26163 26163 E LoadedApk: 	at android.app.ContextImpl.createAppContext(ContextImpl.java:2345)
02-26 20:00:00.532 26163 26163 E LoadedApk: 	at android.app.ActivityThread.handleBindApplication(ActivityThread.java:5777)
02-26 20:00:00.532 26163 26163 E LoadedApk: 	at android.app.ActivityThread.access$1100(ActivityThread.java:205)
02-26 20:00:00.532 26163 26163 E LoadedApk: 	at android.app.ActivityThread$H.handleMessage(ActivityThread.java:1656)
02-26 20:00:00.532 26163 26163 E LoadedApk: 	at android.os.Handler.dispatchMessage(Handler.java:106)
02-26 20:00:00.532 26163 26163 E LoadedApk: 	at android.os.Looper.loop(Looper.java:280)
02-26 20:00:00.532 26163 26163 E LoadedApk: 	at android.app.ActivityThread.main(ActivityThread.java:6710)
02-26 20:00:00.532 26163 26163 E LoadedApk: 	at java.lang.reflect.Method.invoke(Native Method)
02-26 20:00:00.532 26163 26163 E LoadedApk: 	at com.android.internal.os.RuntimeInit$MethodAndArgsCaller.run(RuntimeInit.java:493)
02-26 20:00:00.532 26163 26163 E LoadedApk: 	at com.android.internal.os.ZygoteInit.main(ZygoteInit.java:858)
02-26 20:01:01.397  1562  3603 I chatty  : uid=1000(system) Binder:1562_C expire 2 lines
02-26 20:01:03.092  1168  1392 E storaged: getDiskStats failed with result NOT_SUPPORTED and size 0
02-26 20:03:03.348  1562 13463 I chatty  : uid=1000(system) Binder:1562_1F expire 6 lines
02-26 20:03:36.129  1562  1604 I chatty  : uid=1000(system) ActivityManager expire 11 lines
02-26 20:05:52.753 26444 26624 E ActivityThread: Failed to find provider info for com.facebook.mlite.sso.MessengerLoggedInUserProvider
02-26 20:05:53.237  1562  1562 I chatty  : uid=1000 system_server expire 10 lines
02-26 20:05:53.844  1562  1603 I chatty  : uid=1000(system) android.ui expire 2 lines
02-26 20:05:53.973 26640 26680 E ActivityThread: Failed to find provider info for com.facebook.appmanager.nekodirect
02-26 20:05:54.500 26694 26694 D ActivityThread: Loading provider com.google.android.gm.sapi: com.google.android.gm.sapi.SapiUiProvider
02-26 20:05:55.315  1562 12614 I chatty  : uid=1000(system) Binder:1562_1E expire 4 lines
02-26 20:05:57.049  1562  2716 I chatty  : uid=1000(system) Binder:1562_A expire 1 line
02-26 20:05:57.094  1562  1602 I chatty  : uid=1000(system) ActivityManager expire 13 lines
02-26 20:05:57.418  1562  5347 I chatty  : uid=1000(system) Binder:1562_13 expire 1 line
02-26 20:05:57.419  1562  2006 I chatty  : uid=1000(system) ConnectivitySer expire 1 line
02-26 20:05:57.468  1562  1586 I chatty  : uid=1000(system) Binder:1562_1 expire 7 lines
02-26 20:05:58.647  1562 11600 I chatty  : uid=1000(system) SmartCleanerSer expire 19 lines
02-26 20:06:18.105  1168  1392 E storaged: getDiskStats failed with result NOT_SUPPORTED and size 0
02-26 20:06:23.390  1562  1613 I chatty  : uid=1000(system) PowerManagerSer expire 9 lines
02-26 20:06:23.392  1562  1562 I chatty  : uid=1000 system_server expire 5 lines
02-26 20:06:23.887  1562  8471 I chatty  : uid=1000(system) Binder:1562_18 expire 5 lines
02-26 20:07:06.915  1562  1602 I chatty  : uid=1000(system) ActivityManager expire 9 lines
02-26 20:07:21.017  1562  1587 I chatty  : uid=1000(system) Binder:1562_2 expire 4 lines
02-26 20:07:36.744  1562  8471 I chatty  : uid=1000(system) Binder:1562_18 expire 6 lines
02-26 20:09:21.359  1562  1604 I chatty  : uid=1000(system) ActivityManager expire 20 lines
02-26 20:09:32.640  1562  1562 I chatty  : uid=1000 system_server expire 16 lines
02-26 20:09:58.260  1562  1602 I chatty  : uid=1000(system) ActivityManager expire 13 lines
02-26 20:10:36.131  1562  1586 I chatty  : uid=1000(system) Binder:1562_1 expire 10 lines
02-26 20:12:21.986  1562 13463 I chatty  : uid=1000(system) Binder:1562_1F expire 2 lines
02-26 20:12:22.255  1562  2017 I chatty  : uid=1000(system) Binder:1562_3 expire 10 lines
02-26 20:13:01.712  1168  1392 E storaged: getDiskStats failed with result NOT_SUPPORTED and size 0
02-26 20:13:59.000  1562  8027 I chatty  : uid=1000(system) Binder:1562_15 expire 2 lines
02-26 20:14:05.709  1562  3605 I chatty  : uid=1000(system) Binder:1562_E expire 4 lines
02-26 20:14:18.571  1562  1606 I chatty  : uid=1000(system) batterystats-wo expire 1 line
02-26 20:15:15.455  1562  1985 I chatty  : uid=1000(system) InputReader expire 3 lines
02-26 20:15:15.474  1562  1613 I chatty  : uid=1000(system) PowerManagerSer expire 6 lines
02-26 20:15:15.540  1562  1610 I chatty  : uid=1000(system) android.display expire 2 lines
02-26 20:15:16.093  1562  1603 I chatty  : uid=1000(system) android.ui expire 1 line
02-26 20:15:16.563  1562  8406 I chatty  : uid=1000(system) Binder:1562_17 expire 2 lines
02-26 20:15:16.797  1562 11600 I chatty  : uid=1000(system) SmartCleanerSer expire 12 lines
02-26 20:15:16.845  1562  2006 I chatty  : uid=1000(system) ConnectivitySer expire 5 lines
02-26 20:15:17.082  1562  3609 I chatty  : uid=1000(system) Binder:1562_12 expire 4 lines
02-26 20:15:37.069  1562 10324 I chatty  : uid=1000(system) Binder:1562_1A expire 2 lines
02-26 20:15:38.978  1562 10862 I chatty  : uid=1000(system) Binder:1562_1B expire 2 lines
02-26 20:15:41.839 28377 28652 E ActivityThread: Failed to find provider info for com.facebook.mlite.sso.MessengerLoggedInUserProvider
02-26 20:15:42.290  1562  1604 I chatty  : uid=1000(system) ActivityManager expire 10 lines
02-26 20:15:42.336  1562 12614 I chatty  : uid=1000(system) Binder:1562_1E expire 6 lines
02-26 20:15:42.542  1562  1602 I chatty  : uid=1000(system) ActivityManager expire 10 lines
02-26 20:15:42.698  1562  3604 I chatty  : uid=1000(system) Binder:1562_D expire 8 lines
02-26 20:15:43.404 28708 28740 E ActivityThread: Failed to find provider info for com.facebook.appmanager.nekodirect
02-26 20:15:43.486  1562  6582 I chatty  : uid=1000(system) Binder:1562_14 expire 8 lines
02-26 20:15:44.398  1562  3608 I chatty  : uid=1000(system) Binder:1562_11 expire 4 lines
02-26 20:15:45.349  1562  1562 I chatty  : uid=1000 system_server expire 19 lines
02-26 20:15:56.132  1168  1392 E storaged: getDiskStats failed with result NOT_SUPPORTED and size 0
02-26 20:15:56.904  1562 11600 I chatty  : uid=1000(system) SmartCleanerSer expire 16 lines
02-26 20:16:56.133  1168  1392 E storaged: getDiskStats failed with result NOT_SUPPORTED and size 0
02-26 20:16:57.005  1562  8271 I chatty  : uid=1000(system) Binder:1562_16 expire 3 lines
02-26 20:17:15.880  1562  2279 I chatty  : uid=1000(system) Binder:1562_5 expire 2 lines
02-26 20:17:16.993  1562  2716 I chatty  : uid=1000(system) Binder:1562_A expire 5 lines
02-26 20:17:56.135  1168  1392 E storaged: getDiskStats failed with result NOT_SUPPORTED and size 0
02-26 20:17:57.090  1562  1604 I chatty  : uid=1000(system) ActivityManager expire 15 lines
02-26 20:17:57.243  1562 11600 I chatty  : uid=1000(system) SmartCleanerSer expire 7 lines
02-26 20:18:56.280  1168  1392 E storaged: getDiskStats failed with result NOT_SUPPORTED and size 0
02-26 20:18:57.555  1562  2076 I chatty  : uid=1000(system) Binder:1562_4 expire 2 lines
02-26 20:19:30.638  1562  1984 I chatty  : uid=1000(system) InputDispatcher expire 2 lines
02-26 20:19:31.220  1562  2653 I chatty  : uid=1000(system) Binder:1562_9 expire 1 line
02-26 20:19:34.364  1562  1601 I chatty  : uid=1000(system) android.bg expire 1 line
02-26 20:19:39.185 29510 29510 D ActivityThread: Loading provider com.google.android.gm.sapi: com.google.android.gm.sapi.SapiUiProvider
02-26 20:19:56.281  1168  1392 E storaged: getDiskStats failed with result NOT_SUPPORTED and size 0
02-26 20:20:03.946  1562  3083 I chatty  : uid=1000(system) Binder:1562_B expire 2 lines
02-26 20:20:26.594  1562  1586 I chatty  : uid=1000(system) Binder:1562_1 expire 7 lines
02-26 20:23:09.882  1562  6582 I chatty  : uid=1000(system) Binder:1562_14 expire 2 lines
02-26 20:23:10.077  1562  1604 I chatty  : uid=1000(system) ActivityManager expire 19 lines
02-26 20:23:16.048  1562  1562 I chatty  : uid=1000 system_server expire 12 lines
02-26 20:23:16.540  1562  2017 I chatty  : uid=1000(system) Binder:1562_3 expire 13 lines
02-26 20:23:28.427  1562  1602 I chatty  : uid=1000(system) ActivityManager expire 10 lines
02-26 20:24:04.972  1562  8271 I chatty  : uid=1000(system) Binder:1562_16 expire 9 lines
02-26 20:26:38.237  1562  1606 I chatty  : uid=1000(system) batterystats-wo expire 2 lines
02-26 20:26:38.372  1562  2006 I chatty  : uid=1000(system) ConnectivitySer expire 15 lines
02-26 20:26:49.235  1562  2503 I chatty  : uid=1000(system) Binder:1562_7 expire 3 lines
02-26 20:27:41.685  1168  1392 E storaged: getDiskStats failed with result NOT_SUPPORTED and size 0
02-26 20:30:00.629 30367 30367 E LoadedApk: Unable to instantiate appComponentFactory
02-26 20:30:00.629 30367 30367 E LoadedApk: java.lang.ClassNotFoundException: Didn't find class "android.support.v4.app.CoreComponentFactory" on path: DexPathList[[zip file "/data/app/com.google.android.deskclock-1ONalAbrIfpwObO7pPqwsQ==/base.apk"],nativeLibraryDirectories=[/data/app/com.google.android.deskclock-1ONalAbrIfpwObO7pPqwsQ==/lib/arm64, /system/lib64, /vendor/lib64]]
02-26 20:30:00.629 30367 30367 E LoadedApk: 	at dalvik.system.BaseDexClassLoader.findClass(BaseDexClassLoader.java:134)
02-26 20:30:00.629 30367 30367 E LoadedApk: 	at java.lang.ClassLoader.loadClass(ClassLoader.java:379)
02-26 20:30:00.629 30367 30367 E LoadedApk: 	at java.lang.ClassLoader.loadClass(ClassLoader.java:312)
02-26 20:30:00.629 30367 30367 E LoadedApk: 	at android.app.LoadedApk.createAppFactory(LoadedApk.java:231)
02-26 20:30:00.629 30367 30367 E LoadedApk: 	at android.app.LoadedApk.createOrUpdateClassLoaderLocked(LoadedApk.java:736)
02-26 20:30:00.629 30367 30367 E LoadedApk: 	at android.app.LoadedApk.getClassLoader(LoadedApk.java:815)
02-26 20:30:00.629 30367 30367 E LoadedApk: 	at android.app.LoadedApk.getResources(LoadedApk.java:1037)
02-26 20:30:00.629 30367 30367 E LoadedApk: 	at android.app.ContextImpl.createAppContext(ContextImpl.java:2345)
02-26 20:30:00.629 30367 30367 E LoadedApk: 	at android.app.ActivityThread.handleBindApplication(ActivityThread.java:5777)
02-26 20:30:00.629 30367 30367 E LoadedApk: 	at android.app.ActivityThread.access$1100(ActivityThread.java:205)
02-26 20:30:00.629 30367 30367 E LoadedApk: 	at android.app.ActivityThread$H.handleMessage(ActivityThread.java:1656)
02-26 20:30:00.629 30367 30367 E LoadedApk: 	at android.os.Handler.dispatchMessage(Handler.java:106)
02-26 20:30:00.629 30367 30367 E LoadedApk: 	at android.os.Looper.loop(Looper.java:280)
02-26 20:30:00.629 30367 30367 E LoadedApk: 	at android.app.ActivityThread.main(ActivityThread.java:6710)
02-26 20:30:00.629 30367 30367 E LoadedApk: 	at java.lang.reflect.Method.invoke(Native Method)
02-26 20:30:00.629 30367 30367 E LoadedApk: 	at com.android.internal.os.RuntimeInit$MethodAndArgsCaller.run(RuntimeInit.java:493)
02-26 20:30:00.629 30367 30367 E LoadedApk: 	at com.android.internal.os.ZygoteInit.main(ZygoteInit.java:858)
02-26 20:30:00.889  1562  1562 I chatty  : uid=1000 system_server expire 13 lines
02-26 20:30:01.228  1562  2279 I chatty  : uid=1000(system) Binder:1562_5 expire 3 lines
02-26 20:30:01.370  1562  1613 I chatty  : uid=1000(system) PowerManagerSer expire 12 lines
02-26 20:30:01.508  1562  1610 I chatty  : uid=1000(system) android.display expire 8 lines
02-26 20:30:04.875  1562  1603 I chatty  : uid=1000(system) android.ui expire 4 lines
02-26 20:30:07.824  1562  1985 I chatty  : uid=1000(system) InputReader expire 5 lines
02-26 20:30:07.913  1562  3603 I chatty  : uid=1000(system) Binder:1562_C expire 5 lines
02-26 20:30:08.649 30367 30414 E ActivityThread: Failed to find provider info for com.google.android.apps.wellbeing.api
02-26 20:30:10.164  1562  2006 I chatty  : uid=1000(system) ConnectivitySer expire 12 lines
02-26 20:30:46.385  1168  1392 E storaged: getDiskStats failed with result NOT_SUPPORTED and size 0
02-26 20:37:18.501  1562  3604 I chatty  : uid=1000(system) Binder:1562_D expire 4 lines
02-26 20:38:53.871  1562  2563 I chatty  : uid=1000(system) Binder:1562_8 expire 7 lines
02-26 20:38:53.873  1562  1562 I chatty  : uid=1000 system_server expire 10 lines
02-26 20:38:53.984  1562 12538 I chatty  : uid=1000(system) Binder:1562_1D expire 3 lines
02-26 20:41:23.565  1168  1392 E storaged: getDiskStats failed with result NOT_SUPPORTED and size 0
02-26 20:46:59.813  1562 11193 I chatty  : uid=1000(system) Binder:1562_1C expire 5 lines
02-26 20:47:00.235  1562  1602 I chatty  : uid=1000(system) ActivityManager expire 15 lines
02-26 20:49:38.646  1562  3083 I chatty  : uid=1000(system) Binder:1562_B expire 6 lines
02-26 20:51:54.055  1562 10862 I chatty  : uid=1000(system) Binder:1562_1B expire 2 lines
02-26 20:52:10.995  1562 15900 I chatty  : uid=1000(system) Binder:1562_20 expire 2 lines
02-26 20:52:10.996  1562  8027 I chatty  : uid=1000(system) Binder:1562_15 expire 1 line
02-26 20:52:11.029  1562 10324 I chatty  : uid=1000(system) Binder:1562_1A expire 1 line
02-26 20:56:32.568  1562  1587 I chatty  : uid=1000(system) Binder:1562_2 expire 2 lines
02-26 20:56:32.604  1562  2076 I chatty  : uid=1000(system) Binder:1562_4 expire 1 line
02-26 20:56:39.899  1562 11600 I chatty  : uid=1000(system) SmartCleanerSer expire 10 lines
02-26 20:56:39.950  1562  2315 I chatty  : uid=1000(system) Binder:1562_6 expire 6 lines
02-26 20:56:40.357  1562  3609 I chatty  : uid=1000(system) Binder:1562_12 expire 2 lines
02-26 20:56:58.064  1168  1392 E storaged: getDiskStats failed with result NOT_SUPPORTED and size 0
02-26 20:57:01.459  1562  1984 I chatty  : uid=1000(system) InputDispatcher expire 1 line
02-26 20:57:02.333  1562  1562 I chatty  : uid=1000 system_server expire 4 lines
02-26 20:57:02.739  1562  1602 I chatty  : uid=1000(system) ActivityManager expire 2 lines
02-26 20:57:02.764  1562  1604 I chatty  : uid=1000(system) ActivityManager expire 7 lines
02-26 21:04:49.414  1562 13463 I chatty  : uid=1000(system) Binder:1562_1F expire 1 line
02-26 21:05:59.860  1562 12614 I chatty  : uid=1000(system) Binder:1562_1E expire 5 lines
02-26 21:07:48.057  1562  2006 I chatty  : uid=1000(system) ConnectivitySer expire 10 lines
02-26 21:07:58.108  1168  1392 E storaged: getDiskStats failed with result NOT_SUPPORTED and size 0
02-26 21:07:59.962  1562  1604 I chatty  : uid=1000(system) ActivityManager expire 10 lines
02-26 21:07:59.997  1562 10324 I chatty  : uid=1000(system) Binder:1562_1A expire 3 lines
02-26 21:08:00.208  1562  1562 I chatty  : uid=1000 system_server expire 10 lines
02-26 21:08:00.695  1562 10862 I chatty  : uid=1000(system) Binder:1562_1B expire 6 lines
02-26 21:08:00.696  1562  1602 I chatty  : uid=1000(system) ActivityManager expire 18 lines
02-26 21:08:07.272  1562  1587 I chatty  : uid=1000(system) Binder:1562_2 expire 4 lines
02-26 21:08:59.642  1168  1392 E storaged: getDiskStats failed with result NOT_SUPPORTED and size 0
02-26 21:09:53.961  1562  1606 I chatty  : uid=1000(system) batterystats-wo expire 1 line
02-26 21:10:02.060  1168  1392 E storaged: getDiskStats failed with result NOT_SUPPORTED and size 0
02-26 21:10:51.556  1562  1985 I chatty  : uid=1000(system) InputReader expire 4 lines
02-26 21:10:51.574  1562  1613 I chatty  : uid=1000(system) PowerManagerSer expire 9 lines
02-26 21:10:51.622  1562  1610 I chatty  : uid=1000(system) android.display expire 10 lines
02-26 21:10:51.957  1562  2716 I chatty  : uid=1000(system) Binder:1562_A expire 5 lines
02-26 21:10:52.382  1562  1603 I chatty  : uid=1000(system) android.ui expire 7 lines
02-26 21:10:54.485  1562  3604 I chatty  : uid=1000(system) Binder:1562_D expire 8 lines
02-26 21:10:58.017  1562  3603 I chatty  : uid=1000(system) Binder:1562_C expire 4 lines
02-26 21:10:59.067  1562  8710 I chatty  : uid=1000(system) Binder:1562_19 expire 3 lines
02-26 21:10:59.828  1562 11193 I chatty  : uid=1000(system) Binder:1562_1C expire 3 lines
02-26 21:11:02.811  1168  1392 E storaged: getDiskStats failed with result NOT_SUPPORTED and size 0
02-26 21:11:03.671 32399 32679 E ActivityThread: Failed to find provider info for com.facebook.mlite.sso.MessengerLoggedInUserProvider
02-26 21:11:04.311  1562  1602 I chatty  : uid=1000(system) ActivityManager expire 19 lines
02-26 21:11:04.496  1562  2653 I chatty  : uid=1000(system) Binder:1562_9 expire 6 lines
02-26 21:11:05.039 32710 32736 E ActivityThread: Failed to find provider info for com.facebook.appmanager.nekodirect
02-26 21:12:02.812  1168  1392 E storaged: getDiskStats failed with result NOT_SUPPORTED and size 0
02-26 21:12:05.312  1562 11600 I chatty  : uid=1000(system) SmartCleanerSer expire 14 lines
02-26 21:12:05.356  1562  3083 I chatty  : uid=1000(system) Binder:1562_B expire 9 lines
02-26 21:13:02.813  1168  1392 E storaged: getDiskStats failed with result NOT_SUPPORTED and size 0
02-26 21:13:05.339  1562  1604 I chatty  : uid=1000(system) ActivityManager expire 15 lines
02-26 21:14:02.814  1168  1392 E storaged: getDiskStats failed with result NOT_SUPPORTED and size 0
02-26 21:14:25.548  1562 11600 I chatty  : uid=1000(system) SmartCleanerSer expire 19 lines
02-26 21:15:02.815  1168  1392 E storaged: getDiskStats failed with result NOT_SUPPORTED and size 0
02-26 21:15:40.286  1562  2315 I chatty  : uid=1000(system) Binder:1562_6 expire 6 lines
02-26 21:16:02.816  1168  1392 E storaged: getDiskStats failed with result NOT_SUPPORTED and size 0
02-26 21:16:11.188  1562  1984 I chatty  : uid=1000(system) InputDispatcher expire 1 line
02-26 21:16:11.813  1562  1562 I chatty  : uid=1000 system_server expire 5 lines
02-26 21:16:11.994  1562 15900 I chatty  : uid=1000(system) Binder:1562_20 expire 1 line
02-26 21:16:11.995  1562  2006 I chatty  : uid=1000(system) ConnectivitySer expire 4 lines
02-26 21:16:11.996  1562 12538 I chatty  : uid=1000(system) Binder:1562_1D expire 3 lines
02-26 21:16:55.465  1562  1604 I chatty  : uid=1000(system) ActivityManager expire 8 lines
02-26 21:17:16.194  1562  8471 I chatty  : uid=1000(system) Binder:1562_18 expire 2 lines
02-26 21:17:16.272  1562  1893 I chatty  : uid=1000(system) android.anim expire 2 lines
02-26 21:17:20.776  1562  1586 I chatty  : uid=1000(system) Binder:1562_1 expire 2 lines
02-26 21:17:20.966  1562  6582 I chatty  : uid=1000(system) Binder:1562_14 expire 1 line
02-26 21:17:20.966  1562  8271 I chatty  : uid=1000(system) Binder:1562_16 expire 2 lines
02-26 21:17:21.105  1562  2076 I chatty  : uid=1000(system) Binder:1562_4 expire 2 lines
02-26 21:17:26.688  1562  3608 I chatty  : uid=1000(system) Binder:1562_11 expire 2 lines
02-26 21:17:43.575  1168  1392 E storaged: getDiskStats failed with result NOT_SUPPORTED and size 0
02-26 21:17:46.658  1562 11600 I chatty  : uid=1000(system) SmartCleanerSer expire 19 lines
02-26 21:18:28.524  1562  2076 I chatty  : uid=1000(system) Binder:1562_4 expire 10 lines
02-26 21:18:28.526  1562  1602 I chatty  : uid=1000(system) ActivityManager expire 12 lines
02-26 21:18:28.563  1562  1562 I chatty  : uid=1000 system_server expire 10 lines
02-26 21:18:28.633  1562  1604 I chatty  : uid=1000(system) ActivityManager expire 10 lines
02-26 21:18:30.060  1562  3608 I chatty  : uid=1000(system) Binder:1562_11 expire 8 lines
02-26 21:18:32.187  1562 12614 I chatty  : uid=1000(system) Binder:1562_1E expire 1 line
02-26 21:18:37.310  1562  3609 I chatty  : uid=1000(system) Binder:1562_12 expire 1 line
02-26 21:18:37.768  1562  3603 I chatty  : uid=1000(system) Binder:1562_C expire 3 lines
02-26 21:18:40.053  1562  3606 I chatty  : uid=1000(system) Binder:1562_F expire 5 lines
02-26 21:18:43.575  1168  1392 E storaged: getDiskStats failed with result NOT_SUPPORTED and size 0
02-26 21:18:46.686  1562 11193 I chatty  : uid=1000(system) Binder:1562_1C expire 2 lines
02-26 21:18:56.791  1562  3607 I chatty  : uid=1000(system) Binder:1562_10 expire 5 lines
02-26 21:19:37.259  1562  2017 I chatty  : uid=1000(system) Binder:1562_3 expire 5 lines
02-26 21:19:43.576  1168  1392 E storaged: getDiskStats failed with result NOT_SUPPORTED and size 0
02-26 21:20:43.577  1168  1392 E storaged: getDiskStats failed with result NOT_SUPPORTED and size 0
02-26 21:21:10.697  1562  1604 I chatty  : uid=1000(system) ActivityManager expire 12 lines
02-26 21:21:10.737  1562  8271 I chatty  : uid=1000(system) Binder:1562_16 expire 5 lines
02-26 21:21:40.848  1562  2006 I chatty  : uid=1000(system) ConnectivitySer expire 11 lines
02-26 21:21:43.577  1168  1392 E storaged: getDiskStats failed with result NOT_SUPPORTED and size 0
02-26 21:22:11.502  1562  1587 I chatty  : uid=1000(system) Binder:1562_2 expire 7 lines
02-26 21:22:36.409  1562  1606 I chatty  : uid=1000(system) batterystats-wo expire 11 lines
02-26 21:22:43.578  1168  1392 E storaged: getDiskStats failed with result NOT_SUPPORTED and size 0
02-26 21:22:43.730  1562 10324 I chatty  : uid=1000(system) Binder:1562_1A expire 3 lines
02-26 21:22:43.757  1562 12538 I chatty  : uid=1000(system) Binder:1562_1D expire 5 lines
02-26 21:23:26.143  1562  1601 I chatty  : uid=1000(system) android.bg expire 1 line
02-26 21:23:43.578  1168  1392 E storaged: getDiskStats failed with result NOT_SUPPORTED and size 0
02-26 21:23:55.860  1562  1984 I chatty  : uid=1000(system) InputDispatcher expire 2 lines
02-26 21:23:56.276  1562  1603 I chatty  : uid=1000(system) android.ui expire 4 lines
02-26 21:23:57.040  1562  1893 I chatty  : uid=1000(system) android.anim expire 1 line
02-26 21:23:59.390  1562  3604 I chatty  : uid=1000(system) Binder:1562_D expire 1 line
02-26 21:24:00.238  1562  3605 I chatty  : uid=1000(system) Binder:1562_E expire 2 lines
02-26 21:24:22.226  1562  1586 I chatty  : uid=1000(system) Binder:1562_1 expire 6 lines
02-26 21:24:22.234  1562  3083 I chatty  : uid=1000(system) Binder:1562_B expire 6 lines
02-26 21:24:26.134  1562  2716 I chatty  : uid=1000(system) Binder:1562_A expire 3 lines
02-26 21:24:30.196  1562  2653 I chatty  : uid=1000(system) Binder:1562_9 expire 2 lines
02-26 21:24:30.270  1562 15900 I chatty  : uid=1000(system) Binder:1562_20 expire 14 lines
02-26 21:24:30.270  1562  8027 I chatty  : uid=1000(system) Binder:1562_15 expire 3 lines
02-26 21:24:30.270  1562  8471 I chatty  : uid=1000(system) Binder:1562_18 expire 7 lines
02-26 21:24:30.274  1562  1610 I chatty  : uid=1000(system) android.display expire 2 lines
02-26 21:24:30.441  1562  8710 I chatty  : uid=1000(system) Binder:1562_19 expire 3 lines
02-26 21:24:31.949  6132  6417 E ActivityThread: Failed to find provider info for com.facebook.mlite.sso.MessengerLoggedInUserProvider
02-26 21:24:32.848  1562  1604 I chatty  : uid=1000(system) ActivityManager expire 14 lines
02-26 21:24:33.175  6439  6470 E ActivityThread: Failed to find provider info for com.facebook.appmanager.nekodirect
02-26 21:24:36.950  1562  1602 I chatty  : uid=1000(system) ActivityManager expire 8 lines
02-26 21:24:37.168  1562  2503 I chatty  : uid=1000(system) Binder:1562_7 expire 2 lines
02-26 21:24:43.579  1168  1392 E storaged: getDiskStats failed with result NOT_SUPPORTED and size 0
02-26 21:25:07.880  1562  2563 I chatty  : uid=1000(system) Binder:1562_8 expire 1 line
02-26 21:25:14.762  1562  2315 I chatty  : uid=1000(system) Binder:1562_6 expire 4 lines
02-26 21:25:43.580  1168  1392 E storaged: getDiskStats failed with result NOT_SUPPORTED and size 0
02-26 21:25:47.691  1562 11600 I chatty  : uid=1000(system) SmartCleanerSer expire 5 lines
02-26 21:26:43.581  1168  1392 E storaged: getDiskStats failed with result NOT_SUPPORTED and size 0
02-26 21:26:47.717  1562  1604 I chatty  : uid=1000(system) ActivityManager expire 11 lines
02-26 21:27:43.582  1168  1392 E storaged: getDiskStats failed with result NOT_SUPPORTED and size 0
02-26 21:28:43.582  1168  1392 E storaged: getDiskStats failed with result NOT_SUPPORTED and size 0
02-26 21:29:38.804  1562  1606 I chatty  : uid=1000(system) batterystats-wo expire 9 lines
02-26 21:29:38.805  1562  3083 I chatty  : uid=1000(system) Binder:1562_B expire 9 lines
02-26 21:29:38.840  1562  2503 I chatty  : uid=1000(system) Binder:1562_7 expire 2 lines
02-26 21:29:38.877  1562  3606 I chatty  : uid=1000(system) Binder:1562_F expire 1 line
02-26 21:29:38.877  1562  8271 I chatty  : uid=1000(system) Binder:1562_16 expire 4 lines
02-26 21:29:38.908  1562  3609 I chatty  : uid=1000(system) Binder:1562_12 expire 6 lines
02-26 21:29:38.919  1562  2017 I chatty  : uid=1000(system) Binder:1562_3 expire 1 line
02-26 21:29:38.919  1562  2563 I chatty  : uid=1000(system) Binder:1562_8 expire 2 lines
02-26 21:29:38.931  1562  1586 I chatty  : uid=1000(system) Binder:1562_1 expire 3 lines
02-26 21:29:38.936  1562  1610 I chatty  : uid=1000(system) android.display expire 6 lines
02-26 21:29:38.969  1562  2006 I chatty  : uid=1000(system) ConnectivitySer expire 11 lines
02-26 21:29:38.994  1562  8406 I chatty  : uid=1000(system) Binder:1562_17 expire 6 lines
02-26 21:29:38.994  1562  2315 I chatty  : uid=1000(system) Binder:1562_6 expire 4 lines
02-26 21:29:38.997  1562  8027 I chatty  : uid=1000(system) Binder:1562_15 expire 6 lines
02-26 21:29:39.070  1562  8710 I chatty  : uid=1000(system) Binder:1562_19 expire 6 lines
02-26 21:29:39.070  1562 10324 I chatty  : uid=1000(system) Binder:1562_1A expire 1 line
02-26 21:29:39.070  1562 11193 I chatty  : uid=1000(system) Binder:1562_1C expire 9 lines
02-26 21:29:39.071  1562 15900 I chatty  : uid=1000(system) Binder:1562_20 expire 2 lines
02-26 21:29:41.555  1562 12614 I chatty  : uid=1000(system) Binder:1562_1E expire 5 lines
02-26 21:29:41.804  1562  1602 I chatty  : uid=1000(system) ActivityManager expire 11 lines
02-26 21:29:43.584  1168  1392 E storaged: getDiskStats failed with result NOT_SUPPORTED and size 0
02-26 21:29:56.783  1562  1604 I chatty  : uid=1000(system) ActivityManager expire 10 lines
02-26 21:29:59.343  1562  3605 I chatty  : uid=1000(system) Binder:1562_E expire 1 line
02-26 21:30:43.585  1168  1392 E storaged: getDiskStats failed with result NOT_SUPPORTED and size 0
02-26 21:30:48.873  1562  5347 I chatty  : uid=1000(system) Binder:1562_13 expire 1 line
02-26 21:31:43.586  1168  1392 E storaged: getDiskStats failed with result NOT_SUPPORTED and size 0
02-26 21:32:43.587  1168  1392 E storaged: getDiskStats failed with result NOT_SUPPORTED and size 0
02-26 21:33:43.588  1168  1392 E storaged: getDiskStats failed with result NOT_SUPPORTED and size 0
02-26 21:34:43.589  1168  1392 E storaged: getDiskStats failed with result NOT_SUPPORTED and size 0
02-26 21:35:43.589  1168  1392 E storaged: getDiskStats failed with result NOT_SUPPORTED and size 0
02-26 21:36:43.590  1168  1392 E storaged: getDiskStats failed with result NOT_SUPPORTED and size 0
02-26 21:37:43.591  1168  1392 E storaged: getDiskStats failed with result NOT_SUPPORTED and size 0
02-26 21:38:43.592  1168  1392 E storaged: getDiskStats failed with result NOT_SUPPORTED and size 0
02-26 21:38:53.913  1562  2006 I chatty  : uid=1000(system) ConnectivitySer expire 22 lines
02-26 21:38:53.924  1562  1562 I chatty  : uid=1000 system_server expire 14 lines
02-26 21:38:53.983  1562 13463 I chatty  : uid=1000(system) Binder:1562_1F expire 5 lines
02-26 21:39:43.593  1168  1392 E storaged: getDiskStats failed with result NOT_SUPPORTED and size 0
02-26 21:40:43.595  1168  1392 E storaged: getDiskStats failed with result NOT_SUPPORTED and size 0
02-26 21:41:43.596  1168  1392 E storaged: getDiskStats failed with result NOT_SUPPORTED and size 0
02-26 21:42:43.597  1168  1392 E storaged: getDiskStats failed with result NOT_SUPPORTED and size 0
02-26 21:43:16.831  1562  1984 I chatty  : uid=1000(system) InputDispatcher expire 1 line
02-26 21:43:17.519  1562  1985 I chatty  : uid=1000(system) InputReader expire 3 lines
02-26 21:43:17.520  1562  1613 I chatty  : uid=1000(system) PowerManagerSer expire 6 lines
02-26 21:45:39.389  1562  3604 I chatty  : uid=1000(system) Binder:1562_D expire 6 lines
02-26 21:46:08.789  1168  1392 E storaged: getDiskStats failed with result NOT_SUPPORTED and size 0
02-26 21:47:51.507  1562  1601 I chatty  : uid=1000(system) android.bg expire 1 line
02-26 21:47:52.034  1562  3607 I chatty  : uid=1000(system) Binder:1562_10 expire 1 line
02-26 21:47:55.885  1171  1171 W wificond: Scan is not started. Ignore abort request
02-26 21:47:56.039  1562  2003 I chatty  : uid=1000(system) WifiStateMachin expire 1 line
02-26 21:47:56.399   788   802 E NetlinkEvent: NetlinkEvent::FindParam(): Parameter 'INTERFACE' not found
02-26 21:47:56.399   788   802 E NetlinkEvent: NetlinkEvent::FindParam(): Parameter 'STATE' not found
02-26 21:47:56.399   788   802 E NetlinkEvent: NetlinkEvent::FindParam(): Parameter 'TIME_NS' not found
02-26 21:47:56.399   788   802 E NetlinkEvent: NetlinkEvent::FindParam(): Parameter 'UID' not found
02-26 21:47:56.473  1562  2006 I chatty  : uid=1000(system) ConnectivitySer expire 7 lines
02-26 21:47:56.513  1562  1562 I chatty  : uid=1000 system_server expire 17 lines
02-26 21:48:03.714   620   620 I tad     : MiscTA Unit 2491: 
02-26 21:48:03.714   620   620 I tad     : WRITTEN (Size 500)
02-26 21:48:03.736   620   620 I tad     : Actual erase/write to flash done (count 13, time 1582721283).
02-26 21:48:03.736   620   620 I tad     : MiscTA: Write of unit 2491 completed - OK
02-26 21:52:11.037  1562  1604 I chatty  : uid=1000(system) ActivityManager expire 12 lines
02-26 21:52:11.126  1562  3608 I chatty  : uid=1000(system) Binder:1562_11 expire 5 lines
02-26 21:55:49.240  1168  1392 E storaged: getDiskStats failed with result NOT_SUPPORTED and size 0
02-26 22:00:51.810  1562  1602 I chatty  : uid=1000(system) ActivityManager expire 10 lines
02-26 22:03:55.275 14150 14150 D ActivityThread: Loading provider com.google.android.gm.sapi: com.google.android.gm.sapi.SapiUiProvider
02-26 22:04:02.406 14323 14679 E ActivityThread: Failed to find provider info for com.facebook.mlite.sso.MessengerLoggedInUserProvider
02-26 22:04:02.697  1562  1604 I chatty  : uid=1000(system) ActivityManager expire 8 lines
02-26 22:04:03.288 14693 14721 E ActivityThread: Failed to find provider info for com.facebook.appmanager.nekodirect
02-26 22:04:27.168  1168  1392 E storaged: getDiskStats failed with result NOT_SUPPORTED and size 0
02-26 22:05:27.170  1168  1392 E storaged: getDiskStats failed with result NOT_SUPPORTED and size 0
02-26 22:13:18.698  1562  1602 I chatty  : uid=1000(system) ActivityManager expire 9 lines
02-26 22:14:41.230  1168  1392 E storaged: getDiskStats failed with result NOT_SUPPORTED and size 0
02-26 22:24:12.484  1168  1392 E storaged: getDiskStats failed with result NOT_SUPPORTED and size 0
02-26 22:36:03.791  1168  1392 E storaged: getDiskStats failed with result NOT_SUPPORTED and size 0
02-26 22:40:38.540  1168  1392 E storaged: getDiskStats failed with result NOT_SUPPORTED and size 0
02-26 22:47:32.984  1562  1562 I chatty  : uid=1000 system_server expire 14 lines
02-26 22:47:33.089  1168  1392 E storaged: getDiskStats failed with result NOT_SUPPORTED and size 0
02-26 22:47:33.650  1562  1603 I chatty  : uid=1000(system) android.ui expire 2 lines
02-26 22:47:33.995  1562  3608 I chatty  : uid=1000(system) Binder:1562_11 expire 3 lines
02-26 22:47:34.023  1562  1602 I chatty  : uid=1000(system) ActivityManager expire 26 lines
02-26 22:47:35.412  1562 11193 I chatty  : uid=1000(system) Binder:1562_1C expire 3 lines
02-26 22:47:42.963  1562  1984 I chatty  : uid=1000(system) InputDispatcher expire 2 lines
02-26 22:47:43.967  1562  1985 I chatty  : uid=1000(system) InputReader expire 8 lines
02-26 22:47:43.972  1562  1613 I chatty  : uid=1000(system) PowerManagerSer expire 12 lines
02-26 22:47:44.251  1562  1610 I chatty  : uid=1000(system) android.display expire 5 lines
02-26 22:47:44.503  1562  2315 I chatty  : uid=1000(system) Binder:1562_6 expire 4 lines
02-26 22:47:46.386  1562  8406 I chatty  : uid=1000(system) Binder:1562_17 expire 1 line
02-26 22:47:46.398  1562  8710 I chatty  : uid=1000(system) Binder:1562_19 expire 3 lines
02-26 22:47:46.629  1562  1604 I chatty  : uid=1000(system) ActivityManager expire 10 lines
02-26 22:47:46.699  1562 12614 I chatty  : uid=1000(system) Binder:1562_1E expire 4 lines
02-26 22:47:47.008  1562  3609 I chatty  : uid=1000(system) Binder:1562_12 expire 3 lines
02-26 22:47:56.276  1562  2006 I chatty  : uid=1000(system) ConnectivitySer expire 20 lines
02-26 22:47:56.694  1562  3607 I chatty  : uid=1000(system) Binder:1562_10 expire 1 line
02-26 22:47:57.792  1562 13463 I chatty  : uid=1000(system) Binder:1562_1F expire 2 lines
02-26 22:48:33.090  1168  1392 E storaged: getDiskStats failed with result NOT_SUPPORTED and size 0
02-26 22:49:33.093  1168  1392 E storaged: getDiskStats failed with result NOT_SUPPORTED and size 0
02-26 22:49:51.327  1562  1602 I chatty  : uid=1000(system) ActivityManager expire 11 lines
02-26 22:49:58.602  1562  1601 I chatty  : uid=1000(system) android.bg expire 2 lines
02-26 22:50:33.095  1168  1392 E storaged: getDiskStats failed with result NOT_SUPPORTED and size 0
02-26 22:51:33.098  1168  1392 E storaged: getDiskStats failed with result NOT_SUPPORTED and size 0
02-26 22:52:33.100  1168  1392 E storaged: getDiskStats failed with result NOT_SUPPORTED and size 0
02-26 22:53:33.102  1168  1392 E storaged: getDiskStats failed with result NOT_SUPPORTED and size 0
02-26 22:53:48.958  1562  3606 I chatty  : uid=1000(system) Binder:1562_F expire 2 lines
02-26 22:54:33.104  1168  1392 E storaged: getDiskStats failed with result NOT_SUPPORTED and size 0
02-26 22:55:33.107  1168  1392 E storaged: getDiskStats failed with result NOT_SUPPORTED and size 0
02-26 23:00:02.352  1562  1606 I chatty  : uid=1000(system) batterystats-wo expire 1 line
02-26 23:01:12.207  1168  1392 E storaged: getDiskStats failed with result NOT_SUPPORTED and size 0
02-26 23:06:28.222  1168  1392 E storaged: getDiskStats failed with result NOT_SUPPORTED and size 0
02-26 23:12:22.891  1562  8271 I chatty  : uid=1000(system) Binder:1562_16 expire 1 line
02-26 23:13:07.105  1168  1392 E storaged: getDiskStats failed with result NOT_SUPPORTED and size 0
02-26 23:17:57.374  1562  2653 I chatty  : uid=1000(system) Binder:1562_9 expire 3 lines
02-26 23:24:39.575  1562  3604 I chatty  : uid=1000(system) Binder:1562_D expire 2 lines
02-26 23:30:00.514  1562  1562 I chatty  : uid=1000 system_server expire 10 lines
02-26 23:30:56.378  1168  1392 E storaged: getDiskStats failed with result NOT_SUPPORTED and size 0
02-26 23:30:56.703  1562  2006 I chatty  : uid=1000(system) ConnectivitySer expire 22 lines
02-26 23:31:03.835  1562  3083 I chatty  : uid=1000(system) Binder:1562_B expire 1 line
02-26 23:31:56.383  1168  1392 E storaged: getDiskStats failed with result NOT_SUPPORTED and size 0
02-26 23:31:58.085  1562  1602 I chatty  : uid=1000(system) ActivityManager expire 24 lines
02-26 23:40:17.847  1562  2279 I chatty  : uid=1000(system) Binder:1562_5 expire 1 line
02-26 23:47:22.683  1168  1392 E storaged: getDiskStats failed with result NOT_SUPPORTED and size 0
02-26 23:47:56.753  1562  1562 I chatty  : uid=1000 system_server expire 11 lines
02-26 23:59:03.754  1562  1604 I chatty  : uid=1000(system) ActivityManager expire 4 lines
02-26 23:59:03.845  1562  2563 I chatty  : uid=1000(system) Binder:1562_8 expire 7 lines
02-27 00:00:22.059  1562  3605 I chatty  : uid=1000(system) Binder:1562_E expire 1 line
02-27 00:00:23.263 17468 17786 E ActivityThread: Failed to find provider info for com.facebook.mlite.sso.MessengerLoggedInUserProvider
02-27 00:00:23.558  1562  1602 I chatty  : uid=1000(system) ActivityManager expire 9 lines
02-27 00:00:28.361  1562  1562 I chatty  : uid=1000 system_server expire 5 lines
02-27 00:00:28.362  1562  1613 I chatty  : uid=1000(system) PowerManagerSer expire 3 lines
02-27 00:02:48.468  1168  1392 E storaged: getDiskStats failed with result NOT_SUPPORTED and size 0
02-27 00:05:41.819  1562  5347 I chatty  : uid=1000(system) Binder:1562_13 expire 7 lines
02-27 00:09:51.653  1562  1562 I chatty  : uid=1000 system_server expire 11 lines
02-27 00:09:52.392  1562  2006 I chatty  : uid=1000(system) ConnectivitySer expire 10 lines
02-27 00:10:22.308  1168  1392 E storaged: getDiskStats failed with result NOT_SUPPORTED and size 0
02-27 00:20:49.549  1562  1604 I chatty  : uid=1000(system) ActivityManager expire 10 lines
02-27 00:20:49.636  1562  2563 I chatty  : uid=1000(system) Binder:1562_8 expire 6 lines
02-27 00:20:50.917  1562  3605 I chatty  : uid=1000(system) Binder:1562_E expire 8 lines
02-27 00:20:50.920  1562  1602 I chatty  : uid=1000(system) ActivityManager expire 13 lines
02-27 00:21:51.153  1168  1392 E storaged: getDiskStats failed with result NOT_SUPPORTED and size 0
02-27 00:23:28.011  1562  8027 I chatty  : uid=1000(system) Binder:1562_15 expire 5 lines
02-27 00:39:33.729  1562 10862 I chatty  : uid=1000(system) Binder:1562_1B expire 5 lines
02-27 00:45:15.862  1562 12538 I chatty  : uid=1000(system) Binder:1562_1D expire 3 lines
02-27 00:45:16.164  1562  2503 I chatty  : uid=1000(system) Binder:1562_7 expire 3 lines
02-27 00:50:19.954  1562 13463 I chatty  : uid=1000(system) Binder:1562_1F expire 10 lines
02-27 00:55:36.899  1168  1392 E storaged: getDiskStats failed with result NOT_SUPPORTED and size 0
02-27 01:11:29.546  1562  1602 I chatty  : uid=1000(system) ActivityManager expire 15 lines
02-27 01:11:32.705  1562  1986 I chatty  : uid=1000(system) NetworkWatchlis expire 2 lines
02-27 01:14:09.714  1168  1392 E storaged: getDiskStats failed with result NOT_SUPPORTED and size 0
02-27 01:15:15.902  1562 12614 I chatty  : uid=1000(system) Binder:1562_1E expire 4 lines
02-27 01:15:16.102  1562  1562 I chatty  : uid=1000 system_server expire 10 lines
02-27 01:24:41.241  1562  1606 I chatty  : uid=1000(system) batterystats-wo expire 4 lines
02-27 01:27:55.583  1562  2006 I chatty  : uid=1000(system) ConnectivitySer expire 10 lines
02-27 02:00:34.799  1168  1392 E storaged: getDiskStats failed with result NOT_SUPPORTED and size 0
02-27 02:01:34.804  1168  1392 E storaged: getDiskStats failed with result NOT_SUPPORTED and size 0
02-27 02:02:34.806  1168  1392 E storaged: getDiskStats failed with result NOT_SUPPORTED and size 0
02-27 02:03:34.810  1168  1392 E storaged: getDiskStats failed with result NOT_SUPPORTED and size 0
02-27 02:04:02.746  1562  1604 I chatty  : uid=1000(system) ActivityManager expire 8 lines
02-27 02:04:34.811  1168  1392 E storaged: getDiskStats failed with result NOT_SUPPORTED and size 0
02-27 02:05:34.813  1168  1392 E storaged: getDiskStats failed with result NOT_SUPPORTED and size 0
02-27 02:06:34.815  1168  1392 E storaged: getDiskStats failed with result NOT_SUPPORTED and size 0
02-27 02:07:15.034  1562  1602 I chatty  : uid=1000(system) ActivityManager expire 11 lines
02-27 02:12:19.087  1562  2653 I chatty  : uid=1000(system) Binder:1562_9 expire 5 lines
02-27 02:22:30.870  1168  1392 E storaged: getDiskStats failed with result NOT_SUPPORTED and size 0
02-27 02:47:58.051  1562  2006 I chatty  : uid=1000(system) ConnectivitySer expire 17 lines
02-27 02:47:58.236  1562  1562 I chatty  : uid=1000 system_server expire 10 lines
02-27 03:07:15.675  1562  3607 I chatty  : uid=1000(system) Binder:1562_10 expire 4 lines
02-27 03:27:18.226  1562  1586 I chatty  : uid=1000(system) Binder:1562_1 expire 5 lines
02-27 03:33:59.111  1168  1392 E storaged: getDiskStats failed with result NOT_SUPPORTED and size 0
02-27 03:43:38.847  1562  2006 I chatty  : uid=1000(system) ConnectivitySer expire 24 lines
02-27 03:47:21.307  1562  1602 I chatty  : uid=1000(system) ActivityManager expire 13 lines
02-27 03:47:58.598  1562 15900 I chatty  : uid=1000(system) Binder:1562_20 expire 2 lines
02-27 03:56:29.152  1562  2279 I chatty  : uid=1000(system) Binder:1562_5 expire 1 line
02-27 03:56:30.149  1562  3606 I chatty  : uid=1000(system) Binder:1562_F expire 1 line
02-27 03:56:39.029  1562  3083 I chatty  : uid=1000(system) Binder:1562_B expire 3 lines
02-27 03:56:48.953  1562  1601 I chatty  : uid=1000(system) android.bg expire 1 line
02-27 04:04:49.118  1168  1392 E storaged: getDiskStats failed with result NOT_SUPPORTED and size 0
02-27 04:14:12.891  1562  1562 I chatty  : uid=1000 system_server expire 8 lines
02-27 04:57:39.369  1168  1392 E storaged: getDiskStats failed with result NOT_SUPPORTED and size 0
02-27 05:07:27.303  1562  1602 I chatty  : uid=1000(system) ActivityManager expire 17 lines
02-27 05:25:00.573 19821 19821 E LoadedApk: Unable to instantiate appComponentFactory
02-27 05:25:00.573 19821 19821 E LoadedApk: java.lang.ClassNotFoundException: Didn't find class "android.support.v4.app.CoreComponentFactory" on path: DexPathList[[zip file "/data/app/com.google.android.deskclock-1ONalAbrIfpwObO7pPqwsQ==/base.apk"],nativeLibraryDirectories=[/data/app/com.google.android.deskclock-1ONalAbrIfpwObO7pPqwsQ==/lib/arm64, /system/lib64, /vendor/lib64]]
02-27 05:25:00.573 19821 19821 E LoadedApk: 	at dalvik.system.BaseDexClassLoader.findClass(BaseDexClassLoader.java:134)
02-27 05:25:00.573 19821 19821 E LoadedApk: 	at java.lang.ClassLoader.loadClass(ClassLoader.java:379)
02-27 05:25:00.573 19821 19821 E LoadedApk: 	at java.lang.ClassLoader.loadClass(ClassLoader.java:312)
02-27 05:25:00.573 19821 19821 E LoadedApk: 	at android.app.LoadedApk.createAppFactory(LoadedApk.java:231)
02-27 05:25:00.573 19821 19821 E LoadedApk: 	at android.app.LoadedApk.createOrUpdateClassLoaderLocked(LoadedApk.java:736)
02-27 05:25:00.573 19821 19821 E LoadedApk: 	at android.app.LoadedApk.getClassLoader(LoadedApk.java:815)
02-27 05:25:00.573 19821 19821 E LoadedApk: 	at android.app.LoadedApk.getResources(LoadedApk.java:1037)
02-27 05:25:00.573 19821 19821 E LoadedApk: 	at android.app.ContextImpl.createAppContext(ContextImpl.java:2345)
02-27 05:25:00.573 19821 19821 E LoadedApk: 	at android.app.ActivityThread.handleBindApplication(ActivityThread.java:5777)
02-27 05:25:00.573 19821 19821 E LoadedApk: 	at android.app.ActivityThread.access$1100(ActivityThread.java:205)
02-27 05:25:00.573 19821 19821 E LoadedApk: 	at android.app.ActivityThread$H.handleMessage(ActivityThread.java:1656)
02-27 05:25:00.573 19821 19821 E LoadedApk: 	at android.os.Handler.dispatchMessage(Handler.java:106)
02-27 05:25:00.573 19821 19821 E LoadedApk: 	at android.os.Looper.loop(Looper.java:280)
02-27 05:25:00.573 19821 19821 E LoadedApk: 	at android.app.ActivityThread.main(ActivityThread.java:6710)
02-27 05:25:00.573 19821 19821 E LoadedApk: 	at java.lang.reflect.Method.invoke(Native Method)
