02-27 05:25:00.573 19821 19821 E LoadedApk: 	at com.android.internal.os.RuntimeInit$MethodAndArgsCaller.run(RuntimeInit.java:493)
02-27 05:25:00.573 19821 19821 E LoadedApk: 	at com.android.internal.os.ZygoteInit.main(ZygoteInit.java:858)
02-27 05:25:00.794  1562  1562 I chatty  : uid=1000 system_server expire 13 lines
02-27 05:25:00.812  1562  1604 I chatty  : uid=1000(system) ActivityManager expire 11 lines
02-27 05:25:00.859  1562 15900 I chatty  : uid=1000(system) Binder:1562_20 expire 3 lines
02-27 05:25:10.252  1562  2279 I chatty  : uid=1000(system) Binder:1562_5 expire 4 lines
02-27 05:25:10.286  1562  3607 I chatty  : uid=1000(system) Binder:1562_10 expire 5 lines
02-27 05:25:10.466  1562  3083 I chatty  : uid=1000(system) Binder:1562_B expire 4 lines
02-27 05:27:30.147  1562  8027 I chatty  : uid=1000(system) Binder:1562_15 expire 7 lines
02-27 05:47:59.360  1562  2006 I chatty  : uid=1000(system) ConnectivitySer expire 21 lines
02-27 05:50:52.787  1562  2503 I chatty  : uid=1000(system) Binder:1562_7 expire 1 line
02-27 06:04:31.711  1168  1392 E storaged: getDiskStats failed with result NOT_SUPPORTED and size 0
02-27 06:07:41.661  1562  1562 I chatty  : uid=1000 system_server expire 11 lines
02-27 06:07:52.675  1562 10862 I chatty  : uid=1000(system) Binder:1562_1B expire 1 line
02-27 06:21:31.569  1562  1606 I chatty  : uid=1000(system) batterystats-wo expire 2 lines
02-27 06:42:31.667  1562  1985 I chatty  : uid=1000(system) InputReader expire 6 lines
02-27 06:42:31.700  1562  1613 I chatty  : uid=1000(system) PowerManagerSer expire 12 lines
02-27 06:42:31.775  1562  1610 I chatty  : uid=1000(system) android.display expire 4 lines
02-27 06:42:32.087  1562 13463 I chatty  : uid=1000(system) Binder:1562_1F expire 5 lines
02-27 06:42:32.388  1562  1603 I chatty  : uid=1000(system) android.ui expire 2 lines
02-27 06:42:32.737  1562  3606 I chatty  : uid=1000(system) Binder:1562_F expire 4 lines
02-27 06:42:33.450  1562  1587 I chatty  : uid=1000(system) Binder:1562_2 expire 7 lines
02-27 06:42:34.023  1562  3609 I chatty  : uid=1000(system) Binder:1562_12 expire 5 lines
02-27 06:42:35.317  1562 12538 I chatty  : uid=1000(system) Binder:1562_1D expire 2 lines
02-27 06:42:36.235  1562  1618 I chatty  : uid=1000(system) PackageManager expire 2 lines
02-27 06:42:36.340  1562  2017 I chatty  : uid=1000(system) Binder:1562_3 expire 4 lines
02-27 06:42:36.886  1562  2315 I chatty  : uid=1000(system) Binder:1562_6 expire 4 lines
02-27 06:42:37.591 20579 20579 E LoadedApk: Unable to instantiate appComponentFactory
02-27 06:42:37.591 20579 20579 E LoadedApk: java.lang.ClassNotFoundException: Didn't find class "android.support.v4.app.CoreComponentFactory" on path: DexPathList[[zip file "/system/framework/org.apache.http.legacy.boot.jar", zip file "/oem/priv-app/com.kddi.android.auhomelauncher/com.kddi.android.auhomelauncher.apk"],nativeLibraryDirectories=[/oem/priv-app/com.kddi.android.auhomelauncher/lib/arm64, /system/lib64, /vendor/lib64, /system/lib64, /vendor/lib64]]
02-27 06:42:37.591 20579 20579 E LoadedApk: 	at dalvik.system.BaseDexClassLoader.findClass(BaseDexClassLoader.java:134)
02-27 06:42:37.591 20579 20579 E LoadedApk: 	at java.lang.ClassLoader.loadClass(ClassLoader.java:379)
02-27 06:42:37.591 20579 20579 E LoadedApk: 	at java.lang.ClassLoader.loadClass(ClassLoader.java:312)
02-27 06:42:37.591 20579 20579 E LoadedApk: 	at android.app.LoadedApk.createAppFactory(LoadedApk.java:231)
02-27 06:42:37.591 20579 20579 E LoadedApk: 	at android.app.LoadedApk.createOrUpdateClassLoaderLocked(LoadedApk.java:736)
02-27 06:42:37.591 20579 20579 E LoadedApk: 	at android.app.LoadedApk.getClassLoader(LoadedApk.java:815)
02-27 06:42:37.591 20579 20579 E LoadedApk: 	at android.app.LoadedApk.getResources(LoadedApk.java:1037)
02-27 06:42:37.591 20579 20579 E LoadedApk: 	at android.app.ContextImpl.createAppContext(ContextImpl.java:2345)
02-27 06:42:37.591 20579 20579 E LoadedApk: 	at android.app.ActivityThread.handleBindApplication(ActivityThread.java:5777)
02-27 06:42:37.591 20579 20579 E LoadedApk: 	at android.app.ActivityThread.access$1100(ActivityThread.java:205)
02-27 06:42:37.591 20579 20579 E LoadedApk: 	at android.app.ActivityThread$H.handleMessage(ActivityThread.java:1656)
02-27 06:42:37.591 20579 20579 E LoadedApk: 	at android.os.Handler.dispatchMessage(Handler.java:106)
02-27 06:42:37.591 20579 20579 E LoadedApk: 	at android.os.Looper.loop(Looper.java:280)
02-27 06:42:37.591 20579 20579 E LoadedApk: 	at android.app.ActivityThread.main(ActivityThread.java:6710)
02-27 06:42:37.591 20579 20579 E LoadedApk: 	at java.lang.reflect.Method.invoke(Native Method)
02-27 06:42:37.591 20579 20579 E LoadedApk: 	at com.android.internal.os.RuntimeInit$MethodAndArgsCaller.run(RuntimeInit.java:493)
02-27 06:42:37.591 20579 20579 E LoadedApk: 	at com.android.internal.os.ZygoteInit.main(ZygoteInit.java:858)
02-27 06:42:37.825  1562  1562 I chatty  : uid=1000 system_server expire 13 lines
02-27 06:42:38.000  1562  1604 I chatty  : uid=1000(system) ActivityManager expire 12 lines
02-27 06:42:38.294  1562  3604 I chatty  : uid=1000(system) Binder:1562_D expire 3 lines
02-27 06:42:38.806  1562  1601 I chatty  : uid=1000(system) android.bg expire 2 lines
02-27 06:42:41.065  1562  2716 I chatty  : uid=1000(system) Binder:1562_A expire 2 lines
02-27 06:42:41.604  1562 10324 I chatty  : uid=1000(system) Binder:1562_1A expire 1 line
02-27 06:42:41.865  1562  8271 I chatty  : uid=1000(system) Binder:1562_16 expire 2 lines
02-27 06:42:47.040  1562  1602 I chatty  : uid=1000(system) ActivityManager expire 18 lines
02-27 06:42:47.133 20907 21226 E ActivityThread: Failed to find provider info for com.facebook.mlite.sso.MessengerLoggedInUserProvider
02-27 06:42:56.724  1562 12614 I chatty  : uid=1000(system) Binder:1562_1E expire 1 line
02-27 06:42:57.024  1168  1392 E storaged: getDiskStats failed with result NOT_SUPPORTED and size 0
02-27 06:43:05.299  1562  2006 I chatty  : uid=1000(system) ConnectivitySer expire 10 lines
02-27 06:43:15.461  1562  2563 I chatty  : uid=1000(system) Binder:1562_8 expire 1 line
02-27 06:43:34.379  1562  6582 I chatty  : uid=1000(system) Binder:1562_14 expire 2 lines
02-27 06:43:45.395  1562  8471 I chatty  : uid=1000(system) Binder:1562_18 expire 4 lines
02-27 06:43:57.026  1168  1392 E storaged: getDiskStats failed with result NOT_SUPPORTED and size 0
02-27 06:44:47.298  1562  1602 I chatty  : uid=1000(system) ActivityManager expire 4 lines
02-27 06:44:57.029  1168  1392 E storaged: getDiskStats failed with result NOT_SUPPORTED and size 0
02-27 06:45:57.030  1168  1392 E storaged: getDiskStats failed with result NOT_SUPPORTED and size 0
02-27 06:46:57.033  1168  1392 E storaged: getDiskStats failed with result NOT_SUPPORTED and size 0
02-27 06:47:57.036  1168  1392 E storaged: getDiskStats failed with result NOT_SUPPORTED and size 0
02-27 06:47:59.434  1562  1562 I chatty  : uid=1000 system_server expire 7 lines
02-27 06:47:59.457  1562  2006 I chatty  : uid=1000(system) ConnectivitySer expire 5 lines
02-27 06:47:59.511  1562  8406 I chatty  : uid=1000(system) Binder:1562_17 expire 1 line
02-27 06:48:29.428  1562  2653 I chatty  : uid=1000(system) Binder:1562_9 expire 2 lines
02-27 06:48:57.038  1168  1392 E storaged: getDiskStats failed with result NOT_SUPPORTED and size 0
02-27 06:49:57.041  1168  1392 E storaged: getDiskStats failed with result NOT_SUPPORTED and size 0
02-27 06:50:57.042  1168  1392 E storaged: getDiskStats failed with result NOT_SUPPORTED and size 0
02-27 06:55:00.555  1562  1604 I chatty  : uid=1000(system) ActivityManager expire 2 lines
02-27 06:55:00.588  1562  8710 I chatty  : uid=1000(system) Binder:1562_19 expire 4 lines
02-27 06:55:43.995  1562  2716 I chatty  : uid=1000(system) Binder:1562_A expire 3 lines
02-27 06:55:44.123  1562  8406 I chatty  : uid=1000(system) Binder:1562_17 expire 6 lines
02-27 06:55:44.533  1562  1562 I chatty  : uid=1000 system_server expire 18 lines
02-27 06:57:37.526  1562  1604 I chatty  : uid=1000(system) ActivityManager expire 11 lines
02-27 06:57:37.566  1562  2315 I chatty  : uid=1000(system) Binder:1562_6 expire 4 lines
02-27 06:57:38.273  1562  6582 I chatty  : uid=1000(system) Binder:1562_14 expire 6 lines
02-27 06:57:38.640  1168  1392 E storaged: getDiskStats failed with result NOT_SUPPORTED and size 0
02-27 07:00:57.742  1562  3607 I chatty  : uid=1000(system) Binder:1562_10 expire 3 lines
02-27 07:00:58.920  1562  8471 I chatty  : uid=1000(system) Binder:1562_18 expire 5 lines
02-27 07:02:45.405  1562 10862 I chatty  : uid=1000(system) Binder:1562_1B expire 5 lines
02-27 07:02:46.473  1562  2017 I chatty  : uid=1000(system) Binder:1562_3 expire 3 lines
02-27 07:03:14.490  1562  1602 I chatty  : uid=1000(system) ActivityManager expire 15 lines
02-27 07:03:14.516  1562  1613 I chatty  : uid=1000(system) PowerManagerSer expire 12 lines
02-27 07:03:14.591  1562  1610 I chatty  : uid=1000(system) android.display expire 12 lines
02-27 07:03:17.882  1562 13463 I chatty  : uid=1000(system) Binder:1562_1F expire 8 lines
02-27 07:03:18.797  1562  1603 I chatty  : uid=1000(system) android.ui expire 3 lines
02-27 07:03:19.482  1562  2006 I chatty  : uid=1000(system) ConnectivitySer expire 6 lines
02-27 07:03:21.615  1562  1985 I chatty  : uid=1000(system) InputReader expire 11 lines
02-27 07:03:26.926  1562  1606 I chatty  : uid=1000(system) batterystats-wo expire 1 line
02-27 07:03:27.475  1562  3605 I chatty  : uid=1000(system) Binder:1562_E expire 1 line
02-27 07:03:35.021  1562  3609 I chatty  : uid=1000(system) Binder:1562_12 expire 2 lines
02-27 07:03:44.528  1562  1601 I chatty  : uid=1000(system) android.bg expire 1 line
02-27 07:03:49.702  1168  1392 E storaged: getDiskStats failed with result NOT_SUPPORTED and size 0
02-27 07:04:21.199  1562  1562 I chatty  : uid=1000 system_server expire 38 lines
02-27 07:04:21.213  1562  1613 I chatty  : uid=1000(system) PowerManagerSer expire 12 lines
02-27 07:04:49.634  1562  3603 I chatty  : uid=1000(system) Binder:1562_C expire 1 line
02-27 07:04:51.469  1562  1984 I chatty  : uid=1000(system) InputDispatcher expire 1 line
02-27 07:06:22.542  1168  1392 E storaged: getDiskStats failed with result NOT_SUPPORTED and size 0
02-27 07:08:04.854  1562  1604 I chatty  : uid=1000(system) ActivityManager expire 12 lines
02-27 07:08:05.038  1562  8027 I chatty  : uid=1000(system) Binder:1562_15 expire 5 lines
02-27 07:09:10.025  1562  3608 I chatty  : uid=1000(system) Binder:1562_11 expire 3 lines
02-27 07:09:19.725  1562  1602 I chatty  : uid=1000(system) ActivityManager expire 6 lines
02-27 07:17:09.506  1562  5347 I chatty  : uid=1000(system) Binder:1562_13 expire 1 line
02-27 07:17:10.944  1562  8271 I chatty  : uid=1000(system) Binder:1562_16 expire 1 line
02-27 07:17:11.731  1562 11193 I chatty  : uid=1000(system) Binder:1562_1C expire 5 lines
02-27 07:25:00.996  1562  1613 I chatty  : uid=1000(system) PowerManagerSer expire 6 lines
02-27 07:25:04.172  1562 12614 I chatty  : uid=1000(system) Binder:1562_1E expire 4 lines
02-27 07:25:06.877  1562  1985 I chatty  : uid=1000(system) InputReader expire 2 lines
02-27 07:25:09.044 19821 22926 E ActivityThread: Failed to find provider info for com.google.android.apps.wellbeing.api
02-27 07:25:19.731  1168  1392 E storaged: getDiskStats failed with result NOT_SUPPORTED and size 0
02-27 07:25:21.633  1562  2563 I chatty  : uid=1000(system) Binder:1562_8 expire 1 line
02-27 07:25:21.642  1562  2503 I chatty  : uid=1000(system) Binder:1562_7 expire 4 lines
02-27 07:31:07.813  1168  1392 E storaged: getDiskStats failed with result NOT_SUPPORTED and size 0
02-27 07:46:10.276  1562  1562 I chatty  : uid=1000 system_server expire 4 lines
02-27 07:46:11.087  1562 10324 I chatty  : uid=1000(system) Binder:1562_1A expire 1 line
02-27 07:46:14.538  1562 12614 I chatty  : uid=1000(system) Binder:1562_1E expire 3 lines
02-27 07:46:14.541  1562  1602 I chatty  : uid=1000(system) ActivityManager expire 14 lines
02-27 07:46:14.556  1562  1562 I chatty  : uid=1000 system_server expire 23 lines
02-27 07:46:14.569  1562  3607 I chatty  : uid=1000(system) Binder:1562_10 expire 5 lines
02-27 07:46:14.886  1562  1604 I chatty  : uid=1000(system) ActivityManager expire 8 lines
02-27 07:46:14.920  1562  2503 I chatty  : uid=1000(system) Binder:1562_7 expire 6 lines
02-27 07:47:59.952  1562 13463 I chatty  : uid=1000(system) Binder:1562_1F expire 1 line
02-27 07:47:59.973  1562  2006 I chatty  : uid=1000(system) ConnectivitySer expire 17 lines
02-27 07:48:00.057  1562  3605 I chatty  : uid=1000(system) Binder:1562_E expire 5 lines
02-27 07:48:00.076  1562  2563 I chatty  : uid=1000(system) Binder:1562_8 expire 8 lines
02-27 07:51:16.321  1562  1606 I chatty  : uid=1000(system) batterystats-wo expire 3 lines
02-27 07:51:17.799  1168  1392 E storaged: getDiskStats failed with result NOT_SUPPORTED and size 0
02-27 07:51:54.438  1562 11193 I chatty  : uid=1000(system) Binder:1562_1C expire 1 line
02-27 07:56:02.833  1562  2006 I chatty  : uid=1000(system) ConnectivitySer expire 24 lines
02-27 08:03:26.337  1168  1392 E storaged: getDiskStats failed with result NOT_SUPPORTED and size 0
02-27 08:07:07.364  1562  3604 I chatty  : uid=1000(system) Binder:1562_D expire 6 lines
02-27 08:09:39.361  1562  8406 I chatty  : uid=1000(system) Binder:1562_17 expire 1 line
02-27 08:11:11.529  1168  1392 E storaged: getDiskStats failed with result NOT_SUPPORTED and size 0
02-27 08:20:33.907  1562  2017 I chatty  : uid=1000(system) Binder:1562_3 expire 1 line
02-27 08:29:39.986  1562  2653 I chatty  : uid=1000(system) Binder:1562_9 expire 1 line
02-27 08:31:32.262  1562  2000 I chatty  : uid=1000(system) tworkPolicy.uid expire 1 line
02-27 08:32:30.316  1168  1392 E storaged: getDiskStats failed with result NOT_SUPPORTED and size 0
02-27 08:39:51.625  1562  1985 I chatty  : uid=1000(system) InputReader expire 5 lines
02-27 08:39:51.661  1562  1613 I chatty  : uid=1000(system) PowerManagerSer expire 12 lines
02-27 08:39:51.732  1562  1610 I chatty  : uid=1000(system) android.display expire 5 lines
02-27 08:39:54.878  1562  3606 I chatty  : uid=1000(system) Binder:1562_F expire 5 lines
02-27 08:39:54.900  1562  1602 I chatty  : uid=1000(system) ActivityManager expire 16 lines
02-27 08:39:55.095  1562  1603 I chatty  : uid=1000(system) android.ui expire 3 lines
02-27 08:42:33.808  1562  3083 I chatty  : uid=1000(system) Binder:1562_B expire 2 lines
02-27 08:44:09.823  1168  1392 E storaged: getDiskStats failed with result NOT_SUPPORTED and size 0
02-27 08:48:00.382  1562  1562 I chatty  : uid=1000 system_server expire 22 lines
02-27 08:48:00.389  1562  2006 I chatty  : uid=1000(system) ConnectivitySer expire 7 lines
02-27 08:50:20.003  1562  3603 I chatty  : uid=1000(system) Binder:1562_C expire 2 lines
02-27 08:50:20.209  1562  1602 I chatty  : uid=1000(system) ActivityManager expire 17 lines
02-27 09:06:59.486  1562  1978 I chatty  : uid=1000(system) AlarmManager expire 1 line
02-27 09:07:02.679  1562 12538 I chatty  : uid=1000(system) Binder:1562_1D expire 2 lines
02-27 09:07:05.648  1562  1601 I chatty  : uid=1000(system) android.bg expire 1 line
02-27 09:10:00.864  1562  2315 I chatty  : uid=1000(system) Binder:1562_6 expire 1 line
02-27 09:10:01.555  1168  1392 E storaged: getDiskStats failed with result NOT_SUPPORTED and size 0
02-27 09:10:04.606  1562  1562 I chatty  : uid=1000 system_server expire 6 lines
02-27 09:10:07.661 19821 25175 E ActivityThread: Failed to find provider info for com.google.android.apps.wellbeing.api
02-27 09:10:31.376  1562  1602 I chatty  : uid=1000(system) ActivityManager expire 21 lines
02-27 09:11:04.139  1168  1392 E storaged: getDiskStats failed with result NOT_SUPPORTED and size 0
02-27 09:33:13.433  1168  1392 E storaged: getDiskStats failed with result NOT_SUPPORTED and size 0
02-27 09:40:29.212  1562  1985 I chatty  : uid=1000(system) InputReader expire 9 lines
02-27 09:40:29.213  1562  1562 I chatty  : uid=1000 system_server expire 14 lines
02-27 09:40:29.351  1562  1604 I chatty  : uid=1000(system) ActivityManager expire 16 lines
02-27 09:40:29.381  1562  2426 I chatty  : uid=1000(system) uteStateMachine expire 7 lines
02-27 09:40:29.408  1562  3605 I chatty  : uid=1000(system) Binder:1562_E expire 3 lines
02-27 09:40:29.595  1562  3604 I chatty  : uid=1000(system) Binder:1562_D expire 1 line
02-27 09:40:29.752 25442 25442 W ContextImpl: Calling a method in the system process without a qualified user: android.app.ContextImpl.startService:1531 android.content.ContextWrapper.startService:664 android.content.ContextWrapper.startService:664 com.sonyericsson.usbux.service.UsbHostPollingReceiver.onReceive:61 android.app.ActivityThread.handleReceiver:3386 
02-27 09:40:29.777  1562  2315 I chatty  : uid=1000(system) Binder:1562_6 expire 3 lines
02-27 09:40:29.979  1562  1613 I chatty  : uid=1000(system) PowerManagerSer expire 12 lines
02-27 09:40:30.009  1562  1610 I chatty  : uid=1000(system) android.display expire 5 lines
02-27 09:40:30.521  1562  1603 I chatty  : uid=1000(system) android.ui expire 2 lines
02-27 09:40:30.918  1562  2563 I chatty  : uid=1000(system) Binder:1562_8 expire 2 lines
02-27 09:40:30.927  1562 10862 I chatty  : uid=1000(system) Binder:1562_1B expire 10 lines
02-27 09:40:31.700  1562  1984 I chatty  : uid=1000(system) InputDispatcher expire 3 lines
02-27 09:40:39.226  1562  3083 I chatty  : uid=1000(system) Binder:1562_B expire 3 lines
02-27 09:40:41.075  1562  2653 I chatty  : uid=1000(system) Binder:1562_9 expire 5 lines
02-27 09:40:44.280 25588 25931 E ActivityThread: Failed to find provider info for com.facebook.mlite.sso.MessengerLoggedInUserProvider
02-27 09:40:44.536  1562  1602 I chatty  : uid=1000(system) ActivityManager expire 18 lines
02-27 09:40:44.644  1562 12538 I chatty  : uid=1000(system) Binder:1562_1D expire 5 lines
02-27 09:40:44.665  1562  1562 I chatty  : uid=1000 system_server expire 17 lines
02-27 09:40:46.347 25953 25982 E ActivityThread: Failed to find provider info for com.facebook.appmanager.nekodirect
02-27 09:40:48.441  1562 15900 I chatty  : uid=1000(system) Binder:1562_20 expire 2 lines
02-27 09:40:54.273  1562  1601 I chatty  : uid=1000(system) android.bg expire 2 lines
02-27 09:40:54.345  1562  2006 I chatty  : uid=1000(system) ConnectivitySer expire 10 lines
02-27 09:41:01.252  1562  6582 I chatty  : uid=1000(system) Binder:1562_14 expire 4 lines
02-27 09:41:11.706  1168  1392 E storaged: getDiskStats failed with result NOT_SUPPORTED and size 0
02-27 09:42:11.707  1168  1392 E storaged: getDiskStats failed with result NOT_SUPPORTED and size 0
02-27 09:43:11.709  1168  1392 E storaged: getDiskStats failed with result NOT_SUPPORTED and size 0
02-27 09:44:11.711  1168  1392 E storaged: getDiskStats failed with result NOT_SUPPORTED and size 0
02-27 09:45:05.012  1562  2279 I chatty  : uid=1000(system) Binder:1562_5 expire 2 lines
02-27 09:45:07.917  1562  8027 I chatty  : uid=1000(system) Binder:1562_15 expire 3 lines
02-27 09:45:11.251  1562  3607 I chatty  : uid=1000(system) Binder:1562_10 expire 7 lines
02-27 09:45:11.712  1168  1392 E storaged: getDiskStats failed with result NOT_SUPPORTED and size 0
02-27 09:45:21.606  1562 11600 I chatty  : uid=1000(system) SmartCleanerSer expire 23 lines
02-27 09:45:27.096  1562  1604 I chatty  : uid=1000(system) ActivityManager expire 10 lines
02-27 09:45:27.147  1562  1587 I chatty  : uid=1000(system) Binder:1562_2 expire 4 lines
02-27 09:46:11.724  1168  1392 E storaged: getDiskStats failed with result NOT_SUPPORTED and size 0
02-27 09:46:20.148  1562  1606 I chatty  : uid=1000(system) batterystats-wo expire 10 lines
02-27 09:46:41.699  1562  5347 I chatty  : uid=1000(system) Binder:1562_13 expire 1 line
02-27 09:46:42.432  1562  1602 I chatty  : uid=1000(system) ActivityManager expire 6 lines
02-27 09:46:56.914  1562  2006 I chatty  : uid=1000(system) ConnectivitySer expire 2 lines
02-27 09:47:11.725  1168  1392 E storaged: getDiskStats failed with result NOT_SUPPORTED and size 0
02-27 09:47:29.602  1562  1562 I chatty  : uid=1000 system_server expire 6 lines
02-27 09:48:11.726  1168  1392 E storaged: getDiskStats failed with result NOT_SUPPORTED and size 0
02-27 09:49:03.517  1562  1613 I chatty  : uid=1000(system) PowerManagerSer expire 16 lines
02-27 09:49:05.173  1562  1602 I chatty  : uid=1000(system) ActivityManager expire 10 lines
02-27 09:49:05.335  1562  1562 I chatty  : uid=1000 system_server expire 10 lines
02-27 09:49:05.385  1562  1603 I chatty  : uid=1000(system) android.ui expire 1 line
02-27 09:49:11.727  1168  1392 E storaged: getDiskStats failed with result NOT_SUPPORTED and size 0
02-27 09:49:36.827  1562  1601 I chatty  : uid=1000(system) android.bg expire 3 lines
02-27 09:50:11.729  1168  1392 E storaged: getDiskStats failed with result NOT_SUPPORTED and size 0
02-27 09:50:31.916  1562  1604 I chatty  : uid=1000(system) ActivityManager expire 17 lines
02-27 09:50:31.952  1562  3083 I chatty  : uid=1000(system) Binder:1562_B expire 6 lines
02-27 09:50:31.970  1562 10862 I chatty  : uid=1000(system) Binder:1562_1B expire 1 line
02-27 09:50:31.984  1562  8710 I chatty  : uid=1000(system) Binder:1562_19 expire 5 lines
02-27 09:50:32.533  1562  2503 I chatty  : uid=1000(system) Binder:1562_7 expire 2 lines
02-27 09:51:11.732  1168  1392 E storaged: getDiskStats failed with result NOT_SUPPORTED and size 0
02-27 09:52:11.733  1168  1392 E storaged: getDiskStats failed with result NOT_SUPPORTED and size 0
02-27 09:52:59.678  1562  1606 I chatty  : uid=1000(system) batterystats-wo expire 7 lines
02-27 09:52:59.694  1562  3605 I chatty  : uid=1000(system) Binder:1562_E expire 2 lines
02-27 09:53:11.735  1168  1392 E storaged: getDiskStats failed with result NOT_SUPPORTED and size 0
02-27 09:53:59.672  1562  2006 I chatty  : uid=1000(system) ConnectivitySer expire 23 lines
02-27 09:54:11.736  1168  1392 E storaged: getDiskStats failed with result NOT_SUPPORTED and size 0
02-27 09:54:34.703  1562  1610 I chatty  : uid=1000(system) android.display expire 4 lines
02-27 09:56:14.716  1562  1985 I chatty  : uid=1000(system) InputReader expire 1 line
02-27 09:56:33.841  1168  1392 E storaged: getDiskStats failed with result NOT_SUPPORTED and size 0
02-27 09:57:33.843  1168  1392 E storaged: getDiskStats failed with result NOT_SUPPORTED and size 0
02-27 09:58:02.590  1562  1609 I chatty  : uid=1000(system) android.io expire 3 lines
02-27 09:58:33.843  1168  1392 E storaged: getDiskStats failed with result NOT_SUPPORTED and size 0
02-27 09:59:31.249  1562 12538 I chatty  : uid=1000(system) Binder:1562_1D expire 4 lines
02-27 09:59:33.969  1168  1392 E storaged: getDiskStats failed with result NOT_SUPPORTED and size 0
02-27 10:00:33.971  1168  1392 E storaged: getDiskStats failed with result NOT_SUPPORTED and size 0
02-27 10:00:52.147  1562  1562 I chatty  : uid=1000 system_server expire 10 lines
02-27 10:01:33.973  1168  1392 E storaged: getDiskStats failed with result NOT_SUPPORTED and size 0
02-27 10:02:33.975  1168  1392 E storaged: getDiskStats failed with result NOT_SUPPORTED and size 0
02-27 10:03:33.977  1168  1392 E storaged: getDiskStats failed with result NOT_SUPPORTED and size 0
02-27 10:04:33.978  1168  1392 E storaged: getDiskStats failed with result NOT_SUPPORTED and size 0
02-27 10:05:33.980  1168  1392 E storaged: getDiskStats failed with result NOT_SUPPORTED and size 0
02-27 10:06:13.864  1562  6582 I chatty  : uid=1000(system) Binder:1562_14 expire 7 lines
02-27 10:06:33.983  1168  1392 E storaged: getDiskStats failed with result NOT_SUPPORTED and size 0
02-27 10:07:33.984  1168  1392 E storaged: getDiskStats failed with result NOT_SUPPORTED and size 0
02-27 10:08:33.985  1168  1392 E storaged: getDiskStats failed with result NOT_SUPPORTED and size 0
02-27 10:09:33.986  1168  1392 E storaged: getDiskStats failed with result NOT_SUPPORTED and size 0
02-27 10:09:52.538  1562  1562 I chatty  : uid=1000 system_server expire 10 lines
02-27 10:10:33.988  1168  1392 E storaged: getDiskStats failed with result NOT_SUPPORTED and size 0
02-27 10:11:33.989  1168  1392 E storaged: getDiskStats failed with result NOT_SUPPORTED and size 0
02-27 10:12:06.659  1562  1587 I chatty  : uid=1000(system) Binder:1562_2 expire 9 lines
02-27 10:12:06.661  1562  1602 I chatty  : uid=1000(system) ActivityManager expire 14 lines
02-27 10:12:33.990  1168  1392 E storaged: getDiskStats failed with result NOT_SUPPORTED and size 0
02-27 10:12:49.015  1562  2006 I chatty  : uid=1000(system) ConnectivitySer expire 10 lines
02-27 10:12:51.092  1562  2041 I chatty  : uid=1000(system) HwBinder:1562_3 expire 4 lines
02-27 10:12:51.093  1562  1608 I chatty  : uid=1000(system) android.fg expire 8 lines
02-27 10:12:51.449 28521 28521 W ContextImpl: Calling a method in the system process without a qualified user: android.app.ContextImpl.startService:1531 android.content.ContextWrapper.startService:664 android.content.ContextWrapper.startService:664 com.sonyericsson.usbux.service.UsbServiceReceiver.onReceive:108 android.app.ActivityThread.handleReceiver:3386 
02-27 10:12:51.457  1562  1613 I chatty  : uid=1000(system) PowerManagerSer expire 4 lines
02-27 10:12:51.578  8818  8818 W ContextImpl: Calling a method in the system process without a qualified user: android.app.ContextImpl.startService:1531 android.content.ContextWrapper.startService:664 com.sonymobile.smartcharger.SmartChargeConnectStateReceiver.onReceive:53 android.app.LoadedApk$ReceiverDispatcher$Args.lambda$getRunnable$0:1397 android.app.-$$Lambda$LoadedApk$ReceiverDispatcher$Args$_BumDX2UKsnxLVrE6UJsJZkotuA.run:2 
02-27 10:12:51.681  8818  8818 W ContextImpl: Calling a method in the system process without a qualified user: android.app.ContextImpl.startService:1531 android.content.ContextWrapper.startService:664 com.sonymobile.smartcharger.ChargerPlugFilterService$1.run:193 android.os.Handler.handleCallback:873 android.os.Handler.dispatchMessage:99 
02-27 10:12:51.743 28521 28521 W ContextImpl: Calling a method in the system process without a qualified user: android.app.ContextImpl.startService:1531 android.content.ContextWrapper.startService:664 android.content.ContextWrapper.startService:664 com.sonyericsson.usbux.service.UsbHostPollingReceiver.onReceive:61 android.app.ActivityThread.handleReceiver:3386 
02-27 10:12:51.758  8818  8818 W ContextImpl: Calling a method in the system process without a qualified user: android.app.ContextImpl.startService:1531 android.content.ContextWrapper.startService:664 com.sonymobile.smartcharger.SmartChargeService.startIntelligentService:1319 com.sonymobile.smartcharger.SmartChargeService.onStartCommand:402 android.app.ActivityThread.handleServiceArgs:3679 
02-27 10:12:51.812 28521 28521 W ContextImpl: Calling a method in the system process without a qualified user: android.app.ContextImpl.startService:1531 android.content.ContextWrapper.startService:664 android.content.ContextWrapper.startService:664 com.sonyericsson.usbux.service.UsbServiceReceiver.onReceive:108 android.app.ActivityThread.handleReceiver:3386 
02-27 10:12:51.822 28521 28521 W ContextImpl: Calling a method in the system process without a qualified user: android.app.ContextImpl.startActivity:887 android.content.ContextWrapper.startActivity:379 com.sonyericsson.usbux.service.UsbService.showMtpConfirmDialog:321 com.sonyericsson.usbux.service.UsbService.onUsbCablePlugged:308 com.sonyericsson.usbux.service.UsbService.onStartCommand:356 
02-27 10:12:51.822 28521 28521 W ContextImpl: Calling a method in the system process without a qualified user: android.app.ContextImpl.startActivity:899 android.app.ContextImpl.startActivity:888 android.content.ContextWrapper.startActivity:379 com.sonyericsson.usbux.service.UsbService.showMtpConfirmDialog:321 com.sonyericsson.usbux.service.UsbService.onUsbCablePlugged:308 
02-27 10:12:51.861  1562  2563 I chatty  : uid=1000(system) Binder:1562_8 expire 2 lines
02-27 10:12:51.972  8818  8818 W ContextImpl: Calling a method in the system process without a qualified user: android.app.ContextImpl.startService:1531 android.content.ContextWrapper.startService:664 com.sonymobile.smartcharger.chargingintelligentservice.PredictProvider.query:59 android.content.ContentProvider.query:1057 android.content.ContentProvider.query:1149 
02-27 10:12:52.021  1562  1562 I chatty  : uid=1000 system_server expire 8 lines
02-27 10:12:52.097  8818  8818 W ContextImpl: Calling a method in the system process without a qualified user: android.app.ContextImpl.startService:1531 android.content.ContextWrapper.startService:664 com.sonymobile.smartcharger.SmartChargeService.deleteNotif:1396 com.sonymobile.smartcharger.SmartChargeService.offState:1169 com.sonymobile.smartcharger.SmartChargeService.outofTermState:917 
02-27 10:12:52.099  8818  8818 W ContextImpl: Calling a method in the system process without a qualified user: android.app.ContextImpl.sendBroadcast:1005 com.sonymobile.smartcharger.SmartChargeService.deleteDialog:1425 com.sonymobile.smartcharger.SmartChargeService.offState:1170 com.sonymobile.smartcharger.SmartChargeService.outofTermState:917 com.sonymobile.smartcharger.SmartChargeService.onStartCommand:576 
02-27 10:12:52.242  1562  1602 I chatty  : uid=1000(system) ActivityManager expire 17 lines
02-27 10:12:53.644 28521 28521 W ContextImpl: Calling a method in the system process without a qualified user: android.app.ContextImpl.startService:1531 android.content.ContextWrapper.startService:664 android.content.ContextWrapper.startService:664 com.sonyericsson.usbux.service.UsbHostPollingReceiver.onReceive:61 android.app.ActivityThread.handleReceiver:3386 
02-27 10:12:53.658 28521 28521 W ContextImpl: Calling a method in the system process without a qualified user: android.app.ContextImpl.startService:1531 android.content.ContextWrapper.startService:664 android.content.ContextWrapper.startService:664 com.sonyericsson.usbux.service.UsbServiceReceiver.onReceive:108 android.app.ActivityThread.handleReceiver:3386 
02-27 10:12:54.028 28521 28521 W ContextImpl: Calling a method in the system process without a qualified user: android.app.ContextImpl.startService:1531 android.content.ContextWrapper.startService:664 android.content.ContextWrapper.startService:664 com.sonyericsson.usbux.service.UsbServiceReceiver.onReceive:108 android.app.ActivityThread.handleReceiver:3386 
02-27 10:12:54.056 28521 28521 W ContextImpl: Calling a method in the system process without a qualified user: android.app.ContextImpl.startService:1531 android.content.ContextWrapper.startService:664 android.content.ContextWrapper.startService:664 com.sonyericsson.usbux.service.UsbHostPollingReceiver.onReceive:61 android.app.ActivityThread.handleReceiver:3386 
02-27 10:12:54.074 28521 28521 W ContextImpl: Calling a method in the system process without a qualified user: android.app.ContextImpl.startService:1531 android.content.ContextWrapper.startService:664 android.content.ContextWrapper.startService:664 com.sonyericsson.usbux.service.UsbServiceReceiver.onReceive:108 android.app.ActivityThread.handleReceiver:3386 
02-27 10:12:54.121  1562  1984 I chatty  : uid=1000(system) InputDispatcher expire 2 lines
02-27 10:13:23.433  1562  8027 I chatty  : uid=1000(system) Binder:1562_15 expire 2 lines
02-27 10:13:23.734  1562  2279 I chatty  : uid=1000(system) Binder:1562_5 expire 6 lines
02-27 10:13:24.131  1562  5347 I chatty  : uid=1000(system) Binder:1562_13 expire 7 lines
02-27 10:13:25.878  1562  3607 I chatty  : uid=1000(system) Binder:1562_10 expire 2 lines
02-27 10:13:27.730  1562  3603 I chatty  : uid=1000(system) Binder:1562_C expire 3 lines
02-27 10:13:27.762  1562  3606 I chatty  : uid=1000(system) Binder:1562_F expire 1 line
02-27 10:13:33.992  1168  1392 E storaged: getDiskStats failed with result NOT_SUPPORTED and size 0
02-27 10:13:50.362  1562  1602 I chatty  : uid=1000(system) ActivityManager expire 2 lines
02-27 10:14:33.994  1168  1392 E storaged: getDiskStats failed with result NOT_SUPPORTED and size 0
02-27 10:15:33.995  1168  1392 E storaged: getDiskStats failed with result NOT_SUPPORTED and size 0
02-27 10:16:19.855  1562  2006 I chatty  : uid=1000(system) ConnectivitySer expire 2 lines
02-27 10:16:33.997  1168  1392 E storaged: getDiskStats failed with result NOT_SUPPORTED and size 0
02-27 10:16:39.546  1562  1604 I chatty  : uid=1000(system) ActivityManager expire 2 lines
02-27 10:16:41.269  1562  1618 I chatty  : uid=1000(system) PackageManager expire 1 line
02-27 10:16:41.352  1562  1602 I chatty  : uid=1000(system) ActivityManager expire 36 lines
02-27 10:16:41.354  1562  6582 I chatty  : uid=1000(system) Binder:1562_14 expire 7 lines
02-27 10:16:41.377  1562  2279 I chatty  : uid=1000(system) Binder:1562_5 expire 4 lines
02-27 10:16:41.385  1562  1604 I chatty  : uid=1000(system) ActivityManager expire 13 lines
02-27 10:16:41.426  1562 15900 I chatty  : uid=1000(system) Binder:1562_20 expire 1 line
02-27 10:16:41.502  1562  8027 I chatty  : uid=1000(system) Binder:1562_15 expire 2 lines
02-27 10:16:42.033  1562 13463 I chatty  : uid=1000(system) Binder:1562_1F expire 5 lines
02-27 10:16:42.075  1562  3608 I chatty  : uid=1000(system) Binder:1562_11 expire 4 lines
02-27 10:16:42.234  1562  2503 I chatty  : uid=1000(system) Binder:1562_7 expire 4 lines
02-27 10:16:42.756  1562  1562 I chatty  : uid=1000 system_server expire 18 lines
02-27 10:16:43.176  1562  1601 I chatty  : uid=1000(system) android.bg expire 3 lines
02-27 10:16:43.579  1562  8471 I chatty  : uid=1000(system) Binder:1562_18 expire 5 lines
02-27 10:16:43.626 29536 29636 E ActivityThread: Failed to find provider info for com.facebook.appmanager.nekodirect
02-27 10:16:47.767  1562  3609 I chatty  : uid=1000(system) Binder:1562_12 expire 6 lines
02-27 10:16:47.771  1562  2006 I chatty  : uid=1000(system) ConnectivitySer expire 11 lines
02-27 10:16:47.773  1562  1610 I chatty  : uid=1000(system) android.display expire 3 lines
02-27 10:16:48.073  1562  2017 I chatty  : uid=1000(system) Binder:1562_3 expire 3 lines
02-27 10:16:48.348  1562  3083 I chatty  : uid=1000(system) Binder:1562_B expire 4 lines
02-27 10:16:48.587  1562  2076 I chatty  : uid=1000(system) Binder:1562_4 expire 2 lines
02-27 10:16:49.426 29608 30015 E ActivityThread: Failed to find provider info for com.facebook.mlite.sso.MessengerLoggedInUserProvider
02-27 10:16:50.515  1562  8271 I chatty  : uid=1000(system) Binder:1562_16 expire 6 lines
02-27 10:16:50.537  1562  3607 I chatty  : uid=1000(system) Binder:1562_10 expire 2 lines
02-27 10:16:55.715  1562  1603 I chatty  : uid=1000(system) android.ui expire 7 lines
02-27 10:17:01.966  1562  1586 I chatty  : uid=1000(system) Binder:1562_1 expire 3 lines
02-27 10:17:02.234  1562  2653 I chatty  : uid=1000(system) Binder:1562_9 expire 2 lines
02-27 10:17:02.320  1562  3603 I chatty  : uid=1000(system) Binder:1562_C expire 2 lines
02-27 10:17:05.157  1562  8710 I chatty  : uid=1000(system) Binder:1562_19 expire 1 line
02-27 10:17:05.276  1562  1587 I chatty  : uid=1000(system) Binder:1562_2 expire 6 lines
02-27 10:17:05.433  1562 12538 I chatty  : uid=1000(system) Binder:1562_1D expire 1 line
02-27 10:17:06.240  1562  1893 I chatty  : uid=1000(system) android.anim expire 2 lines
02-27 10:17:34.009  1168  1392 E storaged: getDiskStats failed with result NOT_SUPPORTED and size 0
02-27 10:17:52.864  1562  1562 I chatty  : uid=1000 system_server expire 11 lines
02-27 10:18:34.016  1168  1392 E storaged: getDiskStats failed with result NOT_SUPPORTED and size 0
02-27 10:18:35.324  1562  1604 I chatty  : uid=1000(system) ActivityManager expire 10 lines
02-27 10:19:34.017  1168  1392 E storaged: getDiskStats failed with result NOT_SUPPORTED and size 0
02-27 10:19:45.606  1562 11600 I chatty  : uid=1000(system) SmartCleanerSer expire 25 lines
02-27 10:19:45.758  1562  1606 I chatty  : uid=1000(system) batterystats-wo expire 3 lines
02-27 10:19:45.868  1562  1602 I chatty  : uid=1000(system) ActivityManager expire 9 lines
02-27 10:20:34.018  1168  1392 E storaged: getDiskStats failed with result NOT_SUPPORTED and size 0
02-27 10:21:34.019  1168  1392 E storaged: getDiskStats failed with result NOT_SUPPORTED and size 0
02-27 10:21:35.690  1562 10862 I chatty  : uid=1000(system) Binder:1562_1B expire 3 lines
02-27 10:21:36.002  1562  1562 I chatty  : uid=1000 system_server expire 10 lines
02-27 10:22:34.020  1168  1392 E storaged: getDiskStats failed with result NOT_SUPPORTED and size 0
02-27 10:23:34.021  1168  1392 E storaged: getDiskStats failed with result NOT_SUPPORTED and size 0
02-27 10:23:53.053  1562  1562 I chatty  : uid=1000 system_server expire 7 lines
02-27 10:24:34.022  1168  1392 E storaged: getDiskStats failed with result NOT_SUPPORTED and size 0
02-27 10:25:34.023  1168  1392 E storaged: getDiskStats failed with result NOT_SUPPORTED and size 0
02-27 10:26:34.023  1168  1392 E storaged: getDiskStats failed with result NOT_SUPPORTED and size 0
02-27 10:27:06.556  1562  1604 I chatty  : uid=1000(system) ActivityManager expire 1 line
02-27 10:27:34.025  1168  1392 E storaged: getDiskStats failed with result NOT_SUPPORTED and size 0
02-27 10:28:34.026  1168  1392 E storaged: getDiskStats failed with result NOT_SUPPORTED and size 0
02-27 10:29:34.027  1168  1392 E storaged: getDiskStats failed with result NOT_SUPPORTED and size 0
02-27 10:29:53.333  1562  2006 I chatty  : uid=1000(system) ConnectivitySer expire 2 lines
02-27 10:30:01.288  1562  1984 I chatty  : uid=1000(system) InputDispatcher expire 1 line
02-27 10:30:01.417  1562  2716 I chatty  : uid=1000(system) Binder:1562_A expire 5 lines
02-27 10:30:02.229  1562  1893 I chatty  : uid=1000(system) android.anim expire 4 lines
02-27 10:30:04.315  1562  3604 I chatty  : uid=1000(system) Binder:1562_D expire 6 lines
02-27 10:30:07.703  1562  1562 I chatty  : uid=1000 system_server expire 10 lines
02-27 10:30:08.312  1562  1984 I chatty  : uid=1000(system) InputDispatcher expire 1 line
02-27 10:30:11.896  1562  8710 I chatty  : uid=1000(system) Binder:1562_19 expire 7 lines
02-27 10:30:34.028  1168  1392 E storaged: getDiskStats failed with result NOT_SUPPORTED and size 0
02-27 10:31:03.560  1562  1603 I chatty  : uid=1000(system) android.ui expire 6 lines
02-27 10:31:34.028  1168  1392 E storaged: getDiskStats failed with result NOT_SUPPORTED and size 0
02-27 10:31:51.571  1562  1602 I chatty  : uid=1000(system) ActivityManager expire 10 lines
02-27 10:32:34.029  1168  1392 E storaged: getDiskStats failed with result NOT_SUPPORTED and size 0
02-27 10:33:34.030  1168  1392 E storaged: getDiskStats failed with result NOT_SUPPORTED and size 0
02-27 10:34:34.030  1168  1392 E storaged: getDiskStats failed with result NOT_SUPPORTED and size 0
02-27 10:35:01.212  1562  1604 I chatty  : uid=1000(system) ActivityManager expire 11 lines
02-27 10:35:01.262  1562  1587 I chatty  : uid=1000(system) Binder:1562_2 expire 4 lines
02-27 10:35:34.031  1168  1392 E storaged: getDiskStats failed with result NOT_SUPPORTED and size 0
02-27 10:35:53.428  1562  1562 I chatty  : uid=1000 system_server expire 13 lines
02-27 10:36:34.032  1168  1392 E storaged: getDiskStats failed with result NOT_SUPPORTED and size 0
02-27 10:37:34.033  1168  1392 E storaged: getDiskStats failed with result NOT_SUPPORTED and size 0
02-27 10:38:34.034  1168  1392 E storaged: getDiskStats failed with result NOT_SUPPORTED and size 0
02-27 10:39:34.035  1168  1392 E storaged: getDiskStats failed with result NOT_SUPPORTED and size 0
02-27 10:40:34.035  1168  1392 E storaged: getDiskStats failed with result NOT_SUPPORTED and size 0
02-27 10:41:34.036  1168  1392 E storaged: getDiskStats failed with result NOT_SUPPORTED and size 0
02-27 10:42:33.944  1562  3607 I chatty  : uid=1000(system) Binder:1562_10 expire 4 lines
02-27 10:42:34.038  1168  1392 E storaged: getDiskStats failed with result NOT_SUPPORTED and size 0
02-27 10:43:34.039  1168  1392 E storaged: getDiskStats failed with result NOT_SUPPORTED and size 0
02-27 10:43:42.380  1562  1562 I chatty  : uid=1000 system_server expire 10 lines
02-27 10:44:34.040  1168  1392 E storaged: getDiskStats failed with result NOT_SUPPORTED and size 0
02-27 10:45:25.093  1562  2006 I chatty  : uid=1000(system) ConnectivitySer expire 8 lines
02-27 10:45:34.040  1168  1392 E storaged: getDiskStats failed with result NOT_SUPPORTED and size 0
02-27 10:46:34.041  1168  1392 E storaged: getDiskStats failed with result NOT_SUPPORTED and size 0
02-27 10:46:53.747  1562  1562 I chatty  : uid=1000 system_server expire 12 lines
02-27 10:47:02.043  1562  1601 I chatty  : uid=1000(system) android.bg expire 2 lines
02-27 10:47:34.042  1168  1392 E storaged: getDiskStats failed with result NOT_SUPPORTED and size 0
02-27 10:48:00.726  1562 15900 I chatty  : uid=1000(system) Binder:1562_20 expire 1 line
02-27 10:48:22.964  1562  6582 I chatty  : uid=1000(system) Binder:1562_14 expire 3 lines
02-27 10:48:34.042  1168  1392 E storaged: getDiskStats failed with result NOT_SUPPORTED and size 0
02-27 10:48:40.003  1562  1602 I chatty  : uid=1000(system) ActivityManager expire 10 lines
02-27 10:48:53.817  1562  1562 I chatty  : uid=1000 system_server expire 12 lines
02-27 10:49:34.043  1168  1392 E storaged: getDiskStats failed with result NOT_SUPPORTED and size 0
02-27 10:50:34.045  1168  1392 E storaged: getDiskStats failed with result NOT_SUPPORTED and size 0
02-27 10:51:34.046  1168  1392 E storaged: getDiskStats failed with result NOT_SUPPORTED and size 0
02-27 10:51:42.938  1562  1586 I chatty  : uid=1000(system) Binder:1562_1 expire 2 lines
02-27 10:52:05.107  1562  2279 I chatty  : uid=1000(system) Binder:1562_5 expire 2 lines
02-27 10:52:34.047  1168  1392 E storaged: getDiskStats failed with result NOT_SUPPORTED and size 0
02-27 10:53:34.048  1168  1392 E storaged: getDiskStats failed with result NOT_SUPPORTED and size 0
02-27 10:54:34.049  1168  1392 E storaged: getDiskStats failed with result NOT_SUPPORTED and size 0
02-27 10:54:47.376  9504  9504 D ActivityThread: Loading provider com.google.android.gm.sapi: com.google.android.gm.sapi.SapiUiProvider
02-27 10:54:51.494  1562  1985 I chatty  : uid=1000(system) InputReader expire 3 lines
02-27 10:54:51.495  1562  1613 I chatty  : uid=1000(system) PowerManagerSer expire 6 lines
02-27 10:54:51.744  1562  1610 I chatty  : uid=1000(system) android.display expire 3 lines
02-27 10:55:29.131  1562  5347 I chatty  : uid=1000(system) Binder:1562_13 expire 8 lines
02-27 10:55:30.289  9659  9843 E ActivityThread: Failed to find provider info for com.facebook.mlite.sso.MessengerLoggedInUserProvider
02-27 10:55:30.934  1562  1604 I chatty  : uid=1000(system) ActivityManager expire 7 lines
02-27 10:55:31.340  9858  9909 E ActivityThread: Failed to find provider info for com.facebook.appmanager.nekodirect
02-27 10:55:32.442  1562  1562 I chatty  : uid=1000 system_server expire 10 lines
02-27 10:55:34.051  1168  1392 E storaged: getDiskStats failed with result NOT_SUPPORTED and size 0
02-27 10:56:34.056  1168  1392 E storaged: getDiskStats failed with result NOT_SUPPORTED and size 0
02-27 10:56:48.575  1562  3083 I chatty  : uid=1000(system) Binder:1562_B expire 1 line
02-27 10:56:48.686  1562  2503 I chatty  : uid=1000(system) Binder:1562_7 expire 3 lines
02-27 10:56:48.687  1562  1602 I chatty  : uid=1000(system) ActivityManager expire 19 lines
02-27 10:57:34.059  1168  1392 E storaged: getDiskStats failed with result NOT_SUPPORTED and size 0
02-27 10:58:34.061  1168  1392 E storaged: getDiskStats failed with result NOT_SUPPORTED and size 0
02-27 10:59:34.225  1168  1392 E storaged: getDiskStats failed with result NOT_SUPPORTED and size 0
02-27 11:00:34.227  1168  1392 E storaged: getDiskStats failed with result NOT_SUPPORTED and size 0
02-27 11:00:47.158  1562 10862 I chatty  : uid=1000(system) Binder:1562_1B expire 3 lines
02-27 11:01:34.230  1168  1392 E storaged: getDiskStats failed with result NOT_SUPPORTED and size 0
02-27 11:02:34.233  1168  1392 E storaged: getDiskStats failed with result NOT_SUPPORTED and size 0
02-27 11:02:54.419  1562  1562 I chatty  : uid=1000 system_server expire 11 lines
02-27 11:03:34.234  1168  1392 E storaged: getDiskStats failed with result NOT_SUPPORTED and size 0
02-27 11:04:34.236  1168  1392 E storaged: getDiskStats failed with result NOT_SUPPORTED and size 0
02-27 11:05:34.238  1168  1392 E storaged: getDiskStats failed with result NOT_SUPPORTED and size 0
02-27 11:06:34.239  1168  1392 E storaged: getDiskStats failed with result NOT_SUPPORTED and size 0
02-27 11:07:34.241  1168  1392 E storaged: getDiskStats failed with result NOT_SUPPORTED and size 0
02-27 11:08:34.244  1168  1392 E storaged: getDiskStats failed with result NOT_SUPPORTED and size 0
02-27 11:09:34.245  1168  1392 E storaged: getDiskStats failed with result NOT_SUPPORTED and size 0
02-27 11:10:34.247  1168  1392 E storaged: getDiskStats failed with result NOT_SUPPORTED and size 0
02-27 11:10:46.984  1562  3609 I chatty  : uid=1000(system) Binder:1562_12 expire 2 lines
02-27 11:11:34.248  1168  1392 E storaged: getDiskStats failed with result NOT_SUPPORTED and size 0
02-27 11:11:54.714  1562  1562 I chatty  : uid=1000 system_server expire 10 lines
02-27 11:12:34.253  1168  1392 E storaged: getDiskStats failed with result NOT_SUPPORTED and size 0
02-27 11:13:34.254  1168  1392 E storaged: getDiskStats failed with result NOT_SUPPORTED and size 0
02-27 11:14:34.255  1168  1392 E storaged: getDiskStats failed with result NOT_SUPPORTED and size 0
02-27 11:15:34.256  1168  1392 E storaged: getDiskStats failed with result NOT_SUPPORTED and size 0
02-27 11:15:35.005  1562 13463 I chatty  : uid=1000(system) Binder:1562_1F expire 1 line
02-27 11:15:47.164  1562  3608 I chatty  : uid=1000(system) Binder:1562_11 expire 4 lines
02-27 11:16:34.257  1168  1392 E storaged: getDiskStats failed with result NOT_SUPPORTED and size 0
02-27 11:16:37.002  1562  1562 I chatty  : uid=1000 system_server expire 3 lines
02-27 11:17:04.396  1562  1602 I chatty  : uid=1000(system) ActivityManager expire 9 lines
02-27 11:17:04.594  1562  1618 I chatty  : uid=1000(system) PackageManager expire 3 lines
02-27 11:17:06.812  1562  1602 I chatty  : uid=1000(system) ActivityManager expire 37 lines
02-27 11:17:06.869  1562  5347 I chatty  : uid=1000(system) Binder:1562_13 expire 3 lines
02-27 11:17:06.870  1562  1604 I chatty  : uid=1000(system) ActivityManager expire 14 lines
02-27 11:17:06.871  1562  2503 I chatty  : uid=1000(system) Binder:1562_7 expire 3 lines
02-27 11:17:06.875  1562  3607 I chatty  : uid=1000(system) Binder:1562_10 expire 3 lines
02-27 11:17:06.884  1562 12614 I chatty  : uid=1000(system) Binder:1562_1E expire 2 lines
02-27 11:17:06.897  1562  8471 I chatty  : uid=1000(system) Binder:1562_18 expire 7 lines
02-27 11:17:07.354  1562  1562 I chatty  : uid=1000 system_server expire 13 lines
02-27 11:17:07.954  1562  2716 I chatty  : uid=1000(system) Binder:1562_A expire 2 lines
02-27 11:17:08.825  1562  1601 I chatty  : uid=1000(system) android.bg expire 2 lines
02-27 11:17:13.589  1562  2279 I chatty  : uid=1000(system) Binder:1562_5 expire 8 lines
02-27 11:17:14.175  1562  1893 I chatty  : uid=1000(system) android.anim expire 3 lines
02-27 11:17:15.735  1562  1603 I chatty  : uid=1000(system) android.ui expire 2 lines
02-27 11:17:34.258  1168  1392 E storaged: getDiskStats failed with result NOT_SUPPORTED and size 0
02-27 11:17:56.174  1562  2006 I chatty  : uid=1000(system) ConnectivitySer expire 4 lines
02-27 11:18:05.026  1562  1602 I chatty  : uid=1000(system) ActivityManager expire 11 lines
02-27 11:18:20.518  1562 12538 I chatty  : uid=1000(system) Binder:1562_1D expire 5 lines
02-27 11:18:34.258  1168  1392 E storaged: getDiskStats failed with result NOT_SUPPORTED and size 0
02-27 11:18:35.800  1562  1562 I chatty  : uid=1000 system_server expire 11 lines
02-27 11:19:34.259  1168  1392 E storaged: getDiskStats failed with result NOT_SUPPORTED and size 0
02-27 11:20:34.259  1168  1392 E storaged: getDiskStats failed with result NOT_SUPPORTED and size 0
02-27 11:20:55.034  1562  1562 I chatty  : uid=1000 system_server expire 13 lines
02-27 11:21:34.260  1168  1392 E storaged: getDiskStats failed with result NOT_SUPPORTED and size 0
02-27 11:22:34.261  1168  1392 E storaged: getDiskStats failed with result NOT_SUPPORTED and size 0
02-27 11:23:34.262  1168  1392 E storaged: getDiskStats failed with result NOT_SUPPORTED and size 0
02-27 11:24:34.263  1168  1392 E storaged: getDiskStats failed with result NOT_SUPPORTED and size 0
02-27 11:25:32.245  1562  8406 I chatty  : uid=1000(system) Binder:1562_17 expire 1 line
02-27 11:25:34.263  1168  1392 E storaged: getDiskStats failed with result NOT_SUPPORTED and size 0
02-27 11:26:34.264  1168  1392 E storaged: getDiskStats failed with result NOT_SUPPORTED and size 0
02-27 11:27:34.264  1168  1392 E storaged: getDiskStats failed with result NOT_SUPPORTED and size 0
02-27 11:27:55.334  1562  1562 I chatty  : uid=1000 system_server expire 10 lines
02-27 11:28:34.265  1168  1392 E storaged: getDiskStats failed with result NOT_SUPPORTED and size 0
02-27 11:29:34.266  1168  1392 E storaged: getDiskStats failed with result NOT_SUPPORTED and size 0
02-27 11:29:51.981  1562 10862 I chatty  : uid=1000(system) Binder:1562_1B expire 5 lines
02-27 11:29:51.982  1562  3083 I chatty  : uid=1000(system) Binder:1562_B expire 3 lines
02-27 11:29:52.183  1562  1610 I chatty  : uid=1000(system) android.display expire 2 lines
02-27 11:30:07.754  1562  3606 I chatty  : uid=1000(system) Binder:1562_F expire 2 lines
02-27 11:30:25.957  1562  8027 I chatty  : uid=1000(system) Binder:1562_15 expire 1 line
02-27 11:30:34.266  1168  1392 E storaged: getDiskStats failed with result NOT_SUPPORTED and size 0
02-27 11:31:34.267  1168  1392 E storaged: getDiskStats failed with result NOT_SUPPORTED and size 0
02-27 11:32:34.269  1168  1392 E storaged: getDiskStats failed with result NOT_SUPPORTED and size 0
02-27 11:33:34.271  1168  1392 E storaged: getDiskStats failed with result NOT_SUPPORTED and size 0
