02-27 11:34:34.275  1168  1392 E storaged: getDiskStats failed with result NOT_SUPPORTED and size 0
02-27 11:35:27.900  1562  1613 I chatty  : uid=1000(system) PowerManagerSer expire 5 lines
02-27 11:35:34.277  1168  1392 E storaged: getDiskStats failed with result NOT_SUPPORTED and size 0
02-27 11:36:34.279  1168  1392 E storaged: getDiskStats failed with result NOT_SUPPORTED and size 0
02-27 11:37:34.283  1168  1392 E storaged: getDiskStats failed with result NOT_SUPPORTED and size 0
02-27 11:38:34.286  1168  1392 E storaged: getDiskStats failed with result NOT_SUPPORTED and size 0
02-27 11:39:34.290  1168  1392 E storaged: getDiskStats failed with result NOT_SUPPORTED and size 0
02-27 11:40:34.295  1168  1392 E storaged: getDiskStats failed with result NOT_SUPPORTED and size 0
02-27 11:41:34.299  1168  1392 E storaged: getDiskStats failed with result NOT_SUPPORTED and size 0
02-27 11:42:34.302  1168  1392 E storaged: getDiskStats failed with result NOT_SUPPORTED and size 0
02-27 11:42:51.617  1562 10324 I chatty  : uid=1000(system) Binder:1562_1A expire 3 lines
02-27 11:42:51.629  1562  1562 I chatty  : uid=1000 system_server expire 5 lines
02-27 11:42:51.754  1562  3038 I chatty  : uid=1000(system) backup expire 62 lines
02-27 11:42:59.100  1562  2076 I chatty  : uid=1000(system) Binder:1562_4 expire 7 lines
02-27 11:43:08.509  1562  3038 I chatty  : uid=1000(system) backup expire 1 line
02-27 11:43:09.320  1562  1562 I chatty  : uid=1000 system_server expire 12 lines
02-27 11:43:10.231  1562  1604 I chatty  : uid=1000(system) ActivityManager expire 11 lines
02-27 11:43:10.279  1562  1586 I chatty  : uid=1000(system) Binder:1562_1 expire 3 lines
02-27 11:43:11.358 15808 16071 E ActivityThread: Failed to find provider info for com.facebook.mlite.sso.MessengerLoggedInUserProvider
02-27 11:43:11.688  1562  1602 I chatty  : uid=1000(system) ActivityManager expire 33 lines
02-27 11:43:34.304  1168  1392 E storaged: getDiskStats failed with result NOT_SUPPORTED and size 0
02-27 11:43:51.162  1562  3083 I chatty  : uid=1000(system) Binder:1562_B expire 4 lines
02-27 11:44:34.308  1168  1392 E storaged: getDiskStats failed with result NOT_SUPPORTED and size 0
02-27 11:45:09.515  1562  1985 I chatty  : uid=1000(system) InputReader expire 1 line
02-27 11:45:09.521  1562  1613 I chatty  : uid=1000(system) PowerManagerSer expire 8 lines
02-27 11:45:09.593  1562  1610 I chatty  : uid=1000(system) android.display expire 3 lines
02-27 11:45:10.161  1562  1603 I chatty  : uid=1000(system) android.ui expire 1 line
02-27 11:45:10.909  1562 10862 I chatty  : uid=1000(system) Binder:1562_1B expire 3 lines
02-27 11:45:11.857  1562  1984 I chatty  : uid=1000(system) InputDispatcher expire 1 line
02-27 11:45:14.436  1562  3607 I chatty  : uid=1000(system) Binder:1562_10 expire 10 lines
02-27 11:45:16.439  1562  1618 I chatty  : uid=1000(system) PackageManager expire 1 line
02-27 11:45:16.514  1562  8027 I chatty  : uid=1000(system) Binder:1562_15 expire 4 lines
02-27 11:45:16.609  1562  3606 I chatty  : uid=1000(system) Binder:1562_F expire 1 line
02-27 11:45:16.744  1562  2279 I chatty  : uid=1000(system) Binder:1562_5 expire 12 lines
02-27 11:45:16.745  1562  2006 I chatty  : uid=1000(system) ConnectivitySer expire 4 lines
02-27 11:45:17.248  1562 12614 I chatty  : uid=1000(system) Binder:1562_1E expire 2 lines
02-27 11:45:18.091  1562 12538 I chatty  : uid=1000(system) Binder:1562_1D expire 6 lines
02-27 11:45:18.378  1562  1601 I chatty  : uid=1000(system) android.bg expire 1 line
02-27 11:45:24.699  1562  8471 I chatty  : uid=1000(system) Binder:1562_18 expire 3 lines
02-27 11:45:34.310  1168  1392 E storaged: getDiskStats failed with result NOT_SUPPORTED and size 0
02-27 11:45:40.043  1562  2315 I chatty  : uid=1000(system) Binder:1562_6 expire 2 lines
02-27 11:45:55.827  1562  1602 I chatty  : uid=1000(system) ActivityManager expire 6 lines
02-27 11:46:34.312  1168  1392 E storaged: getDiskStats failed with result NOT_SUPPORTED and size 0
02-27 11:46:55.224  1562  1562 I chatty  : uid=1000 system_server expire 19 lines
02-27 11:47:34.314  1168  1392 E storaged: getDiskStats failed with result NOT_SUPPORTED and size 0
02-27 11:48:34.316  1168  1392 E storaged: getDiskStats failed with result NOT_SUPPORTED and size 0
02-27 11:49:17.551  1562  1604 I chatty  : uid=1000(system) ActivityManager expire 21 lines
02-27 11:49:34.319  1168  1392 E storaged: getDiskStats failed with result NOT_SUPPORTED and size 0
02-27 11:50:20.405  1562 13463 I chatty  : uid=1000(system) Binder:1562_1F expire 5 lines
02-27 11:50:34.321  1168  1392 E storaged: getDiskStats failed with result NOT_SUPPORTED and size 0
02-27 11:51:34.323  1168  1392 E storaged: getDiskStats failed with result NOT_SUPPORTED and size 0
02-27 11:51:43.794  1562  2503 I chatty  : uid=1000(system) Binder:1562_7 expire 8 lines
02-27 11:52:11.277  1562 10324 I chatty  : uid=1000(system) Binder:1562_1A expire 5 lines
02-27 11:52:34.324  1168  1392 E storaged: getDiskStats failed with result NOT_SUPPORTED and size 0
02-27 11:52:51.699  1562  6582 I chatty  : uid=1000(system) Binder:1562_14 expire 9 lines
02-27 11:52:53.304  1562  2563 I chatty  : uid=1000(system) Binder:1562_8 expire 1 line
02-27 11:52:54.314  1562  3607 I chatty  : uid=1000(system) Binder:1562_10 expire 15 lines
02-27 11:52:58.962   956   956 E libsuntory_static: utils_blob.cpp:595    blob size does not exist
02-27 11:52:58.962   956   956 D libsuntory_static: utils_blob.cpp:606    do_get_blob() ended. result -8 - SUNTORY_RESULT_BLOB_NOT_FOUND
02-27 11:52:58.962   956   956 D libsuntory_static: suntory_interface.cpp:92    SuntoryUtil_GetBlob() ended. result -8 - SUNTORY_RESULT_BLOB_NOT_FOUND
02-27 11:52:58.963   928  5167 E libsuntory: suntory_get_blob.cpp:64    get_suntory_blob failed to find a blob
02-27 11:52:58.963   928  5167 D libsuntory: suntory_get_blob.cpp:75    SuntoryUtil_GetBlob() ended. result -8 - SUNTORY_RESULT_BLOB_NOT_FOUND
02-27 11:52:58.974   956   956 E libsuntory_static: utils_blob.cpp:595    blob size does not exist
02-27 11:52:58.975   956   956 D libsuntory_static: utils_blob.cpp:606    do_get_blob() ended. result -8 - SUNTORY_RESULT_BLOB_NOT_FOUND
02-27 11:52:58.975   956   956 D libsuntory_static: suntory_interface.cpp:92    SuntoryUtil_GetBlob() ended. result -8 - SUNTORY_RESULT_BLOB_NOT_FOUND
02-27 11:52:58.977   928  5167 E libsuntory: suntory_get_blob.cpp:64    get_suntory_blob failed to find a blob
02-27 11:52:58.977   928  5167 D libsuntory: suntory_get_blob.cpp:75    SuntoryUtil_GetBlob() ended. result -8 - SUNTORY_RESULT_BLOB_NOT_FOUND
02-27 11:52:59.288   956   956 E libsuntory_static: utils_blob.cpp:595    blob size does not exist
02-27 11:52:59.288   956   956 D libsuntory_static: utils_blob.cpp:606    do_get_blob() ended. result -8 - SUNTORY_RESULT_BLOB_NOT_FOUND
02-27 11:52:59.288   956   956 D libsuntory_static: suntory_interface.cpp:92    SuntoryUtil_GetBlob() ended. result -8 - SUNTORY_RESULT_BLOB_NOT_FOUND
02-27 11:52:59.290   928  5167 E libsuntory: suntory_get_blob.cpp:64    get_suntory_blob failed to find a blob
02-27 11:52:59.290   928  5167 D libsuntory: suntory_get_blob.cpp:75    SuntoryUtil_GetBlob() ended. result -8 - SUNTORY_RESULT_BLOB_NOT_FOUND
02-27 11:52:59.297   956   956 E libsuntory_static: utils_blob.cpp:595    blob size does not exist
02-27 11:52:59.297   956   956 D libsuntory_static: utils_blob.cpp:606    do_get_blob() ended. result -8 - SUNTORY_RESULT_BLOB_NOT_FOUND
02-27 11:52:59.297   956   956 D libsuntory_static: suntory_interface.cpp:92    SuntoryUtil_GetBlob() ended. result -8 - SUNTORY_RESULT_BLOB_NOT_FOUND
02-27 11:52:59.303   928  5167 E libsuntory: suntory_get_blob.cpp:64    get_suntory_blob failed to find a blob
02-27 11:52:59.303   928  5167 D libsuntory: suntory_get_blob.cpp:75    SuntoryUtil_GetBlob() ended. result -8 - SUNTORY_RESULT_BLOB_NOT_FOUND
02-27 11:52:59.610  1562  1562 I chatty  : uid=1000 system_server expire 9 lines
02-27 11:52:59.809  1562  1604 I chatty  : uid=1000(system) ActivityManager expire 6 lines
02-27 11:53:00.017  1562  2279 I chatty  : uid=1000(system) Binder:1562_5 expire 1 line
02-27 11:53:00.217   956   956 E libsuntory_static: utils_blob.cpp:595    blob size does not exist
02-27 11:53:00.217   956   956 D libsuntory_static: utils_blob.cpp:606    do_get_blob() ended. result -8 - SUNTORY_RESULT_BLOB_NOT_FOUND
02-27 11:53:00.217   956   956 D libsuntory_static: suntory_interface.cpp:92    SuntoryUtil_GetBlob() ended. result -8 - SUNTORY_RESULT_BLOB_NOT_FOUND
02-27 11:53:00.218   928  5167 E libsuntory: suntory_get_blob.cpp:64    get_suntory_blob failed to find a blob
02-27 11:53:00.218   928  5167 D libsuntory: suntory_get_blob.cpp:75    SuntoryUtil_GetBlob() ended. result -8 - SUNTORY_RESULT_BLOB_NOT_FOUND
02-27 11:53:00.226   956   956 E libsuntory_static: utils_blob.cpp:595    blob size does not exist
02-27 11:53:00.226   956   956 D libsuntory_static: utils_blob.cpp:606    do_get_blob() ended. result -8 - SUNTORY_RESULT_BLOB_NOT_FOUND
02-27 11:53:00.226   956   956 D libsuntory_static: suntory_interface.cpp:92    SuntoryUtil_GetBlob() ended. result -8 - SUNTORY_RESULT_BLOB_NOT_FOUND
02-27 11:53:00.227   928  5167 E libsuntory: suntory_get_blob.cpp:64    get_suntory_blob failed to find a blob
02-27 11:53:00.227   928  5167 D libsuntory: suntory_get_blob.cpp:75    SuntoryUtil_GetBlob() ended. result -8 - SUNTORY_RESULT_BLOB_NOT_FOUND
02-27 11:53:00.798  1562  2017 I chatty  : uid=1000(system) Binder:1562_3 expire 5 lines
02-27 11:53:01.962  1562  2006 I chatty  : uid=1000(system) ConnectivitySer expire 9 lines
02-27 11:53:02.887  1562  1562 I chatty  : uid=1000 system_server expire 13 lines
02-27 11:53:02.924  1562  3606 I chatty  : uid=1000(system) Binder:1562_F expire 7 lines
02-27 11:53:02.938  1562  1604 I chatty  : uid=1000(system) ActivityManager expire 18 lines
02-27 11:53:03.624  1562 10862 I chatty  : uid=1000(system) Binder:1562_1B expire 1 line
02-27 11:53:03.785  1562  2503 I chatty  : uid=1000(system) Binder:1562_7 expire 1 line
02-27 11:53:04.088  1562 12614 I chatty  : uid=1000(system) Binder:1562_1E expire 4 lines
02-27 11:53:04.638  1562 12538 I chatty  : uid=1000(system) Binder:1562_1D expire 6 lines
02-27 11:53:05.230  1562  1602 I chatty  : uid=1000(system) ActivityManager expire 31 lines
02-27 11:53:06.826  1562  2563 I chatty  : uid=1000(system) Binder:1562_8 expire 5 lines
02-27 11:53:07.713  1562  5347 I chatty  : uid=1000(system) Binder:1562_13 expire 7 lines
02-27 11:53:08.367  1562  8027 I chatty  : uid=1000(system) Binder:1562_15 expire 2 lines
02-27 11:53:09.325  1562  8471 I chatty  : uid=1000(system) Binder:1562_18 expire 2 lines
02-27 11:53:09.404 18558 18616 E ActivityThread: Failed to find provider info for com.sec.badge
02-27 11:53:09.406 18558 18616 E ActivityThread: Failed to find provider info for com.teslacoilsw.notifier
02-27 11:53:09.610  1562 13463 I chatty  : uid=1000(system) Binder:1562_1F expire 10 lines
02-27 11:53:11.167  1562  3083 I chatty  : uid=1000(system) Binder:1562_B expire 5 lines
02-27 11:53:11.257  1562  2315 I chatty  : uid=1000(system) Binder:1562_6 expire 2 lines
02-27 11:53:15.215  1562  3604 I chatty  : uid=1000(system) Binder:1562_D expire 7 lines
02-27 11:53:15.242  1562  1606 I chatty  : uid=1000(system) batterystats-wo expire 2 lines
02-27 11:53:34.336  1168  1392 E storaged: getDiskStats failed with result NOT_SUPPORTED and size 0
02-27 11:54:06.354  1562  1978 I chatty  : uid=1000(system) AlarmManager expire 1 line
02-27 11:54:34.338  1168  1392 E storaged: getDiskStats failed with result NOT_SUPPORTED and size 0
02-27 11:54:47.005  1562 11193 I chatty  : uid=1000(system) Binder:1562_1C expire 4 lines
02-27 11:54:47.191  1562  2279 I chatty  : uid=1000(system) Binder:1562_5 expire 9 lines
02-27 11:55:27.945  1562  1601 I chatty  : uid=1000(system) android.bg expire 2 lines
02-27 11:55:34.340  1168  1392 E storaged: getDiskStats failed with result NOT_SUPPORTED and size 0
02-27 11:56:34.345  1168  1392 E storaged: getDiskStats failed with result NOT_SUPPORTED and size 0
02-27 11:57:22.355  1562  2076 I chatty  : uid=1000(system) Binder:1562_4 expire 9 lines
02-27 11:57:34.346  1168  1392 E storaged: getDiskStats failed with result NOT_SUPPORTED and size 0
02-27 11:58:34.349  1168  1392 E storaged: getDiskStats failed with result NOT_SUPPORTED and size 0
02-27 11:58:41.200  1562  3608 I chatty  : uid=1000(system) Binder:1562_11 expire 2 lines
02-27 11:58:42.414  1562  1562 I chatty  : uid=1000 system_server expire 14 lines
02-27 11:58:43.032  1562  1985 I chatty  : uid=1000(system) InputReader expire 1 line
02-27 11:58:43.043  1562  1613 I chatty  : uid=1000(system) PowerManagerSer expire 3 lines
02-27 11:58:43.107  1562  1610 I chatty  : uid=1000(system) android.display expire 1 line
02-27 11:58:43.740  1562  3609 I chatty  : uid=1000(system) Binder:1562_12 expire 6 lines
02-27 11:58:43.900  1562  1603 I chatty  : uid=1000(system) android.ui expire 1 line
02-27 11:58:44.240  1562  3607 I chatty  : uid=1000(system) Binder:1562_10 expire 2 lines
02-27 11:58:49.173  1562  2653 I chatty  : uid=1000(system) Binder:1562_9 expire 1 line
02-27 11:58:50.345  1562  8271 I chatty  : uid=1000(system) Binder:1562_16 expire 4 lines
02-27 11:58:50.861  1562  1587 I chatty  : uid=1000(system) Binder:1562_2 expire 3 lines
02-27 11:58:51.265  1562  1893 I chatty  : uid=1000(system) android.anim expire 2 lines
02-27 11:59:34.517  1168  1392 E storaged: getDiskStats failed with result NOT_SUPPORTED and size 0
02-27 11:59:49.598  1562  1562 I chatty  : uid=1000 system_server expire 10 lines
02-27 12:00:34.518  1168  1392 E storaged: getDiskStats failed with result NOT_SUPPORTED and size 0
02-27 12:01:00.496  1562 10324 I chatty  : uid=1000(system) Binder:1562_1A expire 1 line
02-27 12:01:34.518  1168  1392 E storaged: getDiskStats failed with result NOT_SUPPORTED and size 0
02-27 12:02:34.519  1168  1392 E storaged: getDiskStats failed with result NOT_SUPPORTED and size 0
02-27 12:03:34.519  1168  1392 E storaged: getDiskStats failed with result NOT_SUPPORTED and size 0
02-27 12:04:17.557  1562  1604 I chatty  : uid=1000(system) ActivityManager expire 7 lines
02-27 12:04:34.520  1168  1392 E storaged: getDiskStats failed with result NOT_SUPPORTED and size 0
02-27 12:04:55.917 21006 21258 E ActivityThread: Failed to find provider info for com.facebook.mlite.sso.MessengerLoggedInUserProvider
02-27 12:04:56.313  1562  1602 I chatty  : uid=1000(system) ActivityManager expire 6 lines
02-27 12:04:56.971 21273 21301 E ActivityThread: Failed to find provider info for com.facebook.appmanager.nekodirect
02-27 12:05:22.224  1562  1586 I chatty  : uid=1000(system) Binder:1562_1 expire 2 lines
02-27 12:05:34.521  1168  1392 E storaged: getDiskStats failed with result NOT_SUPPORTED and size 0
02-27 12:05:53.384  1562  1562 I chatty  : uid=1000 system_server expire 10 lines
02-27 12:06:34.522  1168  1392 E storaged: getDiskStats failed with result NOT_SUPPORTED and size 0
02-27 12:07:17.635  1562  1604 I chatty  : uid=1000(system) ActivityManager expire 10 lines
02-27 12:07:17.723  1562  1602 I chatty  : uid=1000(system) ActivityManager expire 11 lines
02-27 12:07:17.740  1562 13463 I chatty  : uid=1000(system) Binder:1562_1F expire 2 lines
02-27 12:07:34.523  1168  1392 E storaged: getDiskStats failed with result NOT_SUPPORTED and size 0
02-27 12:08:34.524  1168  1392 E storaged: getDiskStats failed with result NOT_SUPPORTED and size 0
02-27 12:08:56.781  1562  1562 I chatty  : uid=1000 system_server expire 10 lines
02-27 12:09:34.525  1168  1392 E storaged: getDiskStats failed with result NOT_SUPPORTED and size 0
02-27 12:10:34.525  1168  1392 E storaged: getDiskStats failed with result NOT_SUPPORTED and size 0
02-27 12:11:30.896  1562 11600 I chatty  : uid=1000(system) SmartCleanerSer expire 25 lines
02-27 12:11:31.062  1562  2503 I chatty  : uid=1000(system) Binder:1562_7 expire 5 lines
02-27 12:11:31.079  1562  3604 I chatty  : uid=1000(system) Binder:1562_D expire 4 lines
02-27 12:11:31.079  1562  2006 I chatty  : uid=1000(system) ConnectivitySer expire 5 lines
02-27 12:11:34.527  1168  1392 E storaged: getDiskStats failed with result NOT_SUPPORTED and size 0
02-27 12:12:30.993  1562 12614 I chatty  : uid=1000(system) Binder:1562_1E expire 10 lines
02-27 12:12:34.527  1168  1392 E storaged: getDiskStats failed with result NOT_SUPPORTED and size 0
02-27 12:13:01.689  1562  3608 I chatty  : uid=1000(system) Binder:1562_11 expire 1 line
02-27 12:13:10.979  1562  3605 I chatty  : uid=1000(system) Binder:1562_E expire 1 line
02-27 12:13:20.987  1562  2716 I chatty  : uid=1000(system) Binder:1562_A expire 3 lines
02-27 12:13:34.528  1168  1392 E storaged: getDiskStats failed with result NOT_SUPPORTED and size 0
02-27 12:13:56.874  1562  1562 I chatty  : uid=1000 system_server expire 10 lines
02-27 12:14:34.529  1168  1392 E storaged: getDiskStats failed with result NOT_SUPPORTED and size 0
02-27 12:15:34.529  1168  1392 E storaged: getDiskStats failed with result NOT_SUPPORTED and size 0
02-27 12:16:34.530  1168  1392 E storaged: getDiskStats failed with result NOT_SUPPORTED and size 0
02-27 12:16:51.478  1562  1606 I chatty  : uid=1000(system) batterystats-wo expire 1 line
02-27 12:16:51.511  1562  1604 I chatty  : uid=1000(system) ActivityManager expire 6 lines
02-27 12:16:51.561  1562 11193 I chatty  : uid=1000(system) Binder:1562_1C expire 1 line
02-27 12:17:34.530  1168  1392 E storaged: getDiskStats failed with result NOT_SUPPORTED and size 0
02-27 12:18:34.531  1168  1392 E storaged: getDiskStats failed with result NOT_SUPPORTED and size 0
02-27 12:18:38.852  1562  1601 I chatty  : uid=1000(system) android.bg expire 1 line
02-27 12:18:50.075  1562  2017 I chatty  : uid=1000(system) Binder:1562_3 expire 1 line
02-27 12:18:50.079  1562  1602 I chatty  : uid=1000(system) ActivityManager expire 17 lines
02-27 12:19:34.532  1168  1392 E storaged: getDiskStats failed with result NOT_SUPPORTED and size 0
02-27 12:20:34.532  1168  1392 E storaged: getDiskStats failed with result NOT_SUPPORTED and size 0
02-27 12:20:57.111  1562  1562 I chatty  : uid=1000 system_server expire 40 lines
02-27 12:21:32.677  1562  2563 I chatty  : uid=1000(system) Binder:1562_8 expire 2 lines
02-27 12:21:32.788  2246  2246 I Telephony: TelephonyConnectionService: onCreateIncomingConnection, request: ConnectionRequest xxxxxxxxxxxxxxx ***: (SBC.oSC)->CS.crCo->H.CS.crCo->H.CS.crCo.pICR@E-Jfg
02-27 12:21:32.848  1562 12614 I chatty  : uid=1000(system) Binder:1562_1E expire 11 lines
02-27 12:21:32.858  2246  2246 I Telephony: TelephonyConnectionService: notifyCreateConnectionComplete TC@13_1: (...->CSW.hCCC)->CS.crCoC->H.CS.crCoC@E-E-E-Jfg
02-27 12:21:33.360  1562 25119 I chatty  : uid=1000 system_server expire 1 line
02-27 12:21:33.439  1562  2431 I chatty  : uid=1000(system) CallAudioModeSt expire 8 lines
02-27 12:21:33.439  1562  2426 I chatty  : uid=1000(system) uteStateMachine expire 15 lines
02-27 12:21:33.526  1562 25121 I chatty  : uid=1000 system_server expire 2 lines
02-27 12:21:33.722  1562 10324 I chatty  : uid=1000(system) Binder:1562_1A expire 1 line
02-27 12:21:33.807  1562 25186 I chatty  : uid=1000 system_server expire 3 lines
02-27 12:21:34.533  1168  1392 E storaged: getDiskStats failed with result NOT_SUPPORTED and size 0
02-27 12:21:35.826  1562  3606 I chatty  : uid=1000(system) Binder:1562_F expire 1 line
02-27 12:21:35.826  1562  1562 I chatty  : uid=1000 system_server expire 11 lines
02-27 12:21:35.952  1562  2563 I chatty  : uid=1000(system) Binder:1562_8 expire 4 lines
02-27 12:21:36.319  1562  1603 I chatty  : uid=1000(system) android.ui expire 10 lines
02-27 12:21:36.536  1562  2431 I chatty  : uid=1000(system) CallAudioModeSt expire 9 lines
02-27 12:21:36.539  1562  2426 I chatty  : uid=1000(system) uteStateMachine expire 17 lines
02-27 12:21:36.682  1562  1602 I chatty  : uid=1000(system) ActivityManager expire 15 lines
02-27 12:21:36.682  1562  2279 I chatty  : uid=1000(system) Binder:1562_5 expire 5 lines
02-27 12:21:36.683  1562 10324 I chatty  : uid=1000(system) Binder:1562_1A expire 31 lines
02-27 12:21:36.741  1562  3606 I chatty  : uid=1000(system) Binder:1562_F expire 1 line
02-27 12:21:36.959  1562  1604 I chatty  : uid=1000(system) ActivityManager expire 10 lines
02-27 12:21:36.994  1562 13463 I chatty  : uid=1000(system) Binder:1562_1F expire 8 lines
02-27 12:21:37.132  1562  1893 I chatty  : uid=1000(system) android.anim expire 3 lines
02-27 12:21:37.559  1562  1985 I chatty  : uid=1000(system) InputReader expire 4 lines
02-27 12:21:41.354  1562  1610 I chatty  : uid=1000(system) android.display expire 2 lines
02-27 12:22:00.050  1562  2503 I chatty  : uid=1000(system) Binder:1562_7 expire 3 lines
02-27 12:22:00.051  1562  2006 I chatty  : uid=1000(system) ConnectivitySer expire 1 line
02-27 12:22:11.133  1562  8027 I chatty  : uid=1000(system) Binder:1562_15 expire 19 lines
02-27 12:22:11.174   620   620 I tad     : MiscTA Unit 2602: 
02-27 12:22:11.174   620   620 I tad     : WRITTEN (Size 4)
02-27 12:22:11.184   620   620 I tad     : Actual erase/write to flash done (count 14, time 1582773731).
02-27 12:22:11.184   620   620 I tad     : MiscTA: Write of unit 2602 completed - OK
02-27 12:22:11.196  2246 25097 I Telephony: : onDisconnect: callId=TC@13_1, cause=LOCAL
02-27 12:22:11.198  1562  1602 I chatty  : uid=1000(system) ActivityManager expire 16 lines
02-27 12:22:11.248  1562  2426 I chatty  : uid=1000(system) uteStateMachine expire 12 lines
02-27 12:22:11.249  1562  2424 I chatty  : uid=1000(system) BluetoothRouteM expire 1 line
02-27 12:22:11.252  1562  3609 I chatty  : uid=1000(system) Binder:1562_12 expire 2 lines
02-27 12:22:11.308  1562 12614 I chatty  : uid=1000(system) Binder:1562_1E expire 13 lines
02-27 12:22:11.499  1562  1562 I chatty  : uid=1000 system_server expire 11 lines
02-27 12:22:16.733  1562 12538 I chatty  : uid=1000(system) Binder:1562_1D expire 3 lines
02-27 12:22:17.569  1562  2315 I chatty  : uid=1000(system) Binder:1562_6 expire 6 lines
02-27 12:22:17.736  1562  3083 I chatty  : uid=1000(system) Binder:1562_B expire 1 line
02-27 12:22:26.812 28521 28521 W ContextImpl: Calling a method in the system process without a qualified user: android.app.ContextImpl.startService:1531 android.content.ContextWrapper.startService:664 android.content.ContextWrapper.startService:664 com.sonyericsson.usbux.service.UsbHostPollingReceiver.onReceive:61 android.app.ActivityThread.handleReceiver:3386 
02-27 12:22:26.842  1562  2426 I chatty  : uid=1000(system) uteStateMachine expire 7 lines
02-27 12:22:34.534  1168  1392 E storaged: getDiskStats failed with result NOT_SUPPORTED and size 0
02-27 12:22:41.807  1562  1602 I chatty  : uid=1000(system) ActivityManager expire 5 lines
02-27 12:23:05.393  1562  8027 I chatty  : uid=1000(system) Binder:1562_15 expire 1 line
02-27 12:23:08.558 25957 26000 E SchedPolicy: set_timerslack_ns write failed: Operation not permitted
02-27 12:23:12.495 25957 26174 E ActivityThread: Failed to find provider info for com.facebook.mlite.sso.MessengerLoggedInUserProvider
02-27 12:23:12.960  1562 12614 I chatty  : uid=1000(system) Binder:1562_1E expire 1 line
02-27 12:23:13.427 26183 26213 E ActivityThread: Failed to find provider info for com.facebook.appmanager.nekodirect
02-27 12:23:14.418  1562  1562 I chatty  : uid=1000 system_server expire 1 line
02-27 12:23:17.609  1562  1602 W BroadcastQueue: Permission Denial: broadcasting Intent { act=android.net.conn.INET_CONDITION_ACTION flg=0x4000010 (has extras) } from null (pid=-1, uid=-1) requires com.facebook.permission.prod.FB_APP_COMMUNICATION due to registered receiver BroadcastFilter{a423f2 u0 ReceiverList{1afafd 26080 com.facebook.orca/10236/u0 remote:257eb54}}
02-27 12:23:17.630  1562  1602 W BroadcastQueue: Permission Denial: broadcasting Intent { act=android.net.conn.CONNECTIVITY_CHANGE flg=0x4200010 (has extras) } from null (pid=-1, uid=-1) requires com.facebook.permission.prod.FB_APP_COMMUNICATION due to registered receiver BroadcastFilter{2a149f9 u0 ReceiverList{7f268c0 26080 com.facebook.orca/10236/u0 remote:8033a43}}
02-27 12:23:26.814  1562  1562 V SettingsProvider: Notifying for 0: content://settings/secure/unsafe_volume_music_active_ms
02-27 12:23:34.535  1168  1392 E storaged: getDiskStats failed with result NOT_SUPPORTED and size 0
02-27 12:24:26.820  1562  1562 V SettingsProvider: Notifying for 0: content://settings/secure/unsafe_volume_music_active_ms
02-27 12:24:34.535  1168  1392 E storaged: getDiskStats failed with result NOT_SUPPORTED and size 0
02-27 12:25:26.868  1562  1562 V SettingsProvider: Notifying for 0: content://settings/secure/unsafe_volume_music_active_ms
02-27 12:25:34.536  1168  1392 E storaged: getDiskStats failed with result NOT_SUPPORTED and size 0
02-27 12:26:26.929  1562  1562 V SettingsProvider: Notifying for 0: content://settings/secure/unsafe_volume_music_active_ms
02-27 12:26:34.536  1168  1392 E storaged: getDiskStats failed with result NOT_SUPPORTED and size 0
02-27 12:26:59.201  1562  1604 I ActivityManager: Start proc 27455:com.sonymobile.rcahandler/1000 for service com.sonymobile.rcahandler/.RcaService
02-27 12:26:59.267  1562 12538 D ConnectivityService: getProxy: mDefaultProxy return
02-27 12:27:14.189  1562  1602 I ActivityManager: Waited long enough for: ServiceRecord{5dbe3c2 u0 com.kddi.android.checker_android/.service.MgrService}
02-27 12:27:26.974  1562  1562 V SettingsProvider: Notifying for 0: content://settings/secure/unsafe_volume_music_active_ms
02-27 12:27:34.537  1168  1392 E storaged: getDiskStats failed with result NOT_SUPPORTED and size 0
02-27 12:28:22.029  1562  1562 V SettingsProvider: Notifying for 0: content://settings/system/screen_brightness
02-27 12:28:26.984  1562  1562 V SettingsProvider: Notifying for 0: content://settings/secure/unsafe_volume_music_active_ms
02-27 12:28:34.538  1168  1392 E storaged: getDiskStats failed with result NOT_SUPPORTED and size 0
02-27 12:29:22.404  1562  1562 V SettingsProvider: Notifying for 0: content://settings/system/screen_brightness
02-27 12:29:27.012  1562  1562 V SettingsProvider: Notifying for 0: content://settings/secure/unsafe_volume_music_active_ms
02-27 12:29:34.539  1168  1392 E storaged: getDiskStats failed with result NOT_SUPPORTED and size 0
02-27 12:29:46.076  1562  1562 V SettingsProvider: Notifying for 0: content://settings/system/screen_brightness
02-27 12:30:13.480  1562  1604 I ActivityManager: Start proc 28443:com.google.android.apps.tachyon/u0a129 for service com.google.android.apps.tachyon/.jobs.NativeJobSchedulerJobService
02-27 12:30:13.520  1562  3606 D ConnectivityService: getProxy: mDefaultProxy return
02-27 12:30:27.064  1562  1562 V SettingsProvider: Notifying for 0: content://settings/secure/unsafe_volume_music_active_ms
02-27 12:30:34.540  1168  1392 E storaged: getDiskStats failed with result NOT_SUPPORTED and size 0
02-27 12:30:34.987  1562 12614 I ActivityManager: Killing 21800:com.google.process.gapps/u0a62 (adj 906): empty #25
02-27 12:30:37.530  1562  1562 V SettingsProvider: Notifying for 0: content://settings/system/screen_brightness
02-27 12:31:12.653  1562  1562 V SettingsProvider: Notifying for 0: content://settings/system/screen_brightness
02-27 12:31:27.120  1562  1562 V SettingsProvider: Notifying for 0: content://settings/secure/unsafe_volume_music_active_ms
02-27 12:31:34.540  1168  1392 E storaged: getDiskStats failed with result NOT_SUPPORTED and size 0
02-27 12:32:27.177  1562  1562 V SettingsProvider: Notifying for 0: content://settings/secure/unsafe_volume_music_active_ms
02-27 12:32:34.541  1168  1392 E storaged: getDiskStats failed with result NOT_SUPPORTED and size 0
02-27 12:33:19.134  1562  1562 V SettingsProvider: Notifying for 0: content://settings/system/screen_brightness
02-27 12:33:27.205  1562  1562 V SettingsProvider: Notifying for 0: content://settings/secure/unsafe_volume_music_active_ms
02-27 12:33:27.360  1562  1562 V SettingsProvider: Notifying for 0: content://settings/system/screen_brightness
02-27 12:33:34.542  1168  1392 E storaged: getDiskStats failed with result NOT_SUPPORTED and size 0
02-27 12:34:27.262  1562  1562 V SettingsProvider: Notifying for 0: content://settings/secure/unsafe_volume_music_active_ms
02-27 12:34:34.543  1168  1392 E storaged: getDiskStats failed with result NOT_SUPPORTED and size 0
02-27 12:35:27.305  1562  1562 V SettingsProvider: Notifying for 0: content://settings/secure/unsafe_volume_music_active_ms
02-27 12:35:34.543  1168  1392 E storaged: getDiskStats failed with result NOT_SUPPORTED and size 0
02-27 12:36:27.363  1562  1562 V SettingsProvider: Notifying for 0: content://settings/secure/unsafe_volume_music_active_ms
02-27 12:36:34.544  1168  1392 E storaged: getDiskStats failed with result NOT_SUPPORTED and size 0
02-27 12:37:08.480  1562  1562 V SettingsProvider: Notifying for 0: content://settings/system/screen_brightness
02-27 12:37:27.415  1562  1562 V SettingsProvider: Notifying for 0: content://settings/secure/unsafe_volume_music_active_ms
02-27 12:37:34.545  1168  1392 E storaged: getDiskStats failed with result NOT_SUPPORTED and size 0
02-27 12:38:27.459  1562  1562 V SettingsProvider: Notifying for 0: content://settings/secure/unsafe_volume_music_active_ms
02-27 12:38:34.545  1168  1392 E storaged: getDiskStats failed with result NOT_SUPPORTED and size 0
02-27 12:39:27.495  1562  1562 V SettingsProvider: Notifying for 0: content://settings/secure/unsafe_volume_music_active_ms
02-27 12:39:34.546  1168  1392 E storaged: getDiskStats failed with result NOT_SUPPORTED and size 0
--------- beginning of crash
02-27 12:40:15.524 19094 30634 F libc    : Fatal signal 11 (SIGSEGV), code 1 (SEGV_MAPERR), fault addr 0x10 in tid 30634 (save_thread), pid 19094 (arus.solarrogue)
02-27 12:40:15.676 30638 30638 F DEBUG   : *** *** *** *** *** *** *** *** *** *** *** *** *** *** *** ***
02-27 12:40:15.676 30638 30638 F DEBUG   : Build fingerprint: 'KDDI/SOV36_jp_kdi/SOV36:9/47.2.C.1.126/1632396770:user/release-keys'
02-27 12:40:15.676 30638 30638 F DEBUG   : Revision: '0'
02-27 12:40:15.676 30638 30638 F DEBUG   : ABI: 'arm64'
02-27 12:40:15.676 30638 30638 F DEBUG   : pid: 19094, tid: 30634, name: save_thread  >>> com.ombarus.solarrogue <<<
02-27 12:40:15.676 30638 30638 F DEBUG   : signal 11 (SIGSEGV), code 1 (SEGV_MAPERR), fault addr 0x10
02-27 12:40:15.676 30638 30638 F DEBUG   : Cause: null pointer dereference
02-27 12:40:15.676 30638 30638 F DEBUG   :     x0  00000072a52d07d0  x1  000000729a972e9c  x2  0000000000000000  x3  0000000000000003
02-27 12:40:15.676 30638 30638 F DEBUG   :     x4  0000000000000000  x5  6f646f67ffffffff  x6  0000000000008000  x7  0080000000000000
02-27 12:40:15.676 30638 30638 F DEBUG   :     x8  0000000000000000  x9  0000000000000001  x10 0000000000004001  x11 0000000000000000
02-27 12:40:15.676 30638 30638 F DEBUG   :     x12 0101010101010101  x13 0000000000000008  x14 ffffffffffffffff  x15 00007833b0149065
02-27 12:40:15.676 30638 30638 F DEBUG   :     x16 000000729ba21508  x17 0000007338c18138  x18 0000000000000010  x19 00000072a52d0890
02-27 12:40:15.676 30638 30638 F DEBUG   :     x20 0000000000000008  x21 00000072a52d0f28  x22 0000000000000001  x23 0000007294483908
02-27 12:40:15.677 30638 30638 F DEBUG   :     x24 0000000000000008  x25 000000729b6cd0af  x26 000000729b6ae21b  x27 00000072a52d1588
02-27 12:40:15.677 30638 30638 F DEBUG   :     x28 0000007295842ec0  x29 00000072a52d1360
02-27 12:40:15.677 30638 30638 F DEBUG   :     sp  00000072a52d0790  lr  000000729b4b4908  pc  000000729b320488
02-27 12:40:15.699 30638 30638 F DEBUG   : 
02-27 12:40:15.699 30638 30638 F DEBUG   : backtrace:
02-27 12:40:15.699 30638 30638 F DEBUG   :     #00 pc 0000000000fcc488  /data/app/com.ombarus.solarrogue-ullhdpfe4HEGPiFb1SdoXg==/lib/arm64/libgodot_android.so
02-27 12:40:15.700 30638 30638 F DEBUG   :     #01 pc 0000000001160904  /data/app/com.ombarus.solarrogue-ullhdpfe4HEGPiFb1SdoXg==/lib/arm64/libgodot_android.so
02-27 12:40:15.700 30638 30638 F DEBUG   :     #02 pc 0000000001160dec  /data/app/com.ombarus.solarrogue-ullhdpfe4HEGPiFb1SdoXg==/lib/arm64/libgodot_android.so
02-27 12:40:15.700 30638 30638 F DEBUG   :     #03 pc 0000000001160dec  /data/app/com.ombarus.solarrogue-ullhdpfe4HEGPiFb1SdoXg==/lib/arm64/libgodot_android.so
02-27 12:40:15.700 30638 30638 F DEBUG   :     #04 pc 0000000001160dec  /data/app/com.ombarus.solarrogue-ullhdpfe4HEGPiFb1SdoXg==/lib/arm64/libgodot_android.so
02-27 12:40:15.700 30638 30638 F DEBUG   :     #05 pc 0000000001160dec  /data/app/com.ombarus.solarrogue-ullhdpfe4HEGPiFb1SdoXg==/lib/arm64/libgodot_android.so
02-27 12:40:15.700 30638 30638 F DEBUG   :     #06 pc 0000000001160dec  /data/app/com.ombarus.solarrogue-ullhdpfe4HEGPiFb1SdoXg==/lib/arm64/libgodot_android.so
02-27 12:40:15.700 30638 30638 F DEBUG   :     #07 pc 0000000001160dec  /data/app/com.ombarus.solarrogue-ullhdpfe4HEGPiFb1SdoXg==/lib/arm64/libgodot_android.so
02-27 12:40:15.700 30638 30638 F DEBUG   :     #08 pc 0000000001160dec  /data/app/com.ombarus.solarrogue-ullhdpfe4HEGPiFb1SdoXg==/lib/arm64/libgodot_android.so
02-27 12:40:15.700 30638 30638 F DEBUG   :     #09 pc 0000000001160dec  /data/app/com.ombarus.solarrogue-ullhdpfe4HEGPiFb1SdoXg==/lib/arm64/libgodot_android.so
02-27 12:40:15.700 30638 30638 F DEBUG   :     #10 pc 000000000030dbe8  /data/app/com.ombarus.solarrogue-ullhdpfe4HEGPiFb1SdoXg==/lib/arm64/libgodot_android.so
02-27 12:40:15.700 30638 30638 F DEBUG   :     #11 pc 0000000000304f88  /data/app/com.ombarus.solarrogue-ullhdpfe4HEGPiFb1SdoXg==/lib/arm64/libgodot_android.so
02-27 12:40:15.700 30638 30638 F DEBUG   :     #12 pc 0000000001015e28  /data/app/com.ombarus.solarrogue-ullhdpfe4HEGPiFb1SdoXg==/lib/arm64/libgodot_android.so
02-27 12:40:15.700 30638 30638 F DEBUG   :     #13 pc 00000000011bddfc  /data/app/com.ombarus.solarrogue-ullhdpfe4HEGPiFb1SdoXg==/lib/arm64/libgodot_android.so
02-27 12:40:15.700 30638 30638 F DEBUG   :     #14 pc 000000000058426c  /data/app/com.ombarus.solarrogue-ullhdpfe4HEGPiFb1SdoXg==/lib/arm64/libgodot_android.so
02-27 12:40:15.700 30638 30638 F DEBUG   :     #15 pc 00000000000920a4  /system/lib64/libc.so (__pthread_start(void*)+36)
02-27 12:40:15.700 30638 30638 F DEBUG   :     #16 pc 0000000000023968  /system/lib64/libc.so (__start_thread+68)
02-27 12:40:16.536  1562 30645 D ActivityManager: New dropbox entry: com.ombarus.solarrogue, data_app_native_crash, 34ade716-d200-4d33-8f3f-eda07119135e
02-27 12:40:16.538  1562 30645 W ActivityManager:   Force finishing activity com.ombarus.solarrogue/com.godot.game.GodotApp
02-27 12:40:16.625  1562  1603 I ActivityManager: Showing crash dialog for package com.ombarus.solarrogue u0
02-27 12:40:16.633  1562  1602 W BroadcastQueue: Background execution not allowed: receiving Intent { act=android.intent.action.DROPBOX_ENTRY_ADDED flg=0x10 (has extras) } to com.google.android.gms/.stats.service.DropBoxEntryAddedReceiver
02-27 12:40:16.633  1562  1602 W BroadcastQueue: Background execution not allowed: receiving Intent { act=android.intent.action.DROPBOX_ENTRY_ADDED flg=0x10 (has extras) } to com.google.android.gms/.chimera.GmsIntentOperationService$PersistentTrustedReceiver
02-27 12:40:16.633  1562  1602 W BroadcastQueue: Background execution not allowed: receiving Intent { act=android.intent.action.DROPBOX_ENTRY_ADDED flg=0x10 (has extras) } to com.sonyericsson.crashmonitor/.receiver.CrashMonitorServiceBroadcastReceiver
02-27 12:40:16.680  1562  2315 I ActivityManager: Process com.ombarus.solarrogue (pid 19094) has died: vis  +99TOP 
02-27 12:40:16.690  1562  3606 I WindowManager: WIN DEATH: Window{ed634ca u0 com.ombarus.solarrogue/com.godot.game.GodotApp}
02-27 12:40:16.702  1562  2315 I ActivityManager: Config changes=20000480 {1.0 440mcc51mnc [fr_CA] ldltr sw360dp w360dp h568dp 480dpi nrml hdr port finger -keyb/v/h -nav/h winConfig={ mBounds=Rect(0, 0 - 1776, 1080) mAppBounds=Rect(0, 0 - 1080, 1776) mWindowingMode=fullscreen mActivityType=undefined} s.143}
02-27 12:40:16.782  1562  2315 I ActivityManager: Override config changes=20000480 {1.0 440mcc51mnc [fr_CA] ldltr sw360dp w360dp h568dp 480dpi nrml hdr port finger -keyb/v/h -nav/h winConfig={ mBounds=Rect(0, 0 - 1776, 1080) mAppBounds=Rect(0, 0 - 1080, 1776) mWindowingMode=fullscreen mActivityType=undefined} s.143} for displayId=0
02-27 12:40:16.860  1562  1603 W Looper  : Slow dispatch took 310ms android.ui h=com.android.server.am.ActivityManagerService$UiHandler c=null m=1
02-27 12:40:16.901  1562  1610 W ActivityManager: setHasOverlayUi called on unknown pid: 19094
02-27 12:40:16.937  1562  1603 W Looper  : Slow delivery took 221ms android.ui h=com.android.server.am.ActivityManagerService$UiHandler c=null m=31
02-27 12:40:17.137  1562  1603 W Looper  : Slow dispatch took 170ms android.ui h=android.view.Choreographer$FrameHandler c=android.view.Choreographer$FrameDisplayEventReceiver@74a9b9d m=0
02-27 12:40:17.176  1562  1603 W Looper  : Drained
02-27 12:40:17.211  1562  1607 D ActivityManager: New dropbox entry: system_server, system_server_wtf, adc9d49c-451a-4fde-81cb-e02fcb58b2a8
02-27 12:40:17.255 24353 24353 W ContextImpl: Calling a method in the system process without a qualified user: android.app.ContextImpl.startService:1531 android.content.ContextWrapper.startService:664 android.content.ContextWrapper.startService:664 com.sonyericsson.crashmonitor.receiver.CrashMonitorServiceBroadcastReceiver.onReceive:54 android.app.ActivityThread.handleReceiver:3386 
02-27 12:40:17.262 27455 27455 W ContextImpl: Calling a method in the system process without a qualified user: android.app.ContextImpl.startService:1531 android.content.ContextWrapper.startService:664 android.content.ContextWrapper.startService:664 com.sonymobile.rcahandler.RcaHandlerReceiver.onReceive:42 android.app.ActivityThread.handleReceiver:3386 
02-27 12:40:17.274  1562 12538 W BroadcastQueue: Background execution not allowed: receiving Intent { act=android.intent.action.DROPBOX_ENTRY_ADDED flg=0x10 (has extras) } to com.google.android.gms/.stats.service.DropBoxEntryAddedReceiver
02-27 12:40:17.275  1562  1602 W BroadcastQueue: Background execution not allowed: receiving Intent { act=android.intent.action.DROPBOX_ENTRY_ADDED flg=0x10 (has extras) } to com.google.android.gms/.chimera.GmsIntentOperationService$PersistentTrustedReceiver
02-27 12:40:17.275  1562  1602 W BroadcastQueue: Background execution not allowed: receiving Intent { act=android.intent.action.DROPBOX_ENTRY_ADDED flg=0x10 (has extras) } to com.sonyericsson.crashmonitor/.receiver.CrashMonitorServiceBroadcastReceiver
02-27 12:40:17.475  1562  2315 I WindowManager: Screen frozen for +817ms due to Window{17d8738 u0 com.android.systemui.ImageWallpaper}
02-27 12:40:17.477  1562 30645 W ActivityManager: Ignoring remove of inactive process: ProcessRecord{7d46a40 0:com.ombarus.solarrogue/u0a555}
02-27 12:40:17.498  1562  1603 W ViewRootImpl[solarrogue]: Dropping event due to root view being removed: MotionEvent { action=ACTION_UP, actionButton=0, id[0]=0, x[0]=959.0, y[0]=-304.0, toolType[0]=TOOL_TYPE_FINGER, buttonState=0, metaState=0, flags=0x0, edgeFlags=0x0, pointerCount=1, historySize=0, eventTime=204151981, downTime=204151914, deviceId=6, source=0x1002 }
02-27 12:40:17.498  1562  1562 W Looper  : Slow delivery took 632ms main h=android.view.GestureDetector$GestureHandler c=null m=1
02-27 12:40:17.498  1562  1562 W Looper  : Drained
02-27 12:40:17.821  1562 12538 I ActivityManager: START u0 {act=android.intent.action.MAIN cat=[android.intent.category.LAUNCHER] flg=0x10200000 cmp=com.cleverraven.cataclysmdda/.SplashScreen bnds=[645,801][855,1038]} from uid 10108
02-27 12:40:17.888  1562  1604 I ActivityManager: Start proc 30725:com.cleverraven.cataclysmdda/u0a475 for activity com.cleverraven.cataclysmdda/.SplashScreen
02-27 12:40:17.938  1562  1893 I ActivityManager: Config changes=20000480 {1.0 440mcc51mnc [fr_CA] ldltr sw360dp w592dp h336dp 480dpi nrml hdr land finger -keyb/v/h -nav/h winConfig={ mBounds=Rect(0, 0 - 1776, 1080) mAppBounds=Rect(0, 0 - 1776, 1080) mWindowingMode=fullscreen mActivityType=undefined} s.144}
02-27 12:40:17.978  1562  1893 I ActivityManager: Override config changes=20000480 {1.0 440mcc51mnc [fr_CA] ldltr sw360dp w592dp h336dp 480dpi nrml hdr land finger -keyb/v/h -nav/h winConfig={ mBounds=Rect(0, 0 - 1776, 1080) mAppBounds=Rect(0, 0 - 1776, 1080) mWindowingMode=fullscreen mActivityType=undefined} s.144} for displayId=0
02-27 12:40:18.054  1562  6582 D ConnectivityService: getProxy: mDefaultProxy return
02-27 12:40:18.285  1562  3606 I ActivityManager: START u0 {flg=0x10000 cmp=com.cleverraven.cataclysmdda/.CataclysmDDA} from uid 10475
02-27 12:40:18.386  1562  1893 I WindowManager: Screen frozen for +474ms due to Window{5e33b93 u0 Splash Screen com.cleverraven.cataclysmdda}
02-27 12:40:18.485  1562 10324 D ActivityManager: New dropbox entry: system_server, system_server_wtf, 18a16d58-2eb2-4a2a-93d1-8cf6ef637a05
02-27 12:40:18.504  1562  1602 W BroadcastQueue: Background execution not allowed: receiving Intent { act=android.intent.action.DROPBOX_ENTRY_ADDED flg=0x10 (has extras) } to com.google.android.gms/.stats.service.DropBoxEntryAddedReceiver
02-27 12:40:18.504  1562  1602 W BroadcastQueue: Background execution not allowed: receiving Intent { act=android.intent.action.DROPBOX_ENTRY_ADDED flg=0x10 (has extras) } to com.google.android.gms/.chimera.GmsIntentOperationService$PersistentTrustedReceiver
02-27 12:40:18.504  1562  1602 W BroadcastQueue: Background execution not allowed: receiving Intent { act=android.intent.action.DROPBOX_ENTRY_ADDED flg=0x10 (has extras) } to com.sonyericsson.crashmonitor/.receiver.CrashMonitorServiceBroadcastReceiver
02-27 12:40:19.505  1562  1984 I ActivityManager: START u0 {act=android.intent.action.MAIN cat=[android.intent.category.HOME] flg=0x10200000 cmp=com.sonymobile.home/.HomeActivity (has extras)} from uid 1000
02-27 12:40:19.562  1562  3606 I ActivityManager: Config changes=20000480 {1.0 440mcc51mnc [fr_CA] ldltr sw360dp w360dp h568dp 480dpi nrml hdr port finger -keyb/v/h -nav/h winConfig={ mBounds=Rect(0, 0 - 1776, 1080) mAppBounds=Rect(0, 0 - 1080, 1776) mWindowingMode=fullscreen mActivityType=undefined} s.145}
02-27 12:40:19.576  1562  3606 I ActivityManager: Override config changes=20000480 {1.0 440mcc51mnc [fr_CA] ldltr sw360dp w360dp h568dp 480dpi nrml hdr port finger -keyb/v/h -nav/h winConfig={ mBounds=Rect(0, 0 - 1776, 1080) mAppBounds=Rect(0, 0 - 1080, 1776) mWindowingMode=fullscreen mActivityType=undefined} s.145} for displayId=0
02-27 12:40:20.001  1562 10324 I WindowManager: Screen frozen for +474ms due to Window{17d8738 u0 com.android.systemui.ImageWallpaper}
02-27 12:40:22.126 30725 30765 F libc    : /usr/local/google/buildbot/src/android/ndk-release-r18/external/libcxx/../../external/libcxxabi/src/abort_message.cpp:73: abort_message: assertion "terminating with uncaught exception of type std::runtime_error: SDL_CreateWindow failed: Could not fetch native window" failed
02-27 12:40:22.127 30725 30765 F libc    : Fatal signal 6 (SIGABRT), code -6 (SI_TKILL) in tid 30765 (SDLThread), pid 30725 (en.cataclysmdda)
02-27 12:40:22.227 30799 30799 F DEBUG   : *** *** *** *** *** *** *** *** *** *** *** *** *** *** *** ***
02-27 12:40:22.227 30799 30799 F DEBUG   : Build fingerprint: 'KDDI/SOV36_jp_kdi/SOV36:9/47.2.C.1.126/1632396770:user/release-keys'
02-27 12:40:22.228 30799 30799 F DEBUG   : Revision: '0'
02-27 12:40:22.228 30799 30799 F DEBUG   : ABI: 'arm'
02-27 12:40:22.228 30799 30799 F DEBUG   : pid: 30725, tid: 30765, name: SDLThread  >>> com.cleverraven.cataclysmdda <<<
02-27 12:40:22.228 30799 30799 F DEBUG   : signal 6 (SIGABRT), code -6 (SI_TKILL), fault addr --------
02-27 12:40:22.228 30799 30799 F DEBUG   : Abort message: '/usr/local/google/buildbot/src/android/ndk-release-r18/external/libcxx/../../external/libcxxabi/src/abort_message.cpp:73: abort_message: assertion "terminating with uncaught exception of type std::runtime_error: SDL_CreateWindow failed: Could not fetch native window" failed'
02-27 12:40:22.228 30799 30799 F DEBUG   :     r0  00000000  r1  0000782d  r2  00000006  r3  00000008
02-27 12:40:22.228 30799 30799 F DEBUG   :     r4  00007805  r5  0000782d  r6  cdc406ec  r7  0000010c
02-27 12:40:22.228 30799 30799 F DEBUG   :     r8  cf346581  r9  00000020  r10 ceaf3f40  r11 ceaf3ec4
02-27 12:40:22.228 30799 30799 F DEBUG   :     ip  ef4733cc  sp  cdc406d8  lr  ef3de115  pc  ef3d4fde
02-27 12:40:22.279 30799 30799 F DEBUG   : 
02-27 12:40:22.279 30799 30799 F DEBUG   : backtrace:
02-27 12:40:22.279 30799 30799 F DEBUG   :     #00 pc 0001cfde  /system/lib/libc.so (abort+58)
02-27 12:40:22.279 30799 30799 F DEBUG   :     #01 pc 0001d24f  /system/lib/libc.so (__assert2+22)
02-27 12:40:22.279 30799 30799 F DEBUG   :     #02 pc 0006772d  /data/app/com.cleverraven.cataclysmdda-t0Cr69L6ODSp4n_bDzXwzw==/lib/arm/libc++_shared.so
02-27 12:40:22.279 30799 30799 F DEBUG   :     #03 pc 000678b1  /data/app/com.cleverraven.cataclysmdda-t0Cr69L6ODSp4n_bDzXwzw==/lib/arm/libc++_shared.so
02-27 12:40:22.279 30799 30799 F DEBUG   :     #04 pc 0006e885  /data/app/com.cleverraven.cataclysmdda-t0Cr69L6ODSp4n_bDzXwzw==/lib/arm/libc++_shared.so
02-27 12:40:22.279 30799 30799 F DEBUG   :     #05 pc 0006e21b  /data/app/com.cleverraven.cataclysmdda-t0Cr69L6ODSp4n_bDzXwzw==/lib/arm/libc++_shared.so
02-27 12:40:22.279 30799 30799 F DEBUG   :     #06 pc 0006e1e3  /data/app/com.cleverraven.cataclysmdda-t0Cr69L6ODSp4n_bDzXwzw==/lib/arm/libc++_shared.so (__cxa_throw+74)
02-27 12:40:22.279 30799 30799 F DEBUG   :     #07 pc 00afbd2d  /data/app/com.cleverraven.cataclysmdda-t0Cr69L6ODSp4n_bDzXwzw==/lib/arm/libmain.so (throwErrorIf(bool, char const*)+212)
02-27 12:40:22.279 30799 30799 F DEBUG   :     #08 pc 00aed7ab  /data/app/com.cleverraven.cataclysmdda-t0Cr69L6ODSp4n_bDzXwzw==/lib/arm/libmain.so (WinCreate()+610)
02-27 12:40:22.279 30799 30799 F DEBUG   :     #09 pc 00af7489  /data/app/com.cleverraven.cataclysmdda-t0Cr69L6ODSp4n_bDzXwzw==/lib/arm/libmain.so (catacurses::init_interface()+180)
02-27 12:40:22.279 30799 30799 F DEBUG   :     #10 pc 007c967d  /data/app/com.cleverraven.cataclysmdda-t0Cr69L6ODSp4n_bDzXwzw==/lib/arm/libmain.so (SDL_main+2768)
02-27 12:40:22.279 30799 30799 F DEBUG   :     #11 pc 000250c9  /data/app/com.cleverraven.cataclysmdda-t0Cr69L6ODSp4n_bDzXwzw==/lib/arm/libSDL2.so (Java_org_libsdl_app_SDLActivity_nativeRunMain+352)
02-27 12:40:22.279 30799 30799 F DEBUG   :     #12 pc 00002219  /data/app/com.cleverraven.cataclysmdda-t0Cr69L6ODSp4n_bDzXwzw==/oat/arm/base.odex (offset 0x2000) (org.libsdl.app.SDLActivity.nativeRunMain+160)
02-27 12:40:22.279 30799 30799 F DEBUG   :     #13 pc 0040dd75  /system/lib/libart.so (art_quick_invoke_stub_internal+68)
02-27 12:40:22.279 30799 30799 F DEBUG   :     #14 pc 003e7463  /system/lib/libart.so (art_quick_invoke_static_stub+222)
02-27 12:40:22.279 30799 30799 F DEBUG   :     #15 pc 000a1027  /system/lib/libart.so (art::ArtMethod::Invoke(art::Thread*, unsigned int*, unsigned int, art::JValue*, char const*)+154)
02-27 12:40:22.279 30799 30799 F DEBUG   :     #16 pc 001e5f79  /system/lib/libart.so (art::interpreter::ArtInterpreterToCompiledCodeBridge(art::Thread*, art::ArtMethod*, art::ShadowFrame*, unsigned short, art::JValue*)+236)
02-27 12:40:22.279 30799 30799 F DEBUG   :     #17 pc 001e0a67  /system/lib/libart.so (bool art::interpreter::DoCall<false, false>(art::ArtMethod*, art::Thread*, art::ShadowFrame&, art::Instruction const*, unsigned short, art::JValue*)+814)
02-27 12:40:22.279 30799 30799 F DEBUG   :     #18 pc 003e2f97  /system/lib/libart.so (MterpInvokeStatic+130)
02-27 12:40:22.279 30799 30799 F DEBUG   :     #19 pc 00400c94  /system/lib/libart.so (ExecuteMterpImpl+14612)
02-27 12:40:22.279 30799 30799 F DEBUG   :     #20 pc 00007004  /data/app/com.cleverraven.cataclysmdda-t0Cr69L6ODSp4n_bDzXwzw==/oat/arm/base.vdex (org.libsdl.app.SDLMain.run+96)
02-27 12:40:22.279 30799 30799 F DEBUG   :     #21 pc 001c51e3  /system/lib/libart.so (_ZN3art11interpreterL7ExecuteEPNS_6ThreadERKNS_20CodeItemDataAccessorERNS_11ShadowFrameENS_6JValueEb.llvm.3223672743+378)
02-27 12:40:22.279 30799 30799 F DEBUG   :     #22 pc 001c980f  /system/lib/libart.so (art::interpreter::EnterInterpreterFromEntryPoint(art::Thread*, art::CodeItemDataAccessor const&, art::ShadowFrame*)+82)
02-27 12:40:22.279 30799 30799 F DEBUG   :     #23 pc 003d5aa1  /system/lib/libart.so (artQuickToInterpreterBridge+880)
02-27 12:40:22.279 30799 30799 F DEBUG   :     #24 pc 004122ff  /system/lib/libart.so (art_quick_to_interpreter_bridge+30)
02-27 12:40:22.279 30799 30799 F DEBUG   :     #25 pc 00219751  /system/framework/arm/boot-core-oj.oat (offset 0x10d000) (java.lang.Thread.run+64)
02-27 12:40:22.279 30799 30799 F DEBUG   :     #26 pc 0040dd75  /system/lib/libart.so (art_quick_invoke_stub_internal+68)
02-27 12:40:22.279 30799 30799 F DEBUG   :     #27 pc 003e7361  /system/lib/libart.so (art_quick_invoke_stub+224)
02-27 12:40:22.279 30799 30799 F DEBUG   :     #28 pc 000a1015  /system/lib/libart.so (art::ArtMethod::Invoke(art::Thread*, unsigned int*, unsigned int, art::JValue*, char const*)+136)
02-27 12:40:22.279 30799 30799 F DEBUG   :     #29 pc 00347f55  /system/lib/libart.so (art::(anonymous namespace)::InvokeWithArgArray(art::ScopedObjectAccessAlreadyRunnable const&, art::ArtMethod*, art::(anonymous namespace)::ArgArray*, art::JValue*, char const*)+52)
02-27 12:40:22.279 30799 30799 F DEBUG   :     #30 pc 00348cad  /system/lib/libart.so (art::InvokeVirtualOrInterfaceWithJValues(art::ScopedObjectAccessAlreadyRunnable const&, _jobject*, _jmethodID*, jvalue*)+320)
02-27 12:40:22.279 30799 30799 F DEBUG   :     #31 pc 0036a017  /system/lib/libart.so (art::Thread::CreateCallback(void*)+866)
02-27 12:40:22.280 30799 30799 F DEBUG   :     #32 pc 00072161  /system/lib/libc.so (__pthread_start(void*)+22)
